89.163.242.108 - - [04/Oct/2019:08:52:58 -0400] "GET /catalog/product_compare/add/product/410/uenc/aHR0cDovL3NhbWFrd2FzaS5jb20vY3VzY28vdG91cnMuaHRtbA,,/form_key/e34VphTMysOi8mpq/ HTTP/1.1" 302 - samakwasi.com "-" "Mozilla/5.0 (compatible; MJ12bot/v1.4.8; http://mj12bot.com/)" "-"
89.163.242.108 - - [04/Oct/2019:08:52:59 -0400] "GET /enable-cookies HTTP/1.1" 200 29034 samakwasi.com "-" "Mozilla/5.0 (compatible; MJ12bot/v1.4.8; http://mj12bot.com/)" "-"
158.69.243.138 - - [04/Oct/2019:08:52:59 -0400] "GET /enable-cookies HTTP/1.1" 200 29034 samakwasi.com "-" "Mozilla/5.0 (compatible; MJ12bot/v1.4.8; http://mj12bot.com/)" "-"
89.163.242.108 - - [04/Oct/2019:08:53:01 -0400] "GET /catalog/product_compare/add/product/411/uenc/aHR0cDovL3NhbWFrd2FzaS5jb20vY3VzY28vcGFxdWV0ZXMuaHRtbA,,/form_key/NYEQpvp46048YPEQ/ HTTP/1.1" 302 - samakwasi.com "-" "Mozilla/5.0 (compatible; MJ12bot/v1.4.8; http://mj12bot.com/)" "-"
192.99.14.130 - - [04/Oct/2019:08:53:03 -0400] "GET /enable-cookies HTTP/1.1" 200 29034 samakwasi.com "-" "Mozilla/5.0 (compatible; MJ12bot/v1.4.8; http://mj12bot.com/)" "-"
89.163.242.108 - - [04/Oct/2019:08:53:03 -0400] "GET /enable-cookies HTTP/1.1" 200 29034 samakwasi.com "-" "Mozilla/5.0 (compatible; MJ12bot/v1.4.8; http://mj12bot.com/)" "-"
78.57.145.234 - - [04/Oct/2019:08:53:04 -0400] "POST /index.php/admin/ HTTP/1.1" 200 3860 samakwasi.com "-" "Mozilla/5.0 (X11; Ubuntu; Linux x86_64; rv:62.0) Gecko/20100101 Firefox/62.0" "-"
89.163.242.108 - - [04/Oct/2019:08:53:04 -0400] "GET /catalog/product_compare/add/product/412/uenc/aHR0cDovL3NhbWFrd2FzaS5jb20vY3VzY28vcGFxdWV0ZXMuaHRtbA,,/form_key/NYEQpvp46048YPEQ/ HTTP/1.1" 302 - samakwasi.com "-" "Mozilla/5.0 (compatible; MJ12bot/v1.4.8; http://mj12bot.com/)" "-"
158.69.243.138 - - [04/Oct/2019:08:53:05 -0400] "GET /catalog/product_compare/add/product/889/uenc/aHR0cDovL3NhbWFrd2FzaS5jb20vY3VzY28vaG90ZWwuaHRtbA,,/form_key/F2V543SstwEHuhZu/ HTTP/1.1" 302 - samakwasi.com "-" "Mozilla/5.0 (compatible; MJ12bot/v1.4.8; http://mj12bot.com/)" "-"
89.163.242.108 - - [04/Oct/2019:08:53:06 -0400] "GET /enable-cookies HTTP/1.1" 200 29034 samakwasi.com "-" "Mozilla/5.0 (compatible; MJ12bot/v1.4.8; http://mj12bot.com/)" "-"
36.78.201.115 - - [04/Oct/2019:08:53:07 -0400] "POST /index.php/admin/ HTTP/1.1" 200 3860 samakwasi.com "-" "Mozilla/5.0 (X11; Ubuntu; Linux x86_64; rv:62.0) Gecko/20100101 Firefox/62.0" "-"
89.163.242.108 - - [04/Oct/2019:08:53:08 -0400] "GET /catalog/product_compare/add/product/412/uenc/aHR0cDovL3NhbWFrd2FzaS5jb20vb2ZlcnRhcy5odG1s/form_key/Fuwwr6tpkGgGkVnX/ HTTP/1.1" 302 - samakwasi.com "-" "Mozilla/5.0 (compatible; MJ12bot/v1.4.8; http://mj12bot.com/)" "-"
89.163.242.108 - - [04/Oct/2019:08:53:09 -0400] "GET /enable-cookies HTTP/1.1" 200 29034 samakwasi.com "-" "Mozilla/5.0 (compatible; MJ12bot/v1.4.8; http://mj12bot.com/)" "-"
158.69.243.138 - - [04/Oct/2019:08:53:11 -0400] "GET /enable-cookies HTTP/1.1" 200 29034 samakwasi.com "-" "Mozilla/5.0 (compatible; MJ12bot/v1.4.8; http://mj12bot.com/)" "-"
89.163.242.108 - - [04/Oct/2019:08:53:11 -0400] "GET /catalog/product_compare/add/product/412/uenc/aHR0cDovL3NhbWFrd2FzaS5jb20vb2ZlcnRhcy5odG1s/form_key/L2yjghknPKoDiUol/ HTTP/1.1" 302 - samakwasi.com "-" "Mozilla/5.0 (compatible; MJ12bot/v1.4.8; http://mj12bot.com/)" "-"
89.163.242.108 - - [04/Oct/2019:08:53:13 -0400] "GET /enable-cookies HTTP/1.1" 200 29034 samakwasi.com "-" "Mozilla/5.0 (compatible; MJ12bot/v1.4.8; http://mj12bot.com/)" "-"
89.163.242.108 - - [04/Oct/2019:08:53:14 -0400] "GET /catalog/product_compare/add/product/413/uenc/aHR0cDovL3NhbWFrd2FzaS5jb20vY3VzY28vcGFxdWV0ZXMuaHRtbA,,/form_key/NYEQpvp46048YPEQ/ HTTP/1.1" 302 - samakwasi.com "-" "Mozilla/5.0 (compatible; MJ12bot/v1.4.8; http://mj12bot.com/)" "-"
89.163.242.108 - - [04/Oct/2019:08:53:16 -0400] "GET /enable-cookies HTTP/1.1" 200 29034 samakwasi.com "-" "Mozilla/5.0 (compatible; MJ12bot/v1.4.8; http://mj12bot.com/)" "-"
158.69.243.138 - - [04/Oct/2019:08:53:17 -0400] "GET /catalog/product_compare/add/product/889/uenc/aHR0cDovL3NhbWFrd2FzaS5jb20vY3VzY28vcGFxdWV0ZXMuaHRtbA,,/form_key/NYEQpvp46048YPEQ/ HTTP/1.1" 302 - samakwasi.com "-" "Mozilla/5.0 (compatible; MJ12bot/v1.4.8; http://mj12bot.com/)" "-"
89.163.242.108 - - [04/Oct/2019:08:53:18 -0400] "GET /catalog/product_compare/add/product/417/uenc/aHR0cDovL3NhbWFrd2FzaS5jb20vdGFyYXBvdG8vdG91cnMuaHRtbA,,/form_key/zxReZmeOcI10vQm1/ HTTP/1.1" 302 - samakwasi.com "-" "Mozilla/5.0 (compatible; MJ12bot/v1.4.8; http://mj12bot.com/)" "-"
192.99.14.130 - - [04/Oct/2019:08:53:19 -0400] "GET /catalog/product_compare/add/product/439/uenc/aHR0cDovL3NhbWFrd2FzaS5jb20vY2hhY2hhcG95YXMvYmFncy1sdWdnYWdlLmh0bWw,/form_key/Dto7xhiG6QwlAL0a/ HTTP/1.1" 302 - samakwasi.com "-" "Mozilla/5.0 (compatible; MJ12bot/v1.4.8; http://mj12bot.com/)" "-"
89.163.242.108 - - [04/Oct/2019:08:53:19 -0400] "GET /enable-cookies HTTP/1.1" 200 29034 samakwasi.com "-" "Mozilla/5.0 (compatible; MJ12bot/v1.4.8; http://mj12bot.com/)" "-"
2402:800:6114:36a5:2134:ed41:e385:9fed - - [04/Oct/2019:08:53:20 -0400] "POST /admin/ HTTP/1.1" 200 3860 samakwasi.com "-" "Mozilla/5.0 (X11; Ubuntu; Linux x86_64; rv:62.0) Gecko/20100101 Firefox/62.0" "-"
89.163.242.108 - - [04/Oct/2019:08:53:21 -0400] "GET /catalog/product_compare/add/product/418/uenc/aHR0cDovL3NhbWFrd2FzaS5jb20vdG9yaS10YW5rLTU3Ni5odG1s/form_key/GxjgXP1tj3ZTvapk/ HTTP/1.1" 302 - samakwasi.com "-" "Mozilla/5.0 (compatible; MJ12bot/v1.4.8; http://mj12bot.com/)" "-"
89.163.242.108 - - [04/Oct/2019:08:53:23 -0400] "GET /enable-cookies HTTP/1.1" 200 29034 samakwasi.com "-" "Mozilla/5.0 (compatible; MJ12bot/v1.4.8; http://mj12bot.com/)" "-"
158.69.243.138 - - [04/Oct/2019:08:53:23 -0400] "GET /enable-cookies HTTP/1.1" 200 29034 samakwasi.com "-" "Mozilla/5.0 (compatible; MJ12bot/v1.4.8; http://mj12bot.com/)" "-"
89.163.242.108 - - [04/Oct/2019:08:53:24 -0400] "GET /catalog/product_compare/add/product/418/uenc/aHR0cDovL3NhbWFrd2FzaS5jb20vdGFyYXBvdG8vaG90ZWwuaHRtbA,,/form_key/ZX29HgfNXW9G9VAr/ HTTP/1.1" 302 - samakwasi.com "-" "Mozilla/5.0 (compatible; MJ12bot/v1.4.8; http://mj12bot.com/)" "-"
89.163.242.108 - - [04/Oct/2019:08:53:26 -0400] "GET /enable-cookies HTTP/1.1" 200 29034 samakwasi.com "-" "Mozilla/5.0 (compatible; MJ12bot/v1.4.8; http://mj12bot.com/)" "-"
89.163.242.108 - - [04/Oct/2019:08:53:28 -0400] "GET /catalog/product_compare/add/product/418/uenc/aHR0cDovL3NhbWFrd2FzaS5jb20vdGFyYXBvdG8vdG91cnMuaHRtbA,,/form_key/zxReZmeOcI10vQm1/ HTTP/1.1" 302 - samakwasi.com "-" "Mozilla/5.0 (compatible; MJ12bot/v1.4.8; http://mj12bot.com/)" "-"
158.69.243.138 - - [04/Oct/2019:08:53:29 -0400] "GET /catalog/product_compare/add/product/889/uenc/aHR0cDovL3NhbWFrd2FzaS5jb20vY3VzY28vdG91cnMuaHRtbA,,/form_key/e34VphTMysOi8mpq/ HTTP/1.1" 302 - samakwasi.com "-" "Mozilla/5.0 (compatible; MJ12bot/v1.4.8; http://mj12bot.com/)" "-"
89.163.242.108 - - [04/Oct/2019:08:53:29 -0400] "GET /enable-cookies HTTP/1.1" 200 29034 samakwasi.com "-" "Mozilla/5.0 (compatible; MJ12bot/v1.4.8; http://mj12bot.com/)" "-"
89.163.242.108 - - [04/Oct/2019:08:53:31 -0400] "GET /catalog/product_compare/add/product/419/uenc/aHR0cDovL3NhbWFrd2FzaS5jb20vdGFyYXBvdG8vdG91cnMuaHRtbA,,/form_key/zxReZmeOcI10vQm1/ HTTP/1.1" 302 - samakwasi.com "-" "Mozilla/5.0 (compatible; MJ12bot/v1.4.8; http://mj12bot.com/)" "-"
192.99.14.130 - - [04/Oct/2019:08:53:32 -0400] "GET /enable-cookies HTTP/1.1" 200 29034 samakwasi.com "-" "Mozilla/5.0 (compatible; MJ12bot/v1.4.8; http://mj12bot.com/)" "-"
89.163.242.108 - - [04/Oct/2019:08:53:33 -0400] "GET /enable-cookies HTTP/1.1" 200 29034 samakwasi.com "-" "Mozilla/5.0 (compatible; MJ12bot/v1.4.8; http://mj12bot.com/)" "-"
158.69.243.138 - - [04/Oct/2019:08:53:33 -0400] "GET /enable-cookies HTTP/1.1" 200 29034 samakwasi.com "-" "Mozilla/5.0 (compatible; MJ12bot/v1.4.8; http://mj12bot.com/)" "-"
89.163.242.108 - - [04/Oct/2019:08:53:35 -0400] "GET /catalog/product_compare/add/product/420/uenc/aHR0cDovL3NhbWFrd2FzaS5jb20vdGFyYXBvdG8vdG91cnMuaHRtbA,,/form_key/zxReZmeOcI10vQm1/ HTTP/1.1" 302 - samakwasi.com "-" "Mozilla/5.0 (compatible; MJ12bot/v1.4.8; http://mj12bot.com/)" "-"
89.163.242.108 - - [04/Oct/2019:08:53:36 -0400] "GET /enable-cookies HTTP/1.1" 200 29034 samakwasi.com "-" "Mozilla/5.0 (compatible; MJ12bot/v1.4.8; http://mj12bot.com/)" "-"
158.69.243.138 - - [04/Oct/2019:08:53:37 -0400] "GET /catalog/seo_sitemap/product/ HTTP/1.1" 200 31160 samakwasi.com "-" "Mozilla/5.0 (compatible; MJ12bot/v1.4.8; http://mj12bot.com/)" "-"
2402:800:6114:36a5:2134:ed41:e385:9fed - - [04/Oct/2019:08:53:38 -0400] "POST /index.php/admin/ HTTP/1.1" 200 3860 samakwasi.com "-" "Mozilla/5.0 (X11; Ubuntu; Linux x86_64; rv:62.0) Gecko/20100101 Firefox/62.0" "-"
89.163.242.108 - - [04/Oct/2019:08:53:38 -0400] "GET /catalog/product_compare/add/product/421/uenc/aHR0cDovL3NhbWFrd2FzaS5jb20vZWxpemFiZXRoLWtuaXQtdG9wLTU4Mi5odG1s/form_key/HrBL4SHkieFbSp7U/ HTTP/1.1" 302 - samakwasi.com "-" "Mozilla/5.0 (compatible; MJ12bot/v1.4.8; http://mj12bot.com/)" "-"
89.163.242.108 - - [04/Oct/2019:08:53:40 -0400] "GET /enable-cookies HTTP/1.1" 200 29034 samakwasi.com "-" "Mozilla/5.0 (compatible; MJ12bot/v1.4.8; http://mj12bot.com/)" "-"
89.163.242.108 - - [04/Oct/2019:08:53:41 -0400] "GET /catalog/product_compare/add/product/421/uenc/aHR0cDovL3NhbWFrd2FzaS5jb20vdGFyYXBvdG8vaG90ZWwuaHRtbA,,/form_key/ZX29HgfNXW9G9VAr/ HTTP/1.1" 302 - samakwasi.com "-" "Mozilla/5.0 (compatible; MJ12bot/v1.4.8; http://mj12bot.com/)" "-"
158.69.243.138 - - [04/Oct/2019:08:53:42 -0400] "GET /catalogsearch/result/?q=24%22%20Pearl%20Strand%20Necklace HTTP/1.1" 200 50846 samakwasi.com "-" "Mozilla/5.0 (compatible; MJ12bot/v1.4.8; http://mj12bot.com/)" "-"
89.163.242.108 - - [04/Oct/2019:08:53:43 -0400] "GET /enable-cookies HTTP/1.1" 200 29034 samakwasi.com "-" "Mozilla/5.0 (compatible; MJ12bot/v1.4.8; http://mj12bot.com/)" "-"
89.163.242.108 - - [04/Oct/2019:08:53:45 -0400] "GET /catalog/product_compare/add/product/421/uenc/aHR0cDovL3NhbWFrd2FzaS5jb20vdGFyYXBvdG8vdG91cnMuaHRtbA,,/form_key/zxReZmeOcI10vQm1/ HTTP/1.1" 302 - samakwasi.com "-" "Mozilla/5.0 (compatible; MJ12bot/v1.4.8; http://mj12bot.com/)" "-"
192.99.14.130 - - [04/Oct/2019:08:53:46 -0400] "GET /catalog/product_compare/add/product/439/uenc/aHR0cDovL3NhbWFrd2FzaS5jb20vY2hhY2hhcG95YXMvYmFncy1sdWdnYWdlLmh0bWw,/form_key/TKGLUBCQrI1zEjIR/ HTTP/1.1" 302 - samakwasi.com "-" "Mozilla/5.0 (compatible; MJ12bot/v1.4.8; http://mj12bot.com/)" "-"
89.163.242.108 - - [04/Oct/2019:08:53:46 -0400] "GET /enable-cookies HTTP/1.1" 200 29034 samakwasi.com "-" "Mozilla/5.0 (compatible; MJ12bot/v1.4.8; http://mj12bot.com/)" "-"
89.163.242.108 - - [04/Oct/2019:08:53:48 -0400] "GET /catalog/product_compare/add/product/423/uenc/aHR0cDovL3NhbWFrd2FzaS5jb20vaWNhLmh0bWw,/form_key/X2j9irjUVmlQe47k/ HTTP/1.1" 302 - samakwasi.com "-" "Mozilla/5.0 (compatible; MJ12bot/v1.4.8; http://mj12bot.com/)" "-"
158.69.243.138 - - [04/Oct/2019:08:53:49 -0400] "GET /catalogsearch/result/?q=5-Year%20Warranty HTTP/1.1" 200 41206 samakwasi.com "-" "Mozilla/5.0 (compatible; MJ12bot/v1.4.8; http://mj12bot.com/)" "-"
89.163.242.108 - - [04/Oct/2019:08:53:50 -0400] "GET /enable-cookies HTTP/1.1" 200 29034 samakwasi.com "-" "Mozilla/5.0 (compatible; MJ12bot/v1.4.8; http://mj12bot.com/)" "-"
89.163.242.108 - - [04/Oct/2019:08:53:51 -0400] "GET /catalog/product_compare/add/product/425/uenc/aHR0cDovL3NhbWFrd2FzaS5jb20vbGFmYXlldHRlLWNvbnZlcnRpYmxlLWRyZXNzLmh0bWw,/form_key/xXSLnGLB3vkXwNlh/ HTTP/1.1" 302 - samakwasi.com "-" "Mozilla/5.0 (compatible; MJ12bot/v1.4.8; http://mj12bot.com/)" "-"
89.163.242.108 - - [04/Oct/2019:08:53:53 -0400] "GET /enable-cookies HTTP/1.1" 200 29034 samakwasi.com "-" "Mozilla/5.0 (compatible; MJ12bot/v1.4.8; http://mj12bot.com/)" "-"
89.163.242.108 - - [04/Oct/2019:08:53:55 -0400] "GET /catalog/product_compare/add/product/425/uenc/aHR0cDovL3NhbWFrd2FzaS5jb20vdGFyYXBvdG8vaG90ZWwuaHRtbA,,/form_key/ZX29HgfNXW9G9VAr/ HTTP/1.1" 302 - samakwasi.com "-" "Mozilla/5.0 (compatible; MJ12bot/v1.4.8; http://mj12bot.com/)" "-"
158.69.243.138 - - [04/Oct/2019:08:53:56 -0400] "GET /catalogsearch/result/?q=Black%20Nolita%20Cami%20Product HTTP/1.1" 200 64237 samakwasi.com "-" "Mozilla/5.0 (compatible; MJ12bot/v1.4.8; http://mj12bot.com/)" "-"
89.163.242.108 - - [04/Oct/2019:08:53:56 -0400] "GET /enable-cookies HTTP/1.1" 200 29034 samakwasi.com "-" "Mozilla/5.0 (compatible; MJ12bot/v1.4.8; http://mj12bot.com/)" "-"
89.163.242.108 - - [04/Oct/2019:08:53:58 -0400] "GET /catalog/product_compare/add/product/426/uenc/aHR0cDovL3NhbWFrd2FzaS5jb20vdGFyYXBvdG8vcGFxdWV0ZXMuaHRtbA,,/form_key/IgnZTo09cnxooa4b/ HTTP/1.1" 302 - samakwasi.com "-" "Mozilla/5.0 (compatible; MJ12bot/v1.4.8; http://mj12bot.com/)" "-"
192.99.14.130 - - [04/Oct/2019:08:53:59 -0400] "GET /enable-cookies HTTP/1.1" 200 29034 samakwasi.com "-" "Mozilla/5.0 (compatible; MJ12bot/v1.4.8; http://mj12bot.com/)" "-"
89.163.242.108 - - [04/Oct/2019:08:54:00 -0400] "GET /enable-cookies HTTP/1.1" 200 29034 samakwasi.com "-" "Mozilla/5.0 (compatible; MJ12bot/v1.4.8; http://mj12bot.com/)" "-"
89.163.242.108 - - [04/Oct/2019:08:54:01 -0400] "GET /catalog/product_compare/add/product/427/uenc/aHR0cDovL3NhbWFrd2FzaS5jb20vb2ZlcnRhcy5odG1s/form_key/Fuwwr6tpkGgGkVnX/ HTTP/1.1" 302 - samakwasi.com "-" "Mozilla/5.0 (compatible; MJ12bot/v1.4.8; http://mj12bot.com/)" "-"
158.69.243.138 - - [04/Oct/2019:08:54:02 -0400] "GET /catalogsearch/result/?q=Camera%20Travel%20Set HTTP/1.1" 200 63651 samakwasi.com "-" "Mozilla/5.0 (compatible; MJ12bot/v1.4.8; http://mj12bot.com/)" "-"
89.163.242.108 - - [04/Oct/2019:08:54:03 -0400] "GET /enable-cookies HTTP/1.1" 200 29034 samakwasi.com "-" "Mozilla/5.0 (compatible; MJ12bot/v1.4.8; http://mj12bot.com/)" "-"
89.163.242.108 - - [04/Oct/2019:08:54:05 -0400] "GET /catalog/product_compare/add/product/427/uenc/aHR0cDovL3NhbWFrd2FzaS5jb20vb2ZlcnRhcy5odG1s/form_key/L2yjghknPKoDiUol/ HTTP/1.1" 302 - samakwasi.com "-" "Mozilla/5.0 (compatible; MJ12bot/v1.4.8; http://mj12bot.com/)" "-"
158.69.243.138 - - [04/Oct/2019:08:54:06 -0400] "GET /catalogsearch/result/?q=Chelsea%20tee HTTP/1.1" 200 56525 samakwasi.com "-" "Mozilla/5.0 (compatible; MJ12bot/v1.4.8; http://mj12bot.com/)" "-"
89.163.242.108 - - [04/Oct/2019:08:54:06 -0400] "GET /enable-cookies HTTP/1.1" 200 29034 samakwasi.com "-" "Mozilla/5.0 (compatible; MJ12bot/v1.4.8; http://mj12bot.com/)" "-"
89.163.242.108 - - [04/Oct/2019:08:54:08 -0400] "GET /catalog/product_compare/add/product/427/uenc/aHR0cDovL3NhbWFrd2FzaS5jb20vdGFyYXBvdG8vcGFxdWV0ZXMuaHRtbA,,/form_key/IgnZTo09cnxooa4b/ HTTP/1.1" 302 - samakwasi.com "-" "Mozilla/5.0 (compatible; MJ12bot/v1.4.8; http://mj12bot.com/)" "-"
89.163.242.108 - - [04/Oct/2019:08:54:10 -0400] "GET /enable-cookies HTTP/1.1" 200 29034 samakwasi.com "-" "Mozilla/5.0 (compatible; MJ12bot/v1.4.8; http://mj12bot.com/)" "-"
192.99.14.130 - - [04/Oct/2019:08:54:11 -0400] "GET /catalog/product_compare/add/product/448/uenc/aHR0cDovL3NhbWFrd2FzaS5jb20vb2ZlcnRhcy5odG1s/form_key/Fuwwr6tpkGgGkVnX/ HTTP/1.1" 302 - samakwasi.com "-" "Mozilla/5.0 (compatible; MJ12bot/v1.4.8; http://mj12bot.com/)" "-"
158.69.243.138 - - [04/Oct/2019:08:54:11 -0400] "GET /catalogsearch/result/?q=Ellis%20Flat HTTP/1.1" 200 52391 samakwasi.com "-" "Mozilla/5.0 (compatible; MJ12bot/v1.4.8; http://mj12bot.com/)" "-"
89.163.242.108 - - [04/Oct/2019:08:54:11 -0400] "GET /catalog/product_compare/add/product/428/uenc/aHR0cDovL3NhbWFrd2FzaS5jb20vdGFyYXBvdG8vcGFxdWV0ZXMuaHRtbA,,/form_key/IgnZTo09cnxooa4b/ HTTP/1.1" 302 - samakwasi.com "-" "Mozilla/5.0 (compatible; MJ12bot/v1.4.8; http://mj12bot.com/)" "-"
89.163.242.108 - - [04/Oct/2019:08:54:13 -0400] "GET /enable-cookies HTTP/1.1" 200 29034 samakwasi.com "-" "Mozilla/5.0 (compatible; MJ12bot/v1.4.8; http://mj12bot.com/)" "-"
89.163.242.108 - - [04/Oct/2019:08:54:15 -0400] "GET /catalog/product_compare/add/product/430/uenc/aHR0cDovL3NhbWFrd2FzaS5jb20vY2hhY2hhcG95YXMvcGFxdWV0ZXMuaHRtbA,,/form_key/hoi4WixCaFVFTFRZ/ HTTP/1.1" 302 - samakwasi.com "-" "Mozilla/5.0 (compatible; MJ12bot/v1.4.8; http://mj12bot.com/)" "-"
158.69.243.138 - - [04/Oct/2019:08:54:15 -0400] "GET /catalogsearch/result/?q=Espresso%20Cup%20-%20%20Block%203clm HTTP/1.1" 200 65857 samakwasi.com "-" "Mozilla/5.0 (compatible; MJ12bot/v1.4.8; http://mj12bot.com/)" "-"
89.163.242.108 - - [04/Oct/2019:08:54:16 -0400] "GET /enable-cookies HTTP/1.1" 200 29034 samakwasi.com "-" "Mozilla/5.0 (compatible; MJ12bot/v1.4.8; http://mj12bot.com/)" "-"
89.163.242.108 - - [04/Oct/2019:08:54:18 -0400] "GET /catalog/product_compare/add/product/431/uenc/aHR0cDovL3NhbWFrd2FzaS5jb20vY2hhY2hhcG95YXMvcGFxdWV0ZXMuaHRtbA,,/form_key/hoi4WixCaFVFTFRZ/ HTTP/1.1" 302 - samakwasi.com "-" "Mozilla/5.0 (compatible; MJ12bot/v1.4.8; http://mj12bot.com/)" "-"
158.69.243.138 - - [04/Oct/2019:08:54:19 -0400] "GET /catalogsearch/result/?q=Goin%20Down%20to%20the%20Bus%20Stop%20by%20TBird HTTP/1.1" 200 67009 samakwasi.com "-" "Mozilla/5.0 (compatible; MJ12bot/v1.4.8; http://mj12bot.com/)" "-"
89.163.242.108 - - [04/Oct/2019:08:54:20 -0400] "GET /enable-cookies HTTP/1.1" 200 29034 samakwasi.com "-" "Mozilla/5.0 (compatible; MJ12bot/v1.4.8; http://mj12bot.com/)" "-"
158.69.243.138 - - [04/Oct/2019:08:54:25 -0400] "GET /catalogsearch/result/?q=MADISON%20RX3400 HTTP/1.1" 200 60424 samakwasi.com "-" "Mozilla/5.0 (compatible; MJ12bot/v1.4.8; http://mj12bot.com/)" "-"
192.99.14.130 - - [04/Oct/2019:08:54:26 -0400] "GET /enable-cookies HTTP/1.1" 200 29034 samakwasi.com "-" "Mozilla/5.0 (compatible; MJ12bot/v1.4.8; http://mj12bot.com/)" "-"
158.69.243.138 - - [04/Oct/2019:08:54:32 -0400] "GET /catalogsearch/result/?q=Madison%20Island%20VIP%20Membership%20-%201%20Year HTTP/1.1" 200 67170 samakwasi.com "-" "Mozilla/5.0 (compatible; MJ12bot/v1.4.8; http://mj12bot.com/)" "-"
158.69.243.138 - - [04/Oct/2019:08:54:37 -0400] "GET /catalogsearch/result/?q=Paquete HTTP/1.1" 200 44966 samakwasi.com "-" "Mozilla/5.0 (compatible; MJ12bot/v1.4.8; http://mj12bot.com/)" "-"
158.69.243.138 - - [04/Oct/2019:08:54:40 -0400] "GET /catalogsearch/result/?q=Paquete%20Cusco%205%20d%C3%ADas/4%20noches HTTP/1.1" 200 66095 samakwasi.com "-" "Mozilla/5.0 (compatible; MJ12bot/v1.4.8; http://mj12bot.com/)" "-"
192.99.14.130 - - [04/Oct/2019:08:54:41 -0400] "GET /catalog/product_compare/add/product/448/uenc/aHR0cDovL3NhbWFrd2FzaS5jb20vb2ZlcnRhcy5odG1s/form_key/L2yjghknPKoDiUol/ HTTP/1.1" 302 - samakwasi.com "-" "Mozilla/5.0 (compatible; MJ12bot/v1.4.8; http://mj12bot.com/)" "-"
158.69.243.138 - - [04/Oct/2019:08:54:44 -0400] "GET /catalogsearch/result/?q=Pearl%20Necklace%20Set HTTP/1.1" 200 65487 samakwasi.com "-" "Mozilla/5.0 (compatible; MJ12bot/v1.4.8; http://mj12bot.com/)" "-"
158.69.243.138 - - [04/Oct/2019:08:54:46 -0400] "GET /catalogsearch/result/?q=Pearl%20Strand%20Necklace HTTP/1.1" 200 50584 samakwasi.com "-" "Mozilla/5.0 (compatible; MJ12bot/v1.4.8; http://mj12bot.com/)" "-"
158.69.243.138 - - [04/Oct/2019:08:54:49 -0400] "GET /catalogsearch/result/?q=Pillow%20and%20Throw%20Set HTTP/1.1" 200 65646 samakwasi.com "-" "Mozilla/5.0 (compatible; MJ12bot/v1.4.8; http://mj12bot.com/)" "-"
158.69.243.138 - - [04/Oct/2019:08:54:52 -0400] "GET /catalogsearch/result/?q=Pleated%20Layer%20Top HTTP/1.1" 200 62544 samakwasi.com "-" "Mozilla/5.0 (compatible; MJ12bot/v1.4.8; http://mj12bot.com/)" "-"
192.99.14.130 - - [04/Oct/2019:08:54:57 -0400] "GET /enable-cookies HTTP/1.1" 200 29034 samakwasi.com "-" "Mozilla/5.0 (compatible; MJ12bot/v1.4.8; http://mj12bot.com/)" "-"
158.69.243.138 - - [04/Oct/2019:08:54:57 -0400] "GET /catalogsearch/result/?q=Portable%20media%20Player HTTP/1.1" 200 39670 samakwasi.com "-" "Mozilla/5.0 (compatible; MJ12bot/v1.4.8; http://mj12bot.com/)" "-"
158.69.243.138 - - [04/Oct/2019:08:55:01 -0400] "GET /catalogsearch/result/?q=Studio%20Dress%20Shoe HTTP/1.1" 200 51887 samakwasi.com "-" "Mozilla/5.0 (compatible; MJ12bot/v1.4.8; http://mj12bot.com/)" "-"
78.57.145.234 - - [04/Oct/2019:08:55:03 -0400] "POST /index.php/admin/ HTTP/1.1" 200 3860 samakwasi.com "-" "Mozilla/5.0 (X11; Ubuntu; Linux x86_64; rv:62.0) Gecko/20100101 Firefox/62.0" "-"
158.69.243.138 - - [04/Oct/2019:08:55:07 -0400] "GET /catalogsearch/result/?q=audio HTTP/1.1" 200 47328 samakwasi.com "-" "Mozilla/5.0 (compatible; MJ12bot/v1.4.8; http://mj12bot.com/)" "-"
192.99.14.130 - - [04/Oct/2019:08:55:11 -0400] "GET /catalog/product_compare/add/product/456/uenc/aHR0cDovL3NhbWFrd2FzaS5jb20vY3VzY28vaG90ZWwuaHRtbA,,/form_key/F2V543SstwEHuhZu/ HTTP/1.1" 302 - samakwasi.com "-" "Mozilla/5.0 (compatible; MJ12bot/v1.4.8; http://mj12bot.com/)" "-"
188.65.221.222 - - [04/Oct/2019:08:55:11 -0400] "POST /downloader/index.php HTTP/1.1" 200 2906 samakwasi.com "-" "Mozilla/5.0 (Windows NT 6.1; Win64; x64) AppleWebKit/537.36 (KHTML, like Gecko) Chrome/73.0.3683.103 Safari/537.36" "-"
158.69.243.138 - - [04/Oct/2019:08:55:12 -0400] "GET /catalogsearch/result/?q=bag HTTP/1.1" 200 55492 samakwasi.com "-" "Mozilla/5.0 (compatible; MJ12bot/v1.4.8; http://mj12bot.com/)" "-"
49.205.141.226 - - [04/Oct/2019:08:55:15 -0400] "POST /index.php/admin/ HTTP/1.1" 200 3860 samakwasi.com "-" "Mozilla/5.0 (X11; Ubuntu; Linux x86_64; rv:62.0) Gecko/20100101 Firefox/62.0" "-"
158.69.243.138 - - [04/Oct/2019:08:55:16 -0400] "GET /catalogsearch/result/?q=broadway%20pump HTTP/1.1" 200 40879 samakwasi.com "-" "Mozilla/5.0 (compatible; MJ12bot/v1.4.8; http://mj12bot.com/)" "-"
158.69.243.138 - - [04/Oct/2019:08:55:19 -0400] "GET /catalogsearch/result/?q=chelsea HTTP/1.1" 200 40641 samakwasi.com "-" "Mozilla/5.0 (compatible; MJ12bot/v1.4.8; http://mj12bot.com/)" "-"
158.69.243.138 - - [04/Oct/2019:08:55:23 -0400] "GET /catalogsearch/result/?q=classic HTTP/1.1" 200 63142 samakwasi.com "-" "Mozilla/5.0 (compatible; MJ12bot/v1.4.8; http://mj12bot.com/)" "-"
158.69.243.138 - - [04/Oct/2019:08:55:27 -0400] "GET /catalogsearch/result/?q=coat HTTP/1.1" 200 36054 samakwasi.com "-" "Mozilla/5.0 (compatible; MJ12bot/v1.4.8; http://mj12bot.com/)" "-"
192.99.14.130 - - [04/Oct/2019:08:55:29 -0400] "GET /enable-cookies HTTP/1.1" 200 29034 samakwasi.com "-" "Mozilla/5.0 (compatible; MJ12bot/v1.4.8; http://mj12bot.com/)" "-"
158.69.243.138 - - [04/Oct/2019:08:55:32 -0400] "GET /catalogsearch/result/?q=cusco HTTP/1.1" 200 44892 samakwasi.com "-" "Mozilla/5.0 (compatible; MJ12bot/v1.4.8; http://mj12bot.com/)" "-"
161.0.246.12 - - [04/Oct/2019:08:55:34 -0400] "POST /admin/ HTTP/1.1" 200 3860 samakwasi.com "-" "Mozilla/5.0 (X11; Ubuntu; Linux x86_64; rv:62.0) Gecko/20100101 Firefox/62.0" "-"
158.69.243.138 - - [04/Oct/2019:08:55:36 -0400] "GET /catalogsearch/result/?q=elizabeth HTTP/1.1" 200 36183 samakwasi.com "-" "Mozilla/5.0 (compatible; MJ12bot/v1.4.8; http://mj12bot.com/)" "-"
158.69.243.138 - - [04/Oct/2019:08:55:39 -0400] "GET /catalogsearch/result/?q=git%20card HTTP/1.1" 200 53785 samakwasi.com "-" "Mozilla/5.0 (compatible; MJ12bot/v1.4.8; http://mj12bot.com/)" "-"
158.69.243.138 - - [04/Oct/2019:08:55:42 -0400] "GET /catalogsearch/result/?q=luggage%20set HTTP/1.1" 200 63421 samakwasi.com "-" "Mozilla/5.0 (compatible; MJ12bot/v1.4.8; http://mj12bot.com/)" "-"
192.99.14.130 - - [04/Oct/2019:08:55:43 -0400] "GET /catalog/product_compare/add/product/549/uenc/aHR0cDovL3NhbWFrd2FzaS5jb20vY2hhY2hhcG95YXMvdG91cnMuaHRtbA,,/form_key/vqN6sAYoa1yRIpyp/ HTTP/1.1" 302 - samakwasi.com "-" "Mozilla/5.0 (compatible; MJ12bot/v1.4.8; http://mj12bot.com/)" "-"
158.69.243.138 - - [04/Oct/2019:08:55:46 -0400] "GET /catalogsearch/result/?q=men HTTP/1.1" 200 64210 samakwasi.com "-" "Mozilla/5.0 (compatible; MJ12bot/v1.4.8; http://mj12bot.com/)" "-"
158.69.243.138 - - [04/Oct/2019:08:55:52 -0400] "GET /catalogsearch/result/?q=modern HTTP/1.1" 200 55642 samakwasi.com "-" "Mozilla/5.0 (compatible; MJ12bot/v1.4.8; http://mj12bot.com/)" "-"
192.99.14.130 - - [04/Oct/2019:08:55:58 -0400] "GET /enable-cookies HTTP/1.1" 200 29034 samakwasi.com "-" "Mozilla/5.0 (compatible; MJ12bot/v1.4.8; http://mj12bot.com/)" "-"
158.69.243.138 - - [04/Oct/2019:08:55:59 -0400] "GET /catalogsearch/result/?q=nolita HTTP/1.1" 200 42678 samakwasi.com "-" "Mozilla/5.0 (compatible; MJ12bot/v1.4.8; http://mj12bot.com/)" "-"
220.152.115.226 - - [04/Oct/2019:08:56:02 -0400] "POST /admin/ HTTP/1.1" 200 3860 samakwasi.com "-" "Mozilla/5.0 (X11; Ubuntu; Linux x86_64; rv:62.0) Gecko/20100101 Firefox/62.0" "-"
158.69.243.138 - - [04/Oct/2019:08:56:06 -0400] "GET /catalogsearch/result/?q=ring HTTP/1.1" 200 63916 samakwasi.com "-" "Mozilla/5.0 (compatible; MJ12bot/v1.4.8; http://mj12bot.com/)" "-"
158.69.243.138 - - [04/Oct/2019:08:56:09 -0400] "GET /catalogsearch/result/?q=shirt HTTP/1.1" 200 43469 samakwasi.com "-" "Mozilla/5.0 (compatible; MJ12bot/v1.4.8; http://mj12bot.com/)" "-"
158.69.243.138 - - [04/Oct/2019:08:56:13 -0400] "GET /catalogsearch/result/?q=te HTTP/1.1" 200 64692 samakwasi.com "-" "Mozilla/5.0 (compatible; MJ12bot/v1.4.8; http://mj12bot.com/)" "-"
192.99.14.130 - - [04/Oct/2019:08:56:13 -0400] "GET /catalog/product_compare/add/product/551/uenc/aHR0cDovL3NhbWFrd2FzaS5jb20vY2hhY2hhcG95YXMvdG91cnMuaHRtbA,,/form_key/vqN6sAYoa1yRIpyp/ HTTP/1.1" 302 - samakwasi.com "-" "Mozilla/5.0 (compatible; MJ12bot/v1.4.8; http://mj12bot.com/)" "-"
212.8.246.106 - - [04/Oct/2019:08:56:19 -0400] "POST /downloader/index.php HTTP/1.1" 200 2906 samakwasi.com "-" "Mozilla/5.0 (Windows NT 6.1; Win64; x64) AppleWebKit/537.36 (KHTML, like Gecko) Chrome/73.0.3683.103 Safari/537.36" "-"
158.69.243.138 - - [04/Oct/2019:08:56:20 -0400] "GET /catalogsearch/result/?q=te%20Cusco%205%20d%C3%ADas/4%20noches HTTP/1.1" 200 66560 samakwasi.com "-" "Mozilla/5.0 (compatible; MJ12bot/v1.4.8; http://mj12bot.com/)" "-"
158.69.243.138 - - [04/Oct/2019:08:56:25 -0400] "GET /catalogsearch/result/?q=van%20cleef HTTP/1.1" 200 45187 samakwasi.com "-" "Mozilla/5.0 (compatible; MJ12bot/v1.4.8; http://mj12bot.com/)" "-"
192.99.14.130 - - [04/Oct/2019:08:56:25 -0400] "GET /enable-cookies HTTP/1.1" 200 29034 samakwasi.com "-" "Mozilla/5.0 (compatible; MJ12bot/v1.4.8; http://mj12bot.com/)" "-"
158.69.243.138 - - [04/Oct/2019:08:56:29 -0400] "GET /catalogsearch/result/?q=vase HTTP/1.1" 200 40964 samakwasi.com "-" "Mozilla/5.0 (compatible; MJ12bot/v1.4.8; http://mj12bot.com/)" "-"
158.69.243.138 - - [04/Oct/2019:08:56:33 -0400] "GET /catalogsearch/result/?q=vase%20set HTTP/1.1" 200 62311 samakwasi.com "-" "Mozilla/5.0 (compatible; MJ12bot/v1.4.8; http://mj12bot.com/)" "-"
175.145.59.124 - - [04/Oct/2019:08:56:34 -0400] "POST /index.php/admin/ HTTP/1.1" 200 3860 samakwasi.com "-" "Mozilla/5.0 (X11; Ubuntu; Linux x86_64; rv:62.0) Gecko/20100101 Firefox/62.0" "-"
158.69.243.138 - - [04/Oct/2019:08:56:37 -0400] "GET /catalogsearch/result/?q=watch HTTP/1.1" 200 36722 samakwasi.com "-" "Mozilla/5.0 (compatible; MJ12bot/v1.4.8; http://mj12bot.com/)" "-"
192.99.14.130 - - [04/Oct/2019:08:56:40 -0400] "GET /catalog/product_compare/add/product/552/uenc/aHR0cDovL3NhbWFrd2FzaS5jb20vY2hhY2hhcG95YXMvdG91cnMuaHRtbA,,/form_key/vqN6sAYoa1yRIpyp/ HTTP/1.1" 302 - samakwasi.com "-" "Mozilla/5.0 (compatible; MJ12bot/v1.4.8; http://mj12bot.com/)" "-"
158.69.243.138 - - [04/Oct/2019:08:56:41 -0400] "GET /catalogsearch/result/?q=women HTTP/1.1" 200 36278 samakwasi.com "-" "Mozilla/5.0 (compatible; MJ12bot/v1.4.8; http://mj12bot.com/)" "-"
1.54.207.84 - - [04/Oct/2019:08:56:46 -0400] "POST /admin/ HTTP/1.1" 200 3860 samakwasi.com "-" "Mozilla/5.0 (X11; Ubuntu; Linux x86_64; rv:62.0) Gecko/20100101 Firefox/62.0" "-"
158.69.243.138 - - [04/Oct/2019:08:56:48 -0400] "GET /catalogsearch/result/?q=year HTTP/1.1" 200 40841 samakwasi.com "-" "Mozilla/5.0 (compatible; MJ12bot/v1.4.8; http://mj12bot.com/)" "-"
158.69.243.138 - - [04/Oct/2019:08:56:53 -0400] "GET /chachapoyas/bags-luggage.html?bag_luggage_type=153 HTTP/1.1" 200 38565 samakwasi.com "-" "Mozilla/5.0 (compatible; MJ12bot/v1.4.8; http://mj12bot.com/)" "-"
192.99.14.130 - - [04/Oct/2019:08:56:58 -0400] "GET /enable-cookies HTTP/1.1" 200 29034 samakwasi.com "-" "Mozilla/5.0 (compatible; MJ12bot/v1.4.8; http://mj12bot.com/)" "-"
158.69.243.138 - - [04/Oct/2019:08:56:58 -0400] "GET /chachapoyas/bags-luggage.html?bag_luggage_type=154 HTTP/1.1" 200 38872 samakwasi.com "-" "Mozilla/5.0 (compatible; MJ12bot/v1.4.8; http://mj12bot.com/)" "-"
158.69.243.138 - - [04/Oct/2019:08:57:03 -0400] "GET /chachapoyas/bags-luggage.html?bag_luggage_type=155 HTTP/1.1" 200 39299 samakwasi.com "-" "Mozilla/5.0 (compatible; MJ12bot/v1.4.8; http://mj12bot.com/)" "-"
192.99.14.130 - - [04/Oct/2019:08:57:08 -0400] "GET /catalog/product_compare/add/product/553/uenc/aHR0cDovL3NhbWFrd2FzaS5jb20vY2hhY2hhcG95YXMvdG91cnMuaHRtbA,,/form_key/vqN6sAYoa1yRIpyp/ HTTP/1.1" 302 - samakwasi.com "-" "Mozilla/5.0 (compatible; MJ12bot/v1.4.8; http://mj12bot.com/)" "-"
158.69.243.138 - - [04/Oct/2019:08:57:10 -0400] "GET /chachapoyas/bags-luggage.html?bag_luggage_type=156 HTTP/1.1" 200 43853 samakwasi.com "-" "Mozilla/5.0 (compatible; MJ12bot/v1.4.8; http://mj12bot.com/)" "-"
158.69.243.138 - - [04/Oct/2019:08:57:14 -0400] "GET /chachapoyas/bags-luggage.html?bag_luggage_type=157 HTTP/1.1" 200 39177 samakwasi.com "-" "Mozilla/5.0 (compatible; MJ12bot/v1.4.8; http://mj12bot.com/)" "-"
158.69.243.138 - - [04/Oct/2019:08:57:18 -0400] "GET /chachapoyas/bags-luggage.html?color=20 HTTP/1.1" 200 50987 samakwasi.com "-" "Mozilla/5.0 (compatible; MJ12bot/v1.4.8; http://mj12bot.com/)" "-"
192.99.14.130 - - [04/Oct/2019:08:57:19 -0400] "GET /enable-cookies HTTP/1.1" 200 29034 samakwasi.com "-" "Mozilla/5.0 (compatible; MJ12bot/v1.4.8; http://mj12bot.com/)" "-"
158.69.243.138 - - [04/Oct/2019:08:57:23 -0400] "GET /chachapoyas/bags-luggage.html?color=27 HTTP/1.1" 200 38542 samakwasi.com "-" "Mozilla/5.0 (compatible; MJ12bot/v1.4.8; http://mj12bot.com/)" "-"
158.69.243.138 - - [04/Oct/2019:08:57:28 -0400] "GET /chachapoyas/bags-luggage.html?dir=desc&order=position HTTP/1.1" 200 57067 samakwasi.com "-" "Mozilla/5.0 (compatible; MJ12bot/v1.4.8; http://mj12bot.com/)" "-"
220.152.115.226 - - [04/Oct/2019:08:57:29 -0400] "POST /admin/ HTTP/1.1" 200 3860 samakwasi.com "-" "Mozilla/5.0 (X11; Ubuntu; Linux x86_64; rv:62.0) Gecko/20100101 Firefox/62.0" "-"
192.99.14.130 - - [04/Oct/2019:08:57:31 -0400] "GET /catalog/product_compare/add/product/554/uenc/aHR0cDovL3NhbWFrd2FzaS5jb20vY2hhY2hhcG95YXMvdG91cnMuaHRtbA,,/form_key/vqN6sAYoa1yRIpyp/ HTTP/1.1" 302 - samakwasi.com "-" "Mozilla/5.0 (compatible; MJ12bot/v1.4.8; http://mj12bot.com/)" "-"
158.69.243.138 - - [04/Oct/2019:08:57:35 -0400] "GET /chachapoyas/bags-luggage.html?gender=220 HTTP/1.1" 200 46462 samakwasi.com "-" "Mozilla/5.0 (compatible; MJ12bot/v1.4.8; http://mj12bot.com/)" "-"
158.69.243.138 - - [04/Oct/2019:08:57:41 -0400] "GET /chachapoyas/bags-luggage.html?gender=93 HTTP/1.1" 200 39036 samakwasi.com "-" "Mozilla/5.0 (compatible; MJ12bot/v1.4.8; http://mj12bot.com/)" "-"
192.99.14.130 - - [04/Oct/2019:08:57:44 -0400] "GET /enable-cookies HTTP/1.1" 200 29034 samakwasi.com "-" "Mozilla/5.0 (compatible; MJ12bot/v1.4.8; http://mj12bot.com/)" "-"
158.69.243.138 - - [04/Oct/2019:08:57:50 -0400] "GET /chachapoyas/bags-luggage.html?gender=94 HTTP/1.1" 200 38930 samakwasi.com "-" "Mozilla/5.0 (compatible; MJ12bot/v1.4.8; http://mj12bot.com/)" "-"
2402:800:6114:36a5:2134:ed41:e385:9fed - - [04/Oct/2019:08:57:53 -0400] "POST /index.php/admin/ HTTP/1.1" 200 3860 samakwasi.com "-" "Mozilla/5.0 (X11; Ubuntu; Linux x86_64; rv:62.0) Gecko/20100101 Firefox/62.0" "-"
192.99.14.130 - - [04/Oct/2019:08:57:57 -0400] "GET /catalog/product_compare/add/product/555/uenc/aHR0cDovL3NhbWFrd2FzaS5jb20vY2hhY2hhcG95YXMvdG91cnMuaHRtbA,,/form_key/vqN6sAYoa1yRIpyp/ HTTP/1.1" 302 - samakwasi.com "-" "Mozilla/5.0 (compatible; MJ12bot/v1.4.8; http://mj12bot.com/)" "-"
158.69.243.138 - - [04/Oct/2019:08:58:00 -0400] "GET /chachapoyas/bags-luggage.html?material=130 HTTP/1.1" 200 43621 samakwasi.com "-" "Mozilla/5.0 (compatible; MJ12bot/v1.4.8; http://mj12bot.com/)" "-"
78.57.145.234 - - [04/Oct/2019:08:58:02 -0400] "POST /admin/ HTTP/1.1" 200 3860 samakwasi.com "-" "Mozilla/5.0 (X11; Ubuntu; Linux x86_64; rv:62.0) Gecko/20100101 Firefox/62.0" "-"
197.149.17.253 - - [04/Oct/2019:08:58:02 -0400] "POST /index.php/admin/ HTTP/1.1" 200 3860 samakwasi.com "-" "Mozilla/5.0 (X11; Ubuntu; Linux x86_64; rv:62.0) Gecko/20100101 Firefox/62.0" "-"
78.189.31.100 - - [04/Oct/2019:08:58:05 -0400] "POST /admin/ HTTP/1.1" 200 3860 samakwasi.com "-" "Mozilla/5.0 (X11; Ubuntu; Linux x86_64; rv:62.0) Gecko/20100101 Firefox/62.0" "-"
158.69.243.138 - - [04/Oct/2019:08:58:05 -0400] "GET /chachapoyas/bags-luggage.html?material=138 HTTP/1.1" 200 48922 samakwasi.com "-" "Mozilla/5.0 (compatible; MJ12bot/v1.4.8; http://mj12bot.com/)" "-"
2a01:4f8:c0c:2e14::2 - - [04/Oct/2019:08:58:16 -0400] "POST /downloader/index.php HTTP/1.1" 200 2906 samakwasi.com "-" "Mozilla/5.0 (Windows NT 6.1; Win64; x64) AppleWebKit/537.36 (KHTML, like Gecko) Chrome/73.0.3683.103 Safari/537.36" "-"
192.99.14.130 - - [04/Oct/2019:08:58:19 -0400] "GET /enable-cookies HTTP/1.1" 200 29034 samakwasi.com "-" "Mozilla/5.0 (compatible; MJ12bot/v1.4.8; http://mj12bot.com/)" "-"
158.69.243.138 - - [04/Oct/2019:08:58:19 -0400] "GET /chachapoyas/bags-luggage.html?mode=list HTTP/1.1" 200 61543 samakwasi.com "-" "Mozilla/5.0 (compatible; MJ12bot/v1.4.8; http://mj12bot.com/)" "-"
158.69.243.138 - - [04/Oct/2019:08:58:23 -0400] "GET /chachapoyas/bags-luggage.html?price=100-200 HTTP/1.1" 200 38689 samakwasi.com "-" "Mozilla/5.0 (compatible; MJ12bot/v1.4.8; http://mj12bot.com/)" "-"
158.69.243.138 - - [04/Oct/2019:08:58:27 -0400] "GET /chachapoyas/bags-luggage.html?price=200-300 HTTP/1.1" 200 42055 samakwasi.com "-" "Mozilla/5.0 (compatible; MJ12bot/v1.4.8; http://mj12bot.com/)" "-"
158.69.243.138 - - [04/Oct/2019:08:58:31 -0400] "GET /chachapoyas/bags-luggage.html?price=500-600 HTTP/1.1" 200 39116 samakwasi.com "-" "Mozilla/5.0 (compatible; MJ12bot/v1.4.8; http://mj12bot.com/)" "-"
192.99.14.130 - - [04/Oct/2019:08:58:33 -0400] "GET /catalog/product_compare/add/product/877/uenc/aHR0cDovL3NhbWFrd2FzaS5jb20vdGFyYXBvdG8vdG91cnMuaHRtbA,,/form_key/zxReZmeOcI10vQm1/ HTTP/1.1" 302 - samakwasi.com "-" "Mozilla/5.0 (compatible; MJ12bot/v1.4.8; http://mj12bot.com/)" "-"
158.69.243.138 - - [04/Oct/2019:08:58:35 -0400] "GET /chachapoyas/bags-luggage.html?price=600- HTTP/1.1" 200 43219 samakwasi.com "-" "Mozilla/5.0 (compatible; MJ12bot/v1.4.8; http://mj12bot.com/)" "-"
158.69.243.138 - - [04/Oct/2019:08:58:37 -0400] "GET /chachapoyas/bags-luggage/classic-hardshell-suitcase-436.html HTTP/1.1" 200 45037 samakwasi.com "-" "Mozilla/5.0 (compatible; MJ12bot/v1.4.8; http://mj12bot.com/)" "-"
158.69.243.138 - - [04/Oct/2019:08:58:41 -0400] "GET /chachapoyas/bags-luggage/flapover-briefcase.html HTTP/1.1" 200 54238 samakwasi.com "-" "Mozilla/5.0 (compatible; MJ12bot/v1.4.8; http://mj12bot.com/)" "-"
101.50.112.52 - - [04/Oct/2019:08:58:42 -0400] "POST /index.php/admin/ HTTP/1.1" 200 3860 samakwasi.com "-" "Mozilla/5.0 (X11; Ubuntu; Linux x86_64; rv:62.0) Gecko/20100101 Firefox/62.0" "-"
158.69.243.138 - - [04/Oct/2019:08:58:43 -0400] "GET /chachapoyas/bags-luggage/isla-crossbody-handbag.html HTTP/1.1" 200 57395 samakwasi.com "-" "Mozilla/5.0 (compatible; MJ12bot/v1.4.8; http://mj12bot.com/)" "-"
158.69.243.138 - - [04/Oct/2019:08:58:48 -0400] "GET /chachapoyas/bags-luggage/leather-tablet-sleeve.html HTTP/1.1" 200 37315 samakwasi.com "-" "Mozilla/5.0 (compatible; MJ12bot/v1.4.8; http://mj12bot.com/)" "-"
192.99.14.130 - - [04/Oct/2019:08:58:50 -0400] "GET /enable-cookies HTTP/1.1" 200 29034 samakwasi.com "-" "Mozilla/5.0 (compatible; MJ12bot/v1.4.8; http://mj12bot.com/)" "-"
158.69.243.138 - - [04/Oct/2019:08:58:54 -0400] "GET /chachapoyas/bags-luggage/luggage-set.html HTTP/1.1" 200 40072 samakwasi.com "-" "Mozilla/5.0 (compatible; MJ12bot/v1.4.8; http://mj12bot.com/)" "-"
158.69.243.138 - - [04/Oct/2019:08:59:00 -0400] "GET /chachapoyas/bags-luggage/roller-suitcase.html HTTP/1.1" 200 37289 samakwasi.com "-" "Mozilla/5.0 (compatible; MJ12bot/v1.4.8; http://mj12bot.com/)" "-"
158.69.243.138 - - [04/Oct/2019:08:59:05 -0400] "GET /chachapoyas/bags-luggage/rolls-travel-wallet.html HTTP/1.1" 200 46740 samakwasi.com "-" "Mozilla/5.0 (compatible; MJ12bot/v1.4.8; http://mj12bot.com/)" "-"
158.69.243.138 - - [04/Oct/2019:08:59:09 -0400] "GET /chachapoyas/hotel.html?color=15 HTTP/1.1" 200 38337 samakwasi.com "-" "Mozilla/5.0 (compatible; MJ12bot/v1.4.8; http://mj12bot.com/)" "-"
192.99.14.130 - - [04/Oct/2019:08:59:10 -0400] "GET /catalog/product_compare/add/product/888/uenc/aHR0cDovL3NhbWFrd2FzaS5jb20vY3VzY28vaG90ZWwuaHRtbA,,/form_key/F2V543SstwEHuhZu/ HTTP/1.1" 302 - samakwasi.com "-" "Mozilla/5.0 (compatible; MJ12bot/v1.4.8; http://mj12bot.com/)" "-"
158.69.243.138 - - [04/Oct/2019:08:59:13 -0400] "GET /chachapoyas/hotel.html?color=20 HTTP/1.1" 200 37933 samakwasi.com "-" "Mozilla/5.0 (compatible; MJ12bot/v1.4.8; http://mj12bot.com/)" "-"
158.69.243.138 - - [04/Oct/2019:08:59:17 -0400] "GET /chachapoyas/hotel.html?color=28 HTTP/1.1" 200 38675 samakwasi.com "-" "Mozilla/5.0 (compatible; MJ12bot/v1.4.8; http://mj12bot.com/)" "-"
103.195.201.25 - - [04/Oct/2019:08:59:18 -0400] "POST /admin/ HTTP/1.1" 200 3860 samakwasi.com "-" "Mozilla/5.0 (X11; Ubuntu; Linux x86_64; rv:62.0) Gecko/20100101 Firefox/62.0" "-"
158.69.243.138 - - [04/Oct/2019:08:59:25 -0400] "GET /chachapoyas/hotel.html?dir=desc&order=position HTTP/1.1" 200 44986 samakwasi.com "-" "Mozilla/5.0 (compatible; MJ12bot/v1.4.8; http://mj12bot.com/)" "-"
192.99.14.130 - - [04/Oct/2019:08:59:27 -0400] "GET /enable-cookies HTTP/1.1" 200 29034 samakwasi.com "-" "Mozilla/5.0 (compatible; MJ12bot/v1.4.8; http://mj12bot.com/)" "-"
158.69.243.138 - - [04/Oct/2019:08:59:30 -0400] "GET /chachapoyas/hotel.html?gender=93 HTTP/1.1" 200 40921 samakwasi.com "-" "Mozilla/5.0 (compatible; MJ12bot/v1.4.8; http://mj12bot.com/)" "-"
158.69.243.138 - - [04/Oct/2019:08:59:37 -0400] "GET /chachapoyas/hotel.html?gender=94 HTTP/1.1" 200 38695 samakwasi.com "-" "Mozilla/5.0 (compatible; MJ12bot/v1.4.8; http://mj12bot.com/)" "-"
1.54.207.84 - - [04/Oct/2019:08:59:39 -0400] "POST /admin/ HTTP/1.1" 200 3860 samakwasi.com "-" "Mozilla/5.0 (X11; Ubuntu; Linux x86_64; rv:62.0) Gecko/20100101 Firefox/62.0" "-"
192.99.14.130 - - [04/Oct/2019:08:59:41 -0400] "GET /catalog/product_compare/add/product/888/uenc/aHR0cDovL3NhbWFrd2FzaS5jb20vY3VzY28vcGFxdWV0ZXMuaHRtbA,,/form_key/NYEQpvp46048YPEQ/ HTTP/1.1" 302 - samakwasi.com "-" "Mozilla/5.0 (compatible; MJ12bot/v1.4.8; http://mj12bot.com/)" "-"
158.69.243.138 - - [04/Oct/2019:08:59:44 -0400] "GET /chachapoyas/hotel.html?material=130 HTTP/1.1" 200 44886 samakwasi.com "-" "Mozilla/5.0 (compatible; MJ12bot/v1.4.8; http://mj12bot.com/)" "-"
158.69.243.138 - - [04/Oct/2019:08:59:53 -0400] "GET /chachapoyas/hotel.html?mode=list HTTP/1.1" 200 47334 samakwasi.com "-" "Mozilla/5.0 (compatible; MJ12bot/v1.4.8; http://mj12bot.com/)" "-"
192.99.14.130 - - [04/Oct/2019:09:00:00 -0400] "GET /enable-cookies HTTP/1.1" 200 29034 samakwasi.com "-" "Mozilla/5.0 (compatible; MJ12bot/v1.4.8; http://mj12bot.com/)" "-"
158.69.243.138 - - [04/Oct/2019:09:00:00 -0400] "GET /chachapoyas/hotel.html?price=220-230 HTTP/1.1" 200 38763 samakwasi.com "-" "Mozilla/5.0 (compatible; MJ12bot/v1.4.8; http://mj12bot.com/)" "-"
158.69.243.138 - - [04/Oct/2019:09:00:04 -0400] "GET /chachapoyas/hotel.html?price=290- HTTP/1.1" 200 40915 samakwasi.com "-" "Mozilla/5.0 (compatible; MJ12bot/v1.4.8; http://mj12bot.com/)" "-"
103.220.34.8 - - [04/Oct/2019:09:00:10 -0400] "POST /index.php/admin/ HTTP/1.1" 200 3860 samakwasi.com "-" "Mozilla/5.0 (X11; Ubuntu; Linux x86_64; rv:62.0) Gecko/20100101 Firefox/62.0" "-"
158.69.243.138 - - [04/Oct/2019:09:00:10 -0400] "GET /chachapoyas/hotel/aviator-sunglasses.html HTTP/1.1" 200 49508 samakwasi.com "-" "Mozilla/5.0 (compatible; MJ12bot/v1.4.8; http://mj12bot.com/)" "-"
192.99.14.130 - - [04/Oct/2019:09:00:14 -0400] "GET /catalog/product_compare/add/product/888/uenc/aHR0cDovL3NhbWFrd2FzaS5jb20vY3VzY28vdG91cnMuaHRtbA,,/form_key/e34VphTMysOi8mpq/ HTTP/1.1" 302 - samakwasi.com "-" "Mozilla/5.0 (compatible; MJ12bot/v1.4.8; http://mj12bot.com/)" "-"
158.69.243.138 - - [04/Oct/2019:09:00:16 -0400] "GET /chachapoyas/hotel/jackie-o-round-sunglasses.html HTTP/1.1" 200 40462 samakwasi.com "-" "Mozilla/5.0 (compatible; MJ12bot/v1.4.8; http://mj12bot.com/)" "-"
158.69.243.138 - - [04/Oct/2019:09:00:20 -0400] "GET /chachapoyas/hotel/retro-chic-eyeglasses.html HTTP/1.1" 200 36990 samakwasi.com "-" "Mozilla/5.0 (compatible; MJ12bot/v1.4.8; http://mj12bot.com/)" "-"
82.77.85.221 - - [04/Oct/2019:09:00:21 -0400] "POST /admin/ HTTP/1.1" 200 3860 samakwasi.com "-" "Mozilla/5.0 (X11; Ubuntu; Linux x86_64; rv:62.0) Gecko/20100101 Firefox/62.0" "-"
158.69.243.138 - - [04/Oct/2019:09:00:26 -0400] "GET /chachapoyas/paquetes.html?color=14 HTTP/1.1" 200 39201 samakwasi.com "-" "Mozilla/5.0 (compatible; MJ12bot/v1.4.8; http://mj12bot.com/)" "-"
192.99.14.130 - - [04/Oct/2019:09:00:29 -0400] "GET /enable-cookies HTTP/1.1" 200 29034 samakwasi.com "-" "Mozilla/5.0 (compatible; MJ12bot/v1.4.8; http://mj12bot.com/)" "-"
158.69.243.138 - - [04/Oct/2019:09:00:31 -0400] "GET /chachapoyas/paquetes.html?color=17 HTTP/1.1" 200 39161 samakwasi.com "-" "Mozilla/5.0 (compatible; MJ12bot/v1.4.8; http://mj12bot.com/)" "-"
158.69.243.138 - - [04/Oct/2019:09:00:34 -0400] "GET /chachapoyas/paquetes.html?color=19 HTTP/1.1" 200 39181 samakwasi.com "-" "Mozilla/5.0 (compatible; MJ12bot/v1.4.8; http://mj12bot.com/)" "-"
158.69.243.138 - - [04/Oct/2019:09:00:38 -0400] "GET /chachapoyas/paquetes.html?color=20 HTTP/1.1" 200 42896 samakwasi.com "-" "Mozilla/5.0 (compatible; MJ12bot/v1.4.8; http://mj12bot.com/)" "-"
158.69.243.138 - - [04/Oct/2019:09:00:41 -0400] "GET /chachapoyas/paquetes.html?color=27 HTTP/1.1" 200 39157 samakwasi.com "-" "Mozilla/5.0 (compatible; MJ12bot/v1.4.8; http://mj12bot.com/)" "-"
158.69.243.138 - - [04/Oct/2019:09:00:46 -0400] "GET /chachapoyas/paquetes.html?dir=desc&order=position HTTP/1.1" 200 54666 samakwasi.com "-" "Mozilla/5.0 (compatible; MJ12bot/v1.4.8; http://mj12bot.com/)" "-"
192.99.14.130 - - [04/Oct/2019:09:00:48 -0400] "GET /catalog/product_compare/add/product/888/uenc/aHR0cDovL3NhbWFrd2FzaS5jb20vcGFxdWV0ZS1jdXNjby01LWRpYXMtNC1ub2NoZXMuaHRtbA,,/form_key/1dRfSwaGfqBF3sjv/ HTTP/1.1" 302 - samakwasi.com "-" "Mozilla/5.0 (compatible; MJ12bot/v1.4.8; http://mj12bot.com/)" "-"
158.69.243.138 - - [04/Oct/2019:09:00:50 -0400] "GET /chachapoyas/paquetes.html?mode=list HTTP/1.1" 200 58152 samakwasi.com "-" "Mozilla/5.0 (compatible; MJ12bot/v1.4.8; http://mj12bot.com/)" "-"
158.69.243.138 - - [04/Oct/2019:09:00:56 -0400] "GET /chachapoyas/paquetes.html?occasion=29 HTTP/1.1" 200 42949 samakwasi.com "-" "Mozilla/5.0 (compatible; MJ12bot/v1.4.8; http://mj12bot.com/)" "-"
192.99.14.130 - - [04/Oct/2019:09:01:00 -0400] "GET /enable-cookies HTTP/1.1" 200 29034 samakwasi.com "-" "Mozilla/5.0 (compatible; MJ12bot/v1.4.8; http://mj12bot.com/)" "-"
2001:ee0:4001:8ca3:609e:8c86:948c:3fb0 - - [04/Oct/2019:09:01:01 -0400] "POST /index.php/admin/ HTTP/1.1" 200 3860 samakwasi.com "-" "Mozilla/5.0 (X11; Ubuntu; Linux x86_64; rv:62.0) Gecko/20100101 Firefox/62.0" "-"
158.69.243.138 - - [04/Oct/2019:09:01:03 -0400] "GET /chachapoyas/paquetes.html?occasion=30 HTTP/1.1" 200 42762 samakwasi.com "-" "Mozilla/5.0 (compatible; MJ12bot/v1.4.8; http://mj12bot.com/)" "-"
49.205.141.226 - - [04/Oct/2019:09:01:03 -0400] "POST /admin/ HTTP/1.1" 200 3860 samakwasi.com "-" "Mozilla/5.0 (X11; Ubuntu; Linux x86_64; rv:62.0) Gecko/20100101 Firefox/62.0" "-"
158.69.243.138 - - [04/Oct/2019:09:01:08 -0400] "GET /chachapoyas/paquetes.html?occasion=31 HTTP/1.1" 200 42783 samakwasi.com "-" "Mozilla/5.0 (compatible; MJ12bot/v1.4.8; http://mj12bot.com/)" "-"
192.99.14.130 - - [04/Oct/2019:09:01:15 -0400] "GET /catalog/product_compare/add/product/889/uenc/aHR0cDovL3NhbWFrd2FzaS5jb20vY3VzY28vaG90ZWwuaHRtbA,,/form_key/F2V543SstwEHuhZu/ HTTP/1.1" 302 - samakwasi.com "-" "Mozilla/5.0 (compatible; MJ12bot/v1.4.8; http://mj12bot.com/)" "-"
158.69.243.138 - - [04/Oct/2019:09:01:16 -0400] "GET /chachapoyas/paquetes.html?price=200-300 HTTP/1.1" 200 39270 samakwasi.com "-" "Mozilla/5.0 (compatible; MJ12bot/v1.4.8; http://mj12bot.com/)" "-"
158.69.243.138 - - [04/Oct/2019:09:01:20 -0400] "GET /chachapoyas/paquetes.html?price=300-400 HTTP/1.1" 200 45409 samakwasi.com "-" "Mozilla/5.0 (compatible; MJ12bot/v1.4.8; http://mj12bot.com/)" "-"
158.69.243.138 - - [04/Oct/2019:09:01:24 -0400] "GET /chachapoyas/paquetes.html?price=400- HTTP/1.1" 200 42606 samakwasi.com "-" "Mozilla/5.0 (compatible; MJ12bot/v1.4.8; http://mj12bot.com/)" "-"
158.69.243.138 - - [04/Oct/2019:09:01:28 -0400] "GET /chachapoyas/paquetes.html?shoe_size=100 HTTP/1.1" 200 52856 samakwasi.com "-" "Mozilla/5.0 (compatible; MJ12bot/v1.4.8; http://mj12bot.com/)" "-"
192.99.14.130 - - [04/Oct/2019:09:01:30 -0400] "GET /enable-cookies HTTP/1.1" 200 29034 samakwasi.com "-" "Mozilla/5.0 (compatible; MJ12bot/v1.4.8; http://mj12bot.com/)" "-"
158.69.243.138 - - [04/Oct/2019:09:01:33 -0400] "GET /chachapoyas/paquetes.html?shoe_size=101 HTTP/1.1" 200 45056 samakwasi.com "-" "Mozilla/5.0 (compatible; MJ12bot/v1.4.8; http://mj12bot.com/)" "-"
158.69.243.138 - - [04/Oct/2019:09:01:38 -0400] "GET /chachapoyas/paquetes.html?shoe_size=102 HTTP/1.1" 200 45056 samakwasi.com "-" "Mozilla/5.0 (compatible; MJ12bot/v1.4.8; http://mj12bot.com/)" "-"
158.69.243.138 - - [04/Oct/2019:09:01:43 -0400] "GET /chachapoyas/paquetes.html?shoe_size=96 HTTP/1.1" 200 44482 samakwasi.com "-" "Mozilla/5.0 (compatible; MJ12bot/v1.4.8; http://mj12bot.com/)" "-"
2402:800:634a:3a5f:cd90:81af:434c:5590 - - [04/Oct/2019:09:01:43 -0400] "POST /admin/ HTTP/1.1" 200 3860 samakwasi.com "-" "Mozilla/5.0 (X11; Ubuntu; Linux x86_64; rv:62.0) Gecko/20100101 Firefox/62.0" "-"
158.69.243.138 - - [04/Oct/2019:09:01:48 -0400] "GET /chachapoyas/paquetes.html?shoe_size=97 HTTP/1.1" 200 44482 samakwasi.com "-" "Mozilla/5.0 (compatible; MJ12bot/v1.4.8; http://mj12bot.com/)" "-"
192.99.14.130 - - [04/Oct/2019:09:01:48 -0400] "GET /catalog/product_compare/add/product/889/uenc/aHR0cDovL3NhbWFrd2FzaS5jb20vY3VzY28vcGFxdWV0ZXMuaHRtbA,,/form_key/NYEQpvp46048YPEQ/ HTTP/1.1" 302 - samakwasi.com "-" "Mozilla/5.0 (compatible; MJ12bot/v1.4.8; http://mj12bot.com/)" "-"
158.69.243.138 - - [04/Oct/2019:09:01:51 -0400] "GET /chachapoyas/paquetes.html?shoe_size=98 HTTP/1.1" 200 52821 samakwasi.com "-" "Mozilla/5.0 (compatible; MJ12bot/v1.4.8; http://mj12bot.com/)" "-"
158.69.243.138 - - [04/Oct/2019:09:01:55 -0400] "GET /chachapoyas/paquetes.html?shoe_size=99 HTTP/1.1" 200 52820 samakwasi.com "-" "Mozilla/5.0 (compatible; MJ12bot/v1.4.8; http://mj12bot.com/)" "-"
158.69.243.138 - - [04/Oct/2019:09:01:58 -0400] "GET /chachapoyas/paquetes.html?shoe_type=105 HTTP/1.1" 200 39269 samakwasi.com "-" "Mozilla/5.0 (compatible; MJ12bot/v1.4.8; http://mj12bot.com/)" "-"
158.69.243.138 - - [04/Oct/2019:09:02:02 -0400] "GET /chachapoyas/paquetes.html?shoe_type=108 HTTP/1.1" 200 39310 samakwasi.com "-" "Mozilla/5.0 (compatible; MJ12bot/v1.4.8; http://mj12bot.com/)" "-"
192.99.14.130 - - [04/Oct/2019:09:02:03 -0400] "GET /enable-cookies HTTP/1.1" 200 29034 samakwasi.com "-" "Mozilla/5.0 (compatible; MJ12bot/v1.4.8; http://mj12bot.com/)" "-"
158.69.243.138 - - [04/Oct/2019:09:02:07 -0400] "GET /chachapoyas/paquetes.html?shoe_type=109 HTTP/1.1" 200 39286 samakwasi.com "-" "Mozilla/5.0 (compatible; MJ12bot/v1.4.8; http://mj12bot.com/)" "-"
175.145.59.124 - - [04/Oct/2019:09:02:12 -0400] "POST /index.php/admin/ HTTP/1.1" 200 3860 samakwasi.com "-" "Mozilla/5.0 (X11; Ubuntu; Linux x86_64; rv:62.0) Gecko/20100101 Firefox/62.0" "-"
158.69.243.138 - - [04/Oct/2019:09:02:13 -0400] "GET /chachapoyas/paquetes.html?shoe_type=110 HTTP/1.1" 200 39329 samakwasi.com "-" "Mozilla/5.0 (compatible; MJ12bot/v1.4.8; http://mj12bot.com/)" "-"
192.99.14.130 - - [04/Oct/2019:09:02:14 -0400] "GET /catalog/product_compare/add/product/889/uenc/aHR0cDovL3NhbWFrd2FzaS5jb20vY3VzY28vdG91cnMuaHRtbA,,/form_key/e34VphTMysOi8mpq/ HTTP/1.1" 302 - samakwasi.com "-" "Mozilla/5.0 (compatible; MJ12bot/v1.4.8; http://mj12bot.com/)" "-"
158.69.243.138 - - [04/Oct/2019:09:02:19 -0400] "GET /chachapoyas/paquetes.html?shoe_type=112 HTTP/1.1" 200 39330 samakwasi.com "-" "Mozilla/5.0 (compatible; MJ12bot/v1.4.8; http://mj12bot.com/)" "-"
192.99.14.130 - - [04/Oct/2019:09:02:22 -0400] "GET /enable-cookies HTTP/1.1" 200 29034 samakwasi.com "-" "Mozilla/5.0 (compatible; MJ12bot/v1.4.8; http://mj12bot.com/)" "-"
158.69.243.138 - - [04/Oct/2019:09:02:23 -0400] "GET /chachapoyas/paquetes.html?shoe_type=113 HTTP/1.1" 200 39290 samakwasi.com "-" "Mozilla/5.0 (compatible; MJ12bot/v1.4.8; http://mj12bot.com/)" "-"
158.69.243.138 - - [04/Oct/2019:09:02:27 -0400] "GET /chachapoyas/paquetes.html?shoe_type=115 HTTP/1.1" 200 39269 samakwasi.com "-" "Mozilla/5.0 (compatible; MJ12bot/v1.4.8; http://mj12bot.com/)" "-"
158.69.243.138 - - [04/Oct/2019:09:02:30 -0400] "GET /chachapoyas/paquetes/barclay-d-orsay-pump-nude.html HTTP/1.1" 200 44811 samakwasi.com "-" "Mozilla/5.0 (compatible; MJ12bot/v1.4.8; http://mj12bot.com/)" "-"
158.69.243.138 - - [04/Oct/2019:09:02:36 -0400] "GET /chachapoyas/paquetes/borgha-ankle-boot-431.html HTTP/1.1" 200 44782 samakwasi.com "-" "Mozilla/5.0 (compatible; MJ12bot/v1.4.8; http://mj12bot.com/)" "-"
192.99.14.130 - - [04/Oct/2019:09:02:37 -0400] "GET /catalog/seo_sitemap/product/ HTTP/1.1" 200 31160 samakwasi.com "-" "Mozilla/5.0 (compatible; MJ12bot/v1.4.8; http://mj12bot.com/)" "-"
158.69.243.138 - - [04/Oct/2019:09:02:42 -0400] "GET /chachapoyas/paquetes/dorian-preforated-oxford-433.html HTTP/1.1" 200 44943 samakwasi.com "-" "Mozilla/5.0 (compatible; MJ12bot/v1.4.8; http://mj12bot.com/)" "-"
158.69.243.138 - - [04/Oct/2019:09:02:47 -0400] "GET /chachapoyas/paquetes/hana-flat-charcoal-432.html HTTP/1.1" 200 43182 samakwasi.com "-" "Mozilla/5.0 (compatible; MJ12bot/v1.4.8; http://mj12bot.com/)" "-"
122.178.50.86 - - [04/Oct/2019:09:02:49 -0400] "POST /index.php/admin/ HTTP/1.1" 200 3860 samakwasi.com "-" "Mozilla/5.0 (X11; Ubuntu; Linux x86_64; rv:62.0) Gecko/20100101 Firefox/62.0" "-"
