192.99.14.130 - - [04/Oct/2019:09:02:49 -0400] "GET /catalogsearch/result/?q=24%22%20Pearl%20Strand%20Necklace HTTP/1.1" 200 50846 samakwasi.com "-" "Mozilla/5.0 (compatible; MJ12bot/v1.4.8; http://mj12bot.com/)" "-"
158.69.243.138 - - [04/Oct/2019:09:02:53 -0400] "GET /chachapoyas/paquetes/suede-loafer-navy-435.html HTTP/1.1" 200 44784 samakwasi.com "-" "Mozilla/5.0 (compatible; MJ12bot/v1.4.8; http://mj12bot.com/)" "-"
2402:800:634a:3a5f:cd90:81af:434c:5590 - - [04/Oct/2019:09:02:55 -0400] "POST /index.php/admin/ HTTP/1.1" 200 3860 samakwasi.com "-" "Mozilla/5.0 (X11; Ubuntu; Linux x86_64; rv:62.0) Gecko/20100101 Firefox/62.0" "-"
158.69.243.138 - - [04/Oct/2019:09:02:59 -0400] "GET /chachapoyas/paquetes/wingtip-cognac-oxford-434.html HTTP/1.1" 200 44898 samakwasi.com "-" "Mozilla/5.0 (compatible; MJ12bot/v1.4.8; http://mj12bot.com/)" "-"
197.149.17.253 - - [04/Oct/2019:09:02:59 -0400] "POST /admin/ HTTP/1.1" 200 3860 samakwasi.com "-" "Mozilla/5.0 (X11; Ubuntu; Linux x86_64; rv:62.0) Gecko/20100101 Firefox/62.0" "-"
192.99.14.130 - - [04/Oct/2019:09:03:04 -0400] "GET /catalogsearch/result/?q=5-Year%20Warranty HTTP/1.1" 200 41206 samakwasi.com "-" "Mozilla/5.0 (compatible; MJ12bot/v1.4.8; http://mj12bot.com/)" "-"
158.69.243.138 - - [04/Oct/2019:09:03:05 -0400] "GET /chachapoyas/tours.html?color=13 HTTP/1.1" 200 40473 samakwasi.com "-" "Mozilla/5.0 (compatible; MJ12bot/v1.4.8; http://mj12bot.com/)" "-"
158.69.243.138 - - [04/Oct/2019:09:03:10 -0400] "GET /chachapoyas/tours.html?color=15 HTTP/1.1" 200 43220 samakwasi.com "-" "Mozilla/5.0 (compatible; MJ12bot/v1.4.8; http://mj12bot.com/)" "-"
158.69.243.138 - - [04/Oct/2019:09:03:14 -0400] "GET /chachapoyas/tours.html?color=26 HTTP/1.1" 200 38265 samakwasi.com "-" "Mozilla/5.0 (compatible; MJ12bot/v1.4.8; http://mj12bot.com/)" "-"
103.195.201.25 - - [04/Oct/2019:09:03:17 -0400] "POST /admin/ HTTP/1.1" 200 3860 samakwasi.com "-" "Mozilla/5.0 (X11; Ubuntu; Linux x86_64; rv:62.0) Gecko/20100101 Firefox/62.0" "-"
192.99.14.130 - - [04/Oct/2019:09:03:18 -0400] "GET /catalogsearch/result/?q=Black%20Nolita%20Cami%20Product HTTP/1.1" 200 64237 samakwasi.com "-" "Mozilla/5.0 (compatible; MJ12bot/v1.4.8; http://mj12bot.com/)" "-"
158.69.243.138 - - [04/Oct/2019:09:03:21 -0400] "GET /chachapoyas/tours.html?color=27 HTTP/1.1" 200 37953 samakwasi.com "-" "Mozilla/5.0 (compatible; MJ12bot/v1.4.8; http://mj12bot.com/)" "-"
158.69.243.138 - - [04/Oct/2019:09:03:26 -0400] "GET /chachapoyas/tours.html?dir=desc&order=position HTTP/1.1" 200 55554 samakwasi.com "-" "Mozilla/5.0 (compatible; MJ12bot/v1.4.8; http://mj12bot.com/)" "-"
158.69.243.138 - - [04/Oct/2019:09:03:32 -0400] "GET /chachapoyas/tours.html?gender=93 HTTP/1.1" 200 38755 samakwasi.com "-" "Mozilla/5.0 (compatible; MJ12bot/v1.4.8; http://mj12bot.com/)" "-"
192.99.14.130 - - [04/Oct/2019:09:03:33 -0400] "GET /catalogsearch/result/?q=Camera%20Travel%20Set HTTP/1.1" 200 63651 samakwasi.com "-" "Mozilla/5.0 (compatible; MJ12bot/v1.4.8; http://mj12bot.com/)" "-"
158.69.243.138 - - [04/Oct/2019:09:03:41 -0400] "GET /chachapoyas/tours.html?gender=94 HTTP/1.1" 200 48092 samakwasi.com "-" "Mozilla/5.0 (compatible; MJ12bot/v1.4.8; http://mj12bot.com/)" "-"
158.69.243.138 - - [04/Oct/2019:09:03:49 -0400] "GET /chachapoyas/tours.html?jewelry_type=159 HTTP/1.1" 200 39589 samakwasi.com "-" "Mozilla/5.0 (compatible; MJ12bot/v1.4.8; http://mj12bot.com/)" "-"
192.99.14.130 - - [04/Oct/2019:09:03:50 -0400] "GET /catalogsearch/result/?q=Chelsea%20tee HTTP/1.1" 200 56525 samakwasi.com "-" "Mozilla/5.0 (compatible; MJ12bot/v1.4.8; http://mj12bot.com/)" "-"
158.69.243.138 - - [04/Oct/2019:09:03:55 -0400] "GET /chachapoyas/tours.html?jewelry_type=160 HTTP/1.1" 200 38129 samakwasi.com "-" "Mozilla/5.0 (compatible; MJ12bot/v1.4.8; http://mj12bot.com/)" "-"
158.69.243.138 - - [04/Oct/2019:09:03:59 -0400] "GET /chachapoyas/tours.html?jewelry_type=162 HTTP/1.1" 200 38918 samakwasi.com "-" "Mozilla/5.0 (compatible; MJ12bot/v1.4.8; http://mj12bot.com/)" "-"
158.69.243.138 - - [04/Oct/2019:09:04:03 -0400] "GET /chachapoyas/tours.html?jewelry_type=164 HTTP/1.1" 200 43810 samakwasi.com "-" "Mozilla/5.0 (compatible; MJ12bot/v1.4.8; http://mj12bot.com/)" "-"
158.69.243.138 - - [04/Oct/2019:09:04:08 -0400] "GET /chachapoyas/tours.html?mode=list HTTP/1.1" 200 59164 samakwasi.com "-" "Mozilla/5.0 (compatible; MJ12bot/v1.4.8; http://mj12bot.com/)" "-"
192.99.14.130 - - [04/Oct/2019:09:04:08 -0400] "GET /catalogsearch/result/?q=Ellis%20Flat HTTP/1.1" 200 52391 samakwasi.com "-" "Mozilla/5.0 (compatible; MJ12bot/v1.4.8; http://mj12bot.com/)" "-"
158.69.243.138 - - [04/Oct/2019:09:04:13 -0400] "GET /chachapoyas/tours.html?necklace_length=213 HTTP/1.1" 200 39667 samakwasi.com "-" "Mozilla/5.0 (compatible; MJ12bot/v1.4.8; http://mj12bot.com/)" "-"
158.69.243.138 - - [04/Oct/2019:09:04:16 -0400] "GET /chachapoyas/tours.html?price=-100 HTTP/1.1" 200 41357 samakwasi.com "-" "Mozilla/5.0 (compatible; MJ12bot/v1.4.8; http://mj12bot.com/)" "-"
158.69.243.138 - - [04/Oct/2019:09:04:19 -0400] "GET /chachapoyas/tours.html?price=100-200 HTTP/1.1" 200 40570 samakwasi.com "-" "Mozilla/5.0 (compatible; MJ12bot/v1.4.8; http://mj12bot.com/)" "-"
192.99.14.130 - - [04/Oct/2019:09:04:23 -0400] "GET /catalogsearch/result/?q=Espresso%20Cup%20-%20%20Block%203clm HTTP/1.1" 200 65857 samakwasi.com "-" "Mozilla/5.0 (compatible; MJ12bot/v1.4.8; http://mj12bot.com/)" "-"
158.69.243.138 - - [04/Oct/2019:09:04:23 -0400] "GET /chachapoyas/tours.html?price=200-300 HTTP/1.1" 200 39491 samakwasi.com "-" "Mozilla/5.0 (compatible; MJ12bot/v1.4.8; http://mj12bot.com/)" "-"
158.69.243.138 - - [04/Oct/2019:09:04:26 -0400] "GET /chachapoyas/tours.html?price=500- HTTP/1.1" 200 38749 samakwasi.com "-" "Mozilla/5.0 (compatible; MJ12bot/v1.4.8; http://mj12bot.com/)" "-"
158.69.243.138 - - [04/Oct/2019:09:04:30 -0400] "GET /chachapoyas/tours.html?style=198 HTTP/1.1" 200 38286 samakwasi.com "-" "Mozilla/5.0 (compatible; MJ12bot/v1.4.8; http://mj12bot.com/)" "-"
158.69.243.138 - - [04/Oct/2019:09:04:33 -0400] "GET /chachapoyas/tours.html?style=200 HTTP/1.1" 200 40494 samakwasi.com "-" "Mozilla/5.0 (compatible; MJ12bot/v1.4.8; http://mj12bot.com/)" "-"
158.69.243.138 - - [04/Oct/2019:09:04:36 -0400] "GET /chachapoyas/tours.html?style=201 HTTP/1.1" 200 37973 samakwasi.com "-" "Mozilla/5.0 (compatible; MJ12bot/v1.4.8; http://mj12bot.com/)" "-"
192.99.14.130 - - [04/Oct/2019:09:04:36 -0400] "GET /catalogsearch/result/?q=Goin%20Down%20to%20the%20Bus%20Stop%20by%20TBird HTTP/1.1" 200 67009 samakwasi.com "-" "Mozilla/5.0 (compatible; MJ12bot/v1.4.8; http://mj12bot.com/)" "-"
2403:6200:8832:f5d8:308f:798e:1af2:7f59 - - [04/Oct/2019:09:04:38 -0400] "POST /index.php/admin/ HTTP/1.1" 200 3860 samakwasi.com "-" "Mozilla/5.0 (X11; Ubuntu; Linux x86_64; rv:62.0) Gecko/20100101 Firefox/62.0" "-"
158.69.243.138 - - [04/Oct/2019:09:04:40 -0400] "GET /chachapoyas/tours.html?style=206 HTTP/1.1" 200 39411 samakwasi.com "-" "Mozilla/5.0 (compatible; MJ12bot/v1.4.8; http://mj12bot.com/)" "-"
158.69.243.138 - - [04/Oct/2019:09:04:42 -0400] "GET /chachapoyas/tours.html?style=42 HTTP/1.1" 200 38734 samakwasi.com "-" "Mozilla/5.0 (compatible; MJ12bot/v1.4.8; http://mj12bot.com/)" "-"
158.69.243.138 - - [04/Oct/2019:09:04:47 -0400] "GET /chachapoyas/tours/blue-horizons-bracelets.html HTTP/1.1" 200 41774 samakwasi.com "-" "Mozilla/5.0 (compatible; MJ12bot/v1.4.8; http://mj12bot.com/)" "-"
192.99.14.130 - - [04/Oct/2019:09:04:47 -0400] "GET /catalogsearch/result/?q=MADISON%20RX3400 HTTP/1.1" 200 60424 samakwasi.com "-" "Mozilla/5.0 (compatible; MJ12bot/v1.4.8; http://mj12bot.com/)" "-"
158.69.243.138 - - [04/Oct/2019:09:04:50 -0400] "GET /chachapoyas/tours/pearl-necklace-set-test.html HTTP/1.1" 200 40170 samakwasi.com "-" "Mozilla/5.0 (compatible; MJ12bot/v1.4.8; http://mj12bot.com/)" "-"
158.69.243.138 - - [04/Oct/2019:09:04:54 -0400] "GET /chachapoyas/tours/pearl-stud-earrings.html HTTP/1.1" 200 35597 samakwasi.com "-" "Mozilla/5.0 (compatible; MJ12bot/v1.4.8; http://mj12bot.com/)" "-"
158.69.243.138 - - [04/Oct/2019:09:04:58 -0400] "GET /chachapoyas/tours/silver-desert-necklace.html HTTP/1.1" 200 38303 samakwasi.com "-" "Mozilla/5.0 (compatible; MJ12bot/v1.4.8; http://mj12bot.com/)" "-"
192.99.14.130 - - [04/Oct/2019:09:05:02 -0400] "GET /catalogsearch/result/?q=Madison%20Island%20VIP%20Membership%20-%201%20Year HTTP/1.1" 200 67170 samakwasi.com "-" "Mozilla/5.0 (compatible; MJ12bot/v1.4.8; http://mj12bot.com/)" "-"
158.69.243.138 - - [04/Oct/2019:09:05:03 -0400] "GET /chachapoyas/tours/swing-time-earrings.html HTTP/1.1" 200 35764 samakwasi.com "-" "Mozilla/5.0 (compatible; MJ12bot/v1.4.8; http://mj12bot.com/)" "-"
158.69.243.138 - - [04/Oct/2019:09:05:06 -0400] "GET /chachapoyas/tours/swiss-movement-sports-watch.html HTTP/1.1" 200 40645 samakwasi.com "-" "Mozilla/5.0 (compatible; MJ12bot/v1.4.8; http://mj12bot.com/)" "-"
158.69.243.138 - - [04/Oct/2019:09:05:09 -0400] "GET /cusco/hotel.html?apparel_type=211 HTTP/1.1" 200 40497 samakwasi.com "-" "Mozilla/5.0 (compatible; MJ12bot/v1.4.8; http://mj12bot.com/)" "-"
158.69.243.138 - - [04/Oct/2019:09:05:13 -0400] "GET /cusco/hotel.html?apparel_type=34 HTTP/1.1" 200 39524 samakwasi.com "-" "Mozilla/5.0 (compatible; MJ12bot/v1.4.8; http://mj12bot.com/)" "-"
158.69.243.138 - - [04/Oct/2019:09:05:18 -0400] "GET /cusco/hotel.html?apparel_type=35 HTTP/1.1" 200 46733 samakwasi.com "-" "Mozilla/5.0 (compatible; MJ12bot/v1.4.8; http://mj12bot.com/)" "-"
192.99.14.130 - - [04/Oct/2019:09:05:19 -0400] "GET /catalogsearch/result/?q=Paquete HTTP/1.1" 200 44966 samakwasi.com "-" "Mozilla/5.0 (compatible; MJ12bot/v1.4.8; http://mj12bot.com/)" "-"
158.69.243.138 - - [04/Oct/2019:09:05:23 -0400] "GET /cusco/hotel.html?apparel_type=37 HTTP/1.1" 200 40495 samakwasi.com "-" "Mozilla/5.0 (compatible; MJ12bot/v1.4.8; http://mj12bot.com/)" "-"
197.149.17.253 - - [04/Oct/2019:09:05:25 -0400] "POST /admin/ HTTP/1.1" 200 3860 samakwasi.com "-" "Mozilla/5.0 (X11; Ubuntu; Linux x86_64; rv:62.0) Gecko/20100101 Firefox/62.0" "-"
158.69.243.138 - - [04/Oct/2019:09:05:30 -0400] "GET /cusco/hotel.html?apparel_type=40 HTTP/1.1" 200 40590 samakwasi.com "-" "Mozilla/5.0 (compatible; MJ12bot/v1.4.8; http://mj12bot.com/)" "-"
220.152.115.226 - - [04/Oct/2019:09:05:31 -0400] "POST /admin/ HTTP/1.1" 200 3860 samakwasi.com "-" "Mozilla/5.0 (X11; Ubuntu; Linux x86_64; rv:62.0) Gecko/20100101 Firefox/62.0" "-"
192.99.14.130 - - [04/Oct/2019:09:05:33 -0400] "GET /catalogsearch/result/?q=Paquete%20Cusco%205%20d%C3%ADas/4%20noches HTTP/1.1" 200 66095 samakwasi.com "-" "Mozilla/5.0 (compatible; MJ12bot/v1.4.8; http://mj12bot.com/)" "-"
158.69.243.138 - - [04/Oct/2019:09:05:34 -0400] "GET /cusco/hotel.html?color=17 HTTP/1.1" 200 40042 samakwasi.com "-" "Mozilla/5.0 (compatible; MJ12bot/v1.4.8; http://mj12bot.com/)" "-"
158.69.243.138 - - [04/Oct/2019:09:05:37 -0400] "GET /cusco/hotel.html?color=20 HTTP/1.1" 200 46118 samakwasi.com "-" "Mozilla/5.0 (compatible; MJ12bot/v1.4.8; http://mj12bot.com/)" "-"
158.69.243.138 - - [04/Oct/2019:09:05:41 -0400] "GET /cusco/hotel.html?color=21 HTTP/1.1" 200 39340 samakwasi.com "-" "Mozilla/5.0 (compatible; MJ12bot/v1.4.8; http://mj12bot.com/)" "-"
103.195.201.25 - - [04/Oct/2019:09:05:47 -0400] "POST /admin/ HTTP/1.1" 200 3860 samakwasi.com "-" "Mozilla/5.0 (X11; Ubuntu; Linux x86_64; rv:62.0) Gecko/20100101 Firefox/62.0" "-"
158.69.243.138 - - [04/Oct/2019:09:05:49 -0400] "GET /cusco/hotel.html?color=22 HTTP/1.1" 200 43665 samakwasi.com "-" "Mozilla/5.0 (compatible; MJ12bot/v1.4.8; http://mj12bot.com/)" "-"
176.218.234.126 - - [04/Oct/2019:09:05:51 -0400] "POST /index.php/admin/ HTTP/1.1" 200 3860 samakwasi.com "-" "Mozilla/5.0 (X11; Ubuntu; Linux x86_64; rv:62.0) Gecko/20100101 Firefox/62.0" "-"
192.99.14.130 - - [04/Oct/2019:09:05:51 -0400] "GET /catalogsearch/result/?q=Pearl%20Necklace%20Set HTTP/1.1" 200 65487 samakwasi.com "-" "Mozilla/5.0 (compatible; MJ12bot/v1.4.8; http://mj12bot.com/)" "-"
158.69.243.138 - - [04/Oct/2019:09:05:54 -0400] "GET /cusco/hotel.html?color=25 HTTP/1.1" 200 40039 samakwasi.com "-" "Mozilla/5.0 (compatible; MJ12bot/v1.4.8; http://mj12bot.com/)" "-"
158.69.243.138 - - [04/Oct/2019:09:06:03 -0400] "GET /cusco/hotel.html?color=27 HTTP/1.1" 200 39902 samakwasi.com "-" "Mozilla/5.0 (compatible; MJ12bot/v1.4.8; http://mj12bot.com/)" "-"
192.99.14.130 - - [04/Oct/2019:09:06:12 -0400] "GET /catalogsearch/result/?q=Pearl%20Strand%20Necklace HTTP/1.1" 200 50584 samakwasi.com "-" "Mozilla/5.0 (compatible; MJ12bot/v1.4.8; http://mj12bot.com/)" "-"
158.69.243.138 - - [04/Oct/2019:09:06:12 -0400] "GET /cusco/hotel.html?dir=desc&order=position HTTP/1.1" 200 55810 samakwasi.com "-" "Mozilla/5.0 (compatible; MJ12bot/v1.4.8; http://mj12bot.com/)" "-"
158.69.243.138 - - [04/Oct/2019:09:06:21 -0400] "GET /cusco/hotel.html?fit=49 HTTP/1.1" 200 40444 samakwasi.com "-" "Mozilla/5.0 (compatible; MJ12bot/v1.4.8; http://mj12bot.com/)" "-"
192.99.14.130 - - [04/Oct/2019:09:06:26 -0400] "GET /catalogsearch/result/?q=Pillow%20and%20Throw%20Set HTTP/1.1" 200 65646 samakwasi.com "-" "Mozilla/5.0 (compatible; MJ12bot/v1.4.8; http://mj12bot.com/)" "-"
158.69.243.138 - - [04/Oct/2019:09:06:32 -0400] "GET /cusco/hotel.html?fit=50 HTTP/1.1" 200 40308 samakwasi.com "-" "Mozilla/5.0 (compatible; MJ12bot/v1.4.8; http://mj12bot.com/)" "-"
41.237.46.103 - - [04/Oct/2019:09:06:35 -0400] "POST /admin/ HTTP/1.1" 200 3860 samakwasi.com "-" "Mozilla/5.0 (X11; Ubuntu; Linux x86_64; rv:62.0) Gecko/20100101 Firefox/62.0" "-"
176.218.234.126 - - [04/Oct/2019:09:06:36 -0400] "POST /index.php/admin/ HTTP/1.1" 200 3860 samakwasi.com "-" "Mozilla/5.0 (X11; Ubuntu; Linux x86_64; rv:62.0) Gecko/20100101 Firefox/62.0" "-"
158.69.243.138 - - [04/Oct/2019:09:06:41 -0400] "GET /cusco/hotel.html?fit=51 HTTP/1.1" 200 40213 samakwasi.com "-" "Mozilla/5.0 (compatible; MJ12bot/v1.4.8; http://mj12bot.com/)" "-"
175.145.59.124 - - [04/Oct/2019:09:06:45 -0400] "POST /admin/ HTTP/1.1" 200 3860 samakwasi.com "-" "Mozilla/5.0 (X11; Ubuntu; Linux x86_64; rv:62.0) Gecko/20100101 Firefox/62.0" "-"
192.99.14.130 - - [04/Oct/2019:09:06:46 -0400] "GET /catalogsearch/result/?q=Pleated%20Layer%20Top HTTP/1.1" 200 62544 samakwasi.com "-" "Mozilla/5.0 (compatible; MJ12bot/v1.4.8; http://mj12bot.com/)" "-"
158.69.243.138 - - [04/Oct/2019:09:06:47 -0400] "GET /cusco/hotel.html?gender=93 HTTP/1.1" 200 49206 samakwasi.com "-" "Mozilla/5.0 (compatible; MJ12bot/v1.4.8; http://mj12bot.com/)" "-"
158.69.243.138 - - [04/Oct/2019:09:06:52 -0400] "GET /cusco/hotel.html?gender=94 HTTP/1.1" 200 42195 samakwasi.com "-" "Mozilla/5.0 (compatible; MJ12bot/v1.4.8; http://mj12bot.com/)" "-"
158.69.243.138 - - [04/Oct/2019:09:06:57 -0400] "GET /cusco/hotel.html?mode=list HTTP/1.1" 200 58608 samakwasi.com "-" "Mozilla/5.0 (compatible; MJ12bot/v1.4.8; http://mj12bot.com/)" "-"
192.99.14.130 - - [04/Oct/2019:09:06:59 -0400] "GET /catalogsearch/result/?q=Portable%20media%20Player HTTP/1.1" 200 39670 samakwasi.com "-" "Mozilla/5.0 (compatible; MJ12bot/v1.4.8; http://mj12bot.com/)" "-"
158.69.243.138 - - [04/Oct/2019:09:07:02 -0400] "GET /cusco/hotel.html?occasion=29 HTTP/1.1" 200 42259 samakwasi.com "-" "Mozilla/5.0 (compatible; MJ12bot/v1.4.8; http://mj12bot.com/)" "-"
158.69.243.138 - - [04/Oct/2019:09:07:07 -0400] "GET /cusco/hotel.html?occasion=31 HTTP/1.1" 200 49312 samakwasi.com "-" "Mozilla/5.0 (compatible; MJ12bot/v1.4.8; http://mj12bot.com/)" "-"
158.69.243.138 - - [04/Oct/2019:09:07:10 -0400] "GET /cusco/hotel.html?price=-100 HTTP/1.1" 200 40408 samakwasi.com "-" "Mozilla/5.0 (compatible; MJ12bot/v1.4.8; http://mj12bot.com/)" "-"
158.69.243.138 - - [04/Oct/2019:09:07:17 -0400] "GET /cusco/hotel.html?price=100-200 HTTP/1.1" 200 44491 samakwasi.com "-" "Mozilla/5.0 (compatible; MJ12bot/v1.4.8; http://mj12bot.com/)" "-"
161.0.246.12 - - [04/Oct/2019:09:07:17 -0400] "POST /index.php/admin/ HTTP/1.1" 200 3860 samakwasi.com "-" "Mozilla/5.0 (X11; Ubuntu; Linux x86_64; rv:62.0) Gecko/20100101 Firefox/62.0" "-"
192.99.14.130 - - [04/Oct/2019:09:07:20 -0400] "GET /catalogsearch/result/?q=Studio%20Dress%20Shoe HTTP/1.1" 200 51887 samakwasi.com "-" "Mozilla/5.0 (compatible; MJ12bot/v1.4.8; http://mj12bot.com/)" "-"
158.69.243.138 - - [04/Oct/2019:09:07:23 -0400] "GET /cusco/hotel.html?price=300-400 HTTP/1.1" 200 39694 samakwasi.com "-" "Mozilla/5.0 (compatible; MJ12bot/v1.4.8; http://mj12bot.com/)" "-"
158.69.243.138 - - [04/Oct/2019:09:07:27 -0400] "GET /cusco/hotel.html?price=400- HTTP/1.1" 200 40537 samakwasi.com "-" "Mozilla/5.0 (compatible; MJ12bot/v1.4.8; http://mj12bot.com/)" "-"
161.0.246.12 - - [04/Oct/2019:09:07:28 -0400] "POST /admin/ HTTP/1.1" 200 3860 samakwasi.com "-" "Mozilla/5.0 (X11; Ubuntu; Linux x86_64; rv:62.0) Gecko/20100101 Firefox/62.0" "-"
158.69.243.138 - - [04/Oct/2019:09:07:30 -0400] "GET /cusco/hotel.html?size=58 HTTP/1.1" 200 38863 samakwasi.com "-" "Mozilla/5.0 (compatible; MJ12bot/v1.4.8; http://mj12bot.com/)" "-"
158.69.243.138 - - [04/Oct/2019:09:07:33 -0400] "GET /cusco/hotel.html?size=59 HTTP/1.1" 200 38863 samakwasi.com "-" "Mozilla/5.0 (compatible; MJ12bot/v1.4.8; http://mj12bot.com/)" "-"
192.99.14.130 - - [04/Oct/2019:09:07:36 -0400] "GET /catalogsearch/result/?q=audio HTTP/1.1" 200 47328 samakwasi.com "-" "Mozilla/5.0 (compatible; MJ12bot/v1.4.8; http://mj12bot.com/)" "-"
158.69.243.138 - - [04/Oct/2019:09:07:36 -0400] "GET /cusco/hotel.html?size=61 HTTP/1.1" 200 38863 samakwasi.com "-" "Mozilla/5.0 (compatible; MJ12bot/v1.4.8; http://mj12bot.com/)" "-"
158.69.243.138 - - [04/Oct/2019:09:07:40 -0400] "GET /cusco/hotel.html?size=63 HTTP/1.1" 200 38863 samakwasi.com "-" "Mozilla/5.0 (compatible; MJ12bot/v1.4.8; http://mj12bot.com/)" "-"
158.69.243.138 - - [04/Oct/2019:09:07:43 -0400] "GET /cusco/hotel.html?size=64 HTTP/1.1" 200 38863 samakwasi.com "-" "Mozilla/5.0 (compatible; MJ12bot/v1.4.8; http://mj12bot.com/)" "-"
158.69.243.138 - - [04/Oct/2019:09:07:47 -0400] "GET /cusco/hotel.html?size=65 HTTP/1.1" 200 38863 samakwasi.com "-" "Mozilla/5.0 (compatible; MJ12bot/v1.4.8; http://mj12bot.com/)" "-"
82.77.85.221 - - [04/Oct/2019:09:07:48 -0400] "POST /index.php/admin/ HTTP/1.1" 200 3860 samakwasi.com "-" "Mozilla/5.0 (X11; Ubuntu; Linux x86_64; rv:62.0) Gecko/20100101 Firefox/62.0" "-"
158.69.243.138 - - [04/Oct/2019:09:07:49 -0400] "GET /cusco/hotel.html?size=67 HTTP/1.1" 200 38863 samakwasi.com "-" "Mozilla/5.0 (compatible; MJ12bot/v1.4.8; http://mj12bot.com/)" "-"
158.69.243.138 - - [04/Oct/2019:09:07:51 -0400] "GET /cusco/hotel.html?size=77 HTTP/1.1" 200 43174 samakwasi.com "-" "Mozilla/5.0 (compatible; MJ12bot/v1.4.8; http://mj12bot.com/)" "-"
158.69.243.138 - - [04/Oct/2019:09:07:55 -0400] "GET /cusco/hotel.html?size=78 HTTP/1.1" 200 46783 samakwasi.com "-" "Mozilla/5.0 (compatible; MJ12bot/v1.4.8; http://mj12bot.com/)" "-"
192.99.14.130 - - [04/Oct/2019:09:07:56 -0400] "GET /catalogsearch/result/?q=bag HTTP/1.1" 200 55492 samakwasi.com "-" "Mozilla/5.0 (compatible; MJ12bot/v1.4.8; http://mj12bot.com/)" "-"
158.69.243.138 - - [04/Oct/2019:09:07:58 -0400] "GET /cusco/hotel.html?size=79 HTTP/1.1" 200 43173 samakwasi.com "-" "Mozilla/5.0 (compatible; MJ12bot/v1.4.8; http://mj12bot.com/)" "-"
158.69.243.138 - - [04/Oct/2019:09:08:00 -0400] "GET /cusco/hotel.html?size=80 HTTP/1.1" 200 49370 samakwasi.com "-" "Mozilla/5.0 (compatible; MJ12bot/v1.4.8; http://mj12bot.com/)" "-"
158.69.243.138 - - [04/Oct/2019:09:08:03 -0400] "GET /cusco/hotel.html?size=81 HTTP/1.1" 200 49371 samakwasi.com "-" "Mozilla/5.0 (compatible; MJ12bot/v1.4.8; http://mj12bot.com/)" "-"
158.69.243.138 - - [04/Oct/2019:09:08:06 -0400] "GET /cusco/hotel.html?sleeve_length=45 HTTP/1.1" 200 42407 samakwasi.com "-" "Mozilla/5.0 (compatible; MJ12bot/v1.4.8; http://mj12bot.com/)" "-"
158.69.243.138 - - [04/Oct/2019:09:08:09 -0400] "GET /cusco/hotel.html?sleeve_length=46 HTTP/1.1" 200 40620 samakwasi.com "-" "Mozilla/5.0 (compatible; MJ12bot/v1.4.8; http://mj12bot.com/)" "-"
192.99.14.130 - - [04/Oct/2019:09:08:09 -0400] "GET /catalogsearch/result/?q=broadway%20pump HTTP/1.1" 200 40879 samakwasi.com "-" "Mozilla/5.0 (compatible; MJ12bot/v1.4.8; http://mj12bot.com/)" "-"
158.69.243.138 - - [04/Oct/2019:09:08:13 -0400] "GET /cusco/hotel.html?sleeve_length=47 HTTP/1.1" 200 40746 samakwasi.com "-" "Mozilla/5.0 (compatible; MJ12bot/v1.4.8; http://mj12bot.com/)" "-"
158.69.243.138 - - [04/Oct/2019:09:08:18 -0400] "GET /cusco/hotel/chelsea-tee.html HTTP/1.1" 200 120270 samakwasi.com "-" "Mozilla/5.0 (compatible; MJ12bot/v1.4.8; http://mj12bot.com/)" "-"
158.255.238.129 - - [04/Oct/2019:09:08:24 -0400] "POST /downloader/index.php HTTP/1.1" 200 2906 samakwasi.com "-" "Mozilla/5.0 (Windows NT 6.1; Win64; x64) AppleWebKit/537.36 (KHTML, like Gecko) Chrome/73.0.3683.103 Safari/537.36" "-"
82.77.85.221 - - [04/Oct/2019:09:08:24 -0400] "POST /index.php/admin/ HTTP/1.1" 200 3860 samakwasi.com "-" "Mozilla/5.0 (X11; Ubuntu; Linux x86_64; rv:62.0) Gecko/20100101 Firefox/62.0" "-"
158.69.243.138 - - [04/Oct/2019:09:08:24 -0400] "GET /cusco/hotel/khaki-bowery-chino-pants.html HTTP/1.1" 200 47472 samakwasi.com "-" "Mozilla/5.0 (compatible; MJ12bot/v1.4.8; http://mj12bot.com/)" "-"
192.99.14.130 - - [04/Oct/2019:09:08:26 -0400] "GET /catalogsearch/result/?q=chelsea HTTP/1.1" 200 40641 samakwasi.com "-" "Mozilla/5.0 (compatible; MJ12bot/v1.4.8; http://mj12bot.com/)" "-"
182.232.195.137 - - [04/Oct/2019:09:08:26 -0400] "POST /admin/ HTTP/1.1" 200 3860 samakwasi.com "-" "Mozilla/5.0 (X11; Ubuntu; Linux x86_64; rv:62.0) Gecko/20100101 Firefox/62.0" "-"
158.69.243.138 - - [04/Oct/2019:09:08:29 -0400] "GET /cusco/hotel/linen-blazer.html HTTP/1.1" 200 47698 samakwasi.com "-" "Mozilla/5.0 (compatible; MJ12bot/v1.4.8; http://mj12bot.com/)" "-"
158.69.243.138 - - [04/Oct/2019:09:08:32 -0400] "GET /cusco/hotel/paquete-cusco-5-dias-4-noches.html HTTP/1.1" 200 37596 samakwasi.com "-" "Mozilla/5.0 (compatible; MJ12bot/v1.4.8; http://mj12bot.com/)" "-"
158.69.243.138 - - [04/Oct/2019:09:08:36 -0400] "GET /cusco/hotel/paquete-de-5-dias-4-noches-cusco.html HTTP/1.1" 200 43448 samakwasi.com "-" "Mozilla/5.0 (compatible; MJ12bot/v1.4.8; http://mj12bot.com/)" "-"
158.69.243.138 - - [04/Oct/2019:09:08:39 -0400] "GET /cusco/paquetes.html?dir=desc&order=position HTTP/1.1" 200 48429 samakwasi.com "-" "Mozilla/5.0 (compatible; MJ12bot/v1.4.8; http://mj12bot.com/)" "-"
158.69.243.138 - - [04/Oct/2019:09:08:42 -0400] "GET /cusco/paquetes.html?mode=list HTTP/1.1" 200 53591 samakwasi.com "-" "Mozilla/5.0 (compatible; MJ12bot/v1.4.8; http://mj12bot.com/)" "-"
192.99.14.130 - - [04/Oct/2019:09:08:43 -0400] "GET /catalogsearch/result/?q=classic HTTP/1.1" 200 63142 samakwasi.com "-" "Mozilla/5.0 (compatible; MJ12bot/v1.4.8; http://mj12bot.com/)" "-"
158.69.243.138 - - [04/Oct/2019:09:08:47 -0400] "GET /cusco/paquetes/chelsea-tee-408.html HTTP/1.1" 200 46851 samakwasi.com "-" "Mozilla/5.0 (compatible; MJ12bot/v1.4.8; http://mj12bot.com/)" "-"
158.69.243.138 - - [04/Oct/2019:09:08:51 -0400] "GET /cusco/paquetes/chelsea-tee-409.html HTTP/1.1" 200 48590 samakwasi.com "-" "Mozilla/5.0 (compatible; MJ12bot/v1.4.8; http://mj12bot.com/)" "-"
192.99.14.130 - - [04/Oct/2019:09:08:55 -0400] "GET /catalogsearch/result/?q=coat HTTP/1.1" 200 36054 samakwasi.com "-" "Mozilla/5.0 (compatible; MJ12bot/v1.4.8; http://mj12bot.com/)" "-"
2403:6200:8832:f5d8:308f:798e:1af2:7f59 - - [04/Oct/2019:09:08:55 -0400] "POST /admin/ HTTP/1.1" 200 3860 samakwasi.com "-" "Mozilla/5.0 (X11; Ubuntu; Linux x86_64; rv:62.0) Gecko/20100101 Firefox/62.0" "-"
158.69.243.138 - - [04/Oct/2019:09:08:58 -0400] "GET /cusco/paquetes/chelsea-tee-410.html HTTP/1.1" 200 120339 samakwasi.com "-" "Mozilla/5.0 (compatible; MJ12bot/v1.4.8; http://mj12bot.com/)" "-"
158.69.243.138 - - [04/Oct/2019:09:09:03 -0400] "GET /cusco/paquetes/core-striped-sport-shirt-413.html HTTP/1.1" 200 47958 samakwasi.com "-" "Mozilla/5.0 (compatible; MJ12bot/v1.4.8; http://mj12bot.com/)" "-"
158.69.243.138 - - [04/Oct/2019:09:09:07 -0400] "GET /cusco/paquetes/lexington-cardigan-sweater-412.html HTTP/1.1" 200 45576 samakwasi.com "-" "Mozilla/5.0 (compatible; MJ12bot/v1.4.8; http://mj12bot.com/)" "-"
1.54.207.234 - - [04/Oct/2019:09:09:07 -0400] "POST /index.php/admin/ HTTP/1.1" 200 3860 samakwasi.com "-" "Mozilla/5.0 (X11; Ubuntu; Linux x86_64; rv:62.0) Gecko/20100101 Firefox/62.0" "-"
192.99.14.130 - - [04/Oct/2019:09:09:07 -0400] "GET /catalogsearch/result/?q=cusco HTTP/1.1" 200 44892 samakwasi.com "-" "Mozilla/5.0 (compatible; MJ12bot/v1.4.8; http://mj12bot.com/)" "-"
158.69.243.138 - - [04/Oct/2019:09:09:13 -0400] "GET /cusco/paquetes/merino-v-neck-pullover-sweater-411.html HTTP/1.1" 200 46501 samakwasi.com "-" "Mozilla/5.0 (compatible; MJ12bot/v1.4.8; http://mj12bot.com/)" "-"
158.69.243.138 - - [04/Oct/2019:09:09:18 -0400] "GET /cusco/paquetes/paquete-cusco-5-dias-4-noches.html HTTP/1.1" 200 37637 samakwasi.com "-" "Mozilla/5.0 (compatible; MJ12bot/v1.4.8; http://mj12bot.com/)" "-"
158.69.243.138 - - [04/Oct/2019:09:09:22 -0400] "GET /cusco/paquetes/paquete-de-5-dias-4-noches-cusco.html HTTP/1.1" 200 43489 samakwasi.com "-" "Mozilla/5.0 (compatible; MJ12bot/v1.4.8; http://mj12bot.com/)" "-"
192.99.14.130 - - [04/Oct/2019:09:09:26 -0400] "GET /catalogsearch/result/?q=elizabeth HTTP/1.1" 200 36183 samakwasi.com "-" "Mozilla/5.0 (compatible; MJ12bot/v1.4.8; http://mj12bot.com/)" "-"
158.69.243.138 - - [04/Oct/2019:09:09:26 -0400] "GET /cusco/tours.html?apparel_type=34 HTTP/1.1" 200 37338 samakwasi.com "-" "Mozilla/5.0 (compatible; MJ12bot/v1.4.8; http://mj12bot.com/)" "-"
103.220.34.8 - - [04/Oct/2019:09:09:28 -0400] "POST /admin/ HTTP/1.1" 200 3860 samakwasi.com "-" "Mozilla/5.0 (X11; Ubuntu; Linux x86_64; rv:62.0) Gecko/20100101 Firefox/62.0" "-"
158.69.243.138 - - [04/Oct/2019:09:09:30 -0400] "GET /cusco/tours.html?apparel_type=35 HTTP/1.1" 200 39942 samakwasi.com "-" "Mozilla/5.0 (compatible; MJ12bot/v1.4.8; http://mj12bot.com/)" "-"
158.69.243.138 - - [04/Oct/2019:09:09:34 -0400] "GET /cusco/tours.html?apparel_type=40 HTTP/1.1" 200 38404 samakwasi.com "-" "Mozilla/5.0 (compatible; MJ12bot/v1.4.8; http://mj12bot.com/)" "-"
158.69.243.138 - - [04/Oct/2019:09:09:39 -0400] "GET /cusco/tours.html?apparel_type=41 HTTP/1.1" 200 44712 samakwasi.com "-" "Mozilla/5.0 (compatible; MJ12bot/v1.4.8; http://mj12bot.com/)" "-"
192.99.14.130 - - [04/Oct/2019:09:09:40 -0400] "GET /catalogsearch/result/?q=git%20card HTTP/1.1" 200 53785 samakwasi.com "-" "Mozilla/5.0 (compatible; MJ12bot/v1.4.8; http://mj12bot.com/)" "-"
158.69.243.138 - - [04/Oct/2019:09:09:44 -0400] "GET /cusco/tours.html?color=17 HTTP/1.1" 200 37945 samakwasi.com "-" "Mozilla/5.0 (compatible; MJ12bot/v1.4.8; http://mj12bot.com/)" "-"
158.69.243.138 - - [04/Oct/2019:09:09:50 -0400] "GET /cusco/tours.html?color=20 HTTP/1.1" 200 43932 samakwasi.com "-" "Mozilla/5.0 (compatible; MJ12bot/v1.4.8; http://mj12bot.com/)" "-"
158.69.243.138 - - [04/Oct/2019:09:09:53 -0400] "GET /cusco/tours.html?color=21 HTTP/1.1" 200 37154 samakwasi.com "-" "Mozilla/5.0 (compatible; MJ12bot/v1.4.8; http://mj12bot.com/)" "-"
192.99.14.130 - - [04/Oct/2019:09:09:56 -0400] "GET /catalogsearch/result/?q=luggage%20set HTTP/1.1" 200 63421 samakwasi.com "-" "Mozilla/5.0 (compatible; MJ12bot/v1.4.8; http://mj12bot.com/)" "-"
158.69.243.138 - - [04/Oct/2019:09:09:58 -0400] "GET /cusco/tours.html?color=22 HTTP/1.1" 200 41200 samakwasi.com "-" "Mozilla/5.0 (compatible; MJ12bot/v1.4.8; http://mj12bot.com/)" "-"
2800:810:42d:8f:d4d7:cafe:8963:2bbd - - [04/Oct/2019:09:10:01 -0400] "POST /index.php/admin/ HTTP/1.1" 200 3860 samakwasi.com "-" "Mozilla/5.0 (X11; Ubuntu; Linux x86_64; rv:62.0) Gecko/20100101 Firefox/62.0" "-"
158.69.243.138 - - [04/Oct/2019:09:10:06 -0400] "GET /cusco/tours.html?color=27 HTTP/1.1" 200 41234 samakwasi.com "-" "Mozilla/5.0 (compatible; MJ12bot/v1.4.8; http://mj12bot.com/)" "-"
203.210.131.95 - - [04/Oct/2019:09:10:12 -0400] "POST /admin/ HTTP/1.1" 200 3860 samakwasi.com "-" "Mozilla/5.0 (X11; Ubuntu; Linux x86_64; rv:62.0) Gecko/20100101 Firefox/62.0" "-"
158.69.243.138 - - [04/Oct/2019:09:10:14 -0400] "GET /cusco/tours.html?dir=desc&order=position HTTP/1.1" 200 53475 samakwasi.com "-" "Mozilla/5.0 (compatible; MJ12bot/v1.4.8; http://mj12bot.com/)" "-"
192.99.14.130 - - [04/Oct/2019:09:10:19 -0400] "GET /catalogsearch/result/?q=men HTTP/1.1" 200 64210 samakwasi.com "-" "Mozilla/5.0 (compatible; MJ12bot/v1.4.8; http://mj12bot.com/)" "-"
158.69.243.138 - - [04/Oct/2019:09:10:19 -0400] "GET /cusco/tours.html?fit=49 HTTP/1.1" 200 37650 samakwasi.com "-" "Mozilla/5.0 (compatible; MJ12bot/v1.4.8; http://mj12bot.com/)" "-"
158.69.243.138 - - [04/Oct/2019:09:10:27 -0400] "GET /cusco/tours.html?fit=50 HTTP/1.1" 200 41628 samakwasi.com "-" "Mozilla/5.0 (compatible; MJ12bot/v1.4.8; http://mj12bot.com/)" "-"
158.69.243.138 - - [04/Oct/2019:09:10:33 -0400] "GET /cusco/tours.html?fit=51 HTTP/1.1" 200 40637 samakwasi.com "-" "Mozilla/5.0 (compatible; MJ12bot/v1.4.8; http://mj12bot.com/)" "-"
192.99.14.130 - - [04/Oct/2019:09:10:35 -0400] "GET /catalogsearch/result/?q=modern HTTP/1.1" 200 55642 samakwasi.com "-" "Mozilla/5.0 (compatible; MJ12bot/v1.4.8; http://mj12bot.com/)" "-"
158.69.243.138 - - [04/Oct/2019:09:10:40 -0400] "GET /cusco/tours.html?gender=93 HTTP/1.1" 200 47008 samakwasi.com "-" "Mozilla/5.0 (compatible; MJ12bot/v1.4.8; http://mj12bot.com/)" "-"
158.69.243.138 - - [04/Oct/2019:09:10:45 -0400] "GET /cusco/tours.html?gender=94 HTTP/1.1" 200 40009 samakwasi.com "-" "Mozilla/5.0 (compatible; MJ12bot/v1.4.8; http://mj12bot.com/)" "-"
158.69.243.138 - - [04/Oct/2019:09:10:49 -0400] "GET /cusco/tours.html?mode=list HTTP/1.1" 200 56840 samakwasi.com "-" "Mozilla/5.0 (compatible; MJ12bot/v1.4.8; http://mj12bot.com/)" "-"
2403:6200:8832:f5d8:308f:798e:1af2:7f59 - - [04/Oct/2019:09:10:51 -0400] "POST /admin/ HTTP/1.1" 200 3860 samakwasi.com "-" "Mozilla/5.0 (X11; Ubuntu; Linux x86_64; rv:62.0) Gecko/20100101 Firefox/62.0" "-"
158.69.243.138 - - [04/Oct/2019:09:10:53 -0400] "GET /cusco/tours.html?occasion=29 HTTP/1.1" 200 44086 samakwasi.com "-" "Mozilla/5.0 (compatible; MJ12bot/v1.4.8; http://mj12bot.com/)" "-"
158.69.243.138 - - [04/Oct/2019:09:10:56 -0400] "GET /cusco/tours.html?occasion=30 HTTP/1.1" 200 37890 samakwasi.com "-" "Mozilla/5.0 (compatible; MJ12bot/v1.4.8; http://mj12bot.com/)" "-"
192.99.14.130 - - [04/Oct/2019:09:10:58 -0400] "GET /catalogsearch/result/?q=nolita HTTP/1.1" 200 42678 samakwasi.com "-" "Mozilla/5.0 (compatible; MJ12bot/v1.4.8; http://mj12bot.com/)" "-"
158.69.243.138 - - [04/Oct/2019:09:11:02 -0400] "GET /cusco/tours.html?occasion=31 HTTP/1.1" 200 41924 samakwasi.com "-" "Mozilla/5.0 (compatible; MJ12bot/v1.4.8; http://mj12bot.com/)" "-"
182.232.195.137 - - [04/Oct/2019:09:11:04 -0400] "POST /index.php/admin/ HTTP/1.1" 200 3860 samakwasi.com "-" "Mozilla/5.0 (X11; Ubuntu; Linux x86_64; rv:62.0) Gecko/20100101 Firefox/62.0" "-"
158.69.243.138 - - [04/Oct/2019:09:11:10 -0400] "GET /cusco/tours.html?price=-100 HTTP/1.1" 200 38222 samakwasi.com "-" "Mozilla/5.0 (compatible; MJ12bot/v1.4.8; http://mj12bot.com/)" "-"
158.69.243.138 - - [04/Oct/2019:09:11:17 -0400] "GET /cusco/tours.html?price=100-200 HTTP/1.1" 200 47233 samakwasi.com "-" "Mozilla/5.0 (compatible; MJ12bot/v1.4.8; http://mj12bot.com/)" "-"
192.99.14.130 - - [04/Oct/2019:09:11:19 -0400] "GET /catalogsearch/result/?q=ring HTTP/1.1" 200 63916 samakwasi.com "-" "Mozilla/5.0 (compatible; MJ12bot/v1.4.8; http://mj12bot.com/)" "-"
203.210.131.95 - - [04/Oct/2019:09:11:20 -0400] "POST /index.php/admin/ HTTP/1.1" 200 3860 samakwasi.com "-" "Mozilla/5.0 (X11; Ubuntu; Linux x86_64; rv:62.0) Gecko/20100101 Firefox/62.0" "-"
158.69.243.138 - - [04/Oct/2019:09:11:25 -0400] "GET /cusco/tours.html?price=300- HTTP/1.1" 200 37416 samakwasi.com "-" "Mozilla/5.0 (compatible; MJ12bot/v1.4.8; http://mj12bot.com/)" "-"
203.210.131.95 - - [04/Oct/2019:09:11:29 -0400] "POST /admin/ HTTP/1.1" 200 3860 samakwasi.com "-" "Mozilla/5.0 (X11; Ubuntu; Linux x86_64; rv:62.0) Gecko/20100101 Firefox/62.0" "-"
158.69.243.138 - - [04/Oct/2019:09:11:30 -0400] "GET /cusco/tours.html?size=77 HTTP/1.1" 200 45999 samakwasi.com "-" "Mozilla/5.0 (compatible; MJ12bot/v1.4.8; http://mj12bot.com/)" "-"
192.99.14.130 - - [04/Oct/2019:09:11:34 -0400] "GET /catalogsearch/result/?q=shirt HTTP/1.1" 200 43469 samakwasi.com "-" "Mozilla/5.0 (compatible; MJ12bot/v1.4.8; http://mj12bot.com/)" "-"
158.69.243.138 - - [04/Oct/2019:09:11:35 -0400] "GET /cusco/tours.html?size=78 HTTP/1.1" 200 47137 samakwasi.com "-" "Mozilla/5.0 (compatible; MJ12bot/v1.4.8; http://mj12bot.com/)" "-"
158.69.243.138 - - [04/Oct/2019:09:11:39 -0400] "GET /cusco/tours.html?size=79 HTTP/1.1" 200 43287 samakwasi.com "-" "Mozilla/5.0 (compatible; MJ12bot/v1.4.8; http://mj12bot.com/)" "-"
158.69.243.138 - - [04/Oct/2019:09:11:42 -0400] "GET /cusco/tours.html?size=80 HTTP/1.1" 200 49411 samakwasi.com "-" "Mozilla/5.0 (compatible; MJ12bot/v1.4.8; http://mj12bot.com/)" "-"
158.69.243.138 - - [04/Oct/2019:09:11:47 -0400] "GET /cusco/tours.html?size=81 HTTP/1.1" 200 51884 samakwasi.com "-" "Mozilla/5.0 (compatible; MJ12bot/v1.4.8; http://mj12bot.com/)" "-"
158.69.243.138 - - [04/Oct/2019:09:11:50 -0400] "GET /cusco/tours.html?sleeve_length=45 HTTP/1.1" 200 40221 samakwasi.com "-" "Mozilla/5.0 (compatible; MJ12bot/v1.4.8; http://mj12bot.com/)" "-"
158.255.238.129 - - [04/Oct/2019:09:11:51 -0400] "POST /downloader/index.php HTTP/1.1" 200 2906 samakwasi.com "-" "Mozilla/5.0 (Windows NT 6.1; Win64; x64) AppleWebKit/537.36 (KHTML, like Gecko) Chrome/73.0.3683.103 Safari/537.36" "-"
158.69.243.138 - - [04/Oct/2019:09:11:54 -0400] "GET /cusco/tours.html?sleeve_length=46 HTTP/1.1" 200 38434 samakwasi.com "-" "Mozilla/5.0 (compatible; MJ12bot/v1.4.8; http://mj12bot.com/)" "-"
158.69.243.138 - - [04/Oct/2019:09:11:56 -0400] "GET /cusco/tours.html?sleeve_length=47 HTTP/1.1" 200 44748 samakwasi.com "-" "Mozilla/5.0 (compatible; MJ12bot/v1.4.8; http://mj12bot.com/)" "-"
192.99.14.130 - - [04/Oct/2019:09:11:59 -0400] "GET /catalogsearch/result/?q=te HTTP/1.1" 200 64692 samakwasi.com "-" "Mozilla/5.0 (compatible; MJ12bot/v1.4.8; http://mj12bot.com/)" "-"
2402:800:6114:36a5:2134:ed41:e385:9fed - - [04/Oct/2019:09:12:00 -0400] "POST /admin/ HTTP/1.1" 200 3860 samakwasi.com "-" "Mozilla/5.0 (X11; Ubuntu; Linux x86_64; rv:62.0) Gecko/20100101 Firefox/62.0" "-"
158.69.243.138 - - [04/Oct/2019:09:11:59 -0400] "GET /cusco/tours/chelsea-tee.html HTTP/1.1" 200 120270 samakwasi.com "-" "Mozilla/5.0 (compatible; MJ12bot/v1.4.8; http://mj12bot.com/)" "-"
158.69.243.138 - - [04/Oct/2019:09:12:05 -0400] "GET /cusco/tours/french-cuff-cotton-twill-oxford-402.html HTTP/1.1" 200 46217 samakwasi.com "-" "Mozilla/5.0 (compatible; MJ12bot/v1.4.8; http://mj12bot.com/)" "-"
158.69.243.138 - - [04/Oct/2019:09:12:08 -0400] "GET /cusco/tours/paquete-cusco-5-dias-4-noches.html HTTP/1.1" 200 37596 samakwasi.com "-" "Mozilla/5.0 (compatible; MJ12bot/v1.4.8; http://mj12bot.com/)" "-"
158.69.243.138 - - [04/Oct/2019:09:12:12 -0400] "GET /cusco/tours/paquete-de-5-dias-4-noches-cusco.html HTTP/1.1" 200 43448 samakwasi.com "-" "Mozilla/5.0 (compatible; MJ12bot/v1.4.8; http://mj12bot.com/)" "-"
158.69.243.138 - - [04/Oct/2019:09:12:15 -0400] "GET /cusco/tours/plaid-cotton-shirt-404.html HTTP/1.1" 200 45305 samakwasi.com "-" "Mozilla/5.0 (compatible; MJ12bot/v1.4.8; http://mj12bot.com/)" "-"
41.237.46.103 - - [04/Oct/2019:09:12:15 -0400] "POST /index.php/admin/ HTTP/1.1" 200 3860 samakwasi.com "-" "Mozilla/5.0 (X11; Ubuntu; Linux x86_64; rv:62.0) Gecko/20100101 Firefox/62.0" "-"
158.69.243.138 - - [04/Oct/2019:09:12:18 -0400] "GET /cusco/tours/slim-fit-dobby-oxford-shirt-403.html HTTP/1.1" 200 45892 samakwasi.com "-" "Mozilla/5.0 (compatible; MJ12bot/v1.4.8; http://mj12bot.com/)" "-"
192.99.14.130 - - [04/Oct/2019:09:12:19 -0400] "GET /catalogsearch/result/?q=te%20Cusco%205%20d%C3%ADas/4%20noches HTTP/1.1" 200 66560 samakwasi.com "-" "Mozilla/5.0 (compatible; MJ12bot/v1.4.8; http://mj12bot.com/)" "-"
158.69.243.138 - - [04/Oct/2019:09:12:22 -0400] "GET /customer/account/forgotpassword/ HTTP/1.1" 200 24355 samakwasi.com "-" "Mozilla/5.0 (compatible; MJ12bot/v1.4.8; http://mj12bot.com/)" "-"
158.69.243.138 - - [04/Oct/2019:09:12:25 -0400] "GET /ica.html?apparel_type=33 HTTP/1.1" 200 38427 samakwasi.com "-" "Mozilla/5.0 (compatible; MJ12bot/v1.4.8; http://mj12bot.com/)" "-"
158.69.243.138 - - [04/Oct/2019:09:12:30 -0400] "GET /ica.html?apparel_type=41 HTTP/1.1" 200 37353 samakwasi.com "-" "Mozilla/5.0 (compatible; MJ12bot/v1.4.8; http://mj12bot.com/)" "-"
158.69.243.138 - - [04/Oct/2019:09:12:33 -0400] "GET /ica.html?bed_bath_type=184 HTTP/1.1" 200 36632 samakwasi.com "-" "Mozilla/5.0 (compatible; MJ12bot/v1.4.8; http://mj12bot.com/)" "-"
192.99.14.130 - - [04/Oct/2019:09:12:36 -0400] "GET /catalogsearch/result/?q=van%20cleef HTTP/1.1" 200 45187 samakwasi.com "-" "Mozilla/5.0 (compatible; MJ12bot/v1.4.8; http://mj12bot.com/)" "-"
158.69.243.138 - - [04/Oct/2019:09:12:37 -0400] "GET /ica.html?color=18 HTTP/1.1" 200 38223 samakwasi.com "-" "Mozilla/5.0 (compatible; MJ12bot/v1.4.8; http://mj12bot.com/)" "-"
158.69.243.138 - - [04/Oct/2019:09:12:41 -0400] "GET /ica.html?color=27 HTTP/1.1" 200 41318 samakwasi.com "-" "Mozilla/5.0 (compatible; MJ12bot/v1.4.8; http://mj12bot.com/)" "-"
124.158.171.82 - - [04/Oct/2019:09:12:42 -0400] "POST /index.php/admin/ HTTP/1.1" 200 3860 samakwasi.com "-" "Mozilla/5.0 (X11; Ubuntu; Linux x86_64; rv:62.0) Gecko/20100101 Firefox/62.0" "-"
158.69.243.138 - - [04/Oct/2019:09:12:45 -0400] "GET /ica.html?color=28 HTTP/1.1" 200 36204 samakwasi.com "-" "Mozilla/5.0 (compatible; MJ12bot/v1.4.8; http://mj12bot.com/)" "-"
158.69.243.138 - - [04/Oct/2019:09:12:48 -0400] "GET /ica.html?decor_type=217 HTTP/1.1" 200 36558 samakwasi.com "-" "Mozilla/5.0 (compatible; MJ12bot/v1.4.8; http://mj12bot.com/)" "-"
158.69.243.138 - - [04/Oct/2019:09:12:50 -0400] "GET /ica.html?dir=desc&order=position HTTP/1.1" 200 50275 samakwasi.com "-" "Mozilla/5.0 (compatible; MJ12bot/v1.4.8; http://mj12bot.com/)" "-"
192.99.14.130 - - [04/Oct/2019:09:12:51 -0400] "GET /catalogsearch/result/?q=vase HTTP/1.1" 200 40964 samakwasi.com "-" "Mozilla/5.0 (compatible; MJ12bot/v1.4.8; http://mj12bot.com/)" "-"
158.69.243.138 - - [04/Oct/2019:09:12:57 -0400] "GET /ica.html?fit=50 HTTP/1.1" 200 37116 samakwasi.com "-" "Mozilla/5.0 (compatible; MJ12bot/v1.4.8; http://mj12bot.com/)" "-"
158.69.243.138 - - [04/Oct/2019:09:13:01 -0400] "GET /ica.html?gender=93 HTTP/1.1" 200 37195 samakwasi.com "-" "Mozilla/5.0 (compatible; MJ12bot/v1.4.8; http://mj12bot.com/)" "-"
2402:800:634a:3a5f:cd90:81af:434c:5590 - - [04/Oct/2019:09:13:03 -0400] "POST /index.php/admin/ HTTP/1.1" 200 3860 samakwasi.com "-" "Mozilla/5.0 (X11; Ubuntu; Linux x86_64; rv:62.0) Gecko/20100101 Firefox/62.0" "-"
158.69.243.138 - - [04/Oct/2019:09:13:08 -0400] "GET /ica.html?gender=94 HTTP/1.1" 200 41792 samakwasi.com "-" "Mozilla/5.0 (compatible; MJ12bot/v1.4.8; http://mj12bot.com/)" "-"
158.69.243.138 - - [04/Oct/2019:09:13:11 -0400] "GET /ica.html?home_decor_type=191 HTTP/1.1" 200 36684 samakwasi.com "-" "Mozilla/5.0 (compatible; MJ12bot/v1.4.8; http://mj12bot.com/)" "-"
158.69.243.138 - - [04/Oct/2019:09:13:15 -0400] "GET /ica.html?length=84 HTTP/1.1" 200 38251 samakwasi.com "-" "Mozilla/5.0 (compatible; MJ12bot/v1.4.8; http://mj12bot.com/)" "-"
192.99.14.130 - - [04/Oct/2019:09:13:16 -0400] "GET /catalogsearch/result/?q=vase%20set HTTP/1.1" 200 62311 samakwasi.com "-" "Mozilla/5.0 (compatible; MJ12bot/v1.4.8; http://mj12bot.com/)" "-"
123.253.65.34 - - [04/Oct/2019:09:13:17 -0400] "POST /admin/ HTTP/1.1" 200 3860 samakwasi.com "-" "Mozilla/5.0 (X11; Ubuntu; Linux x86_64; rv:62.0) Gecko/20100101 Firefox/62.0" "-"
158.69.243.138 - - [04/Oct/2019:09:13:21 -0400] "GET /ica.html?material=129 HTTP/1.1" 200 36506 samakwasi.com "-" "Mozilla/5.0 (compatible; MJ12bot/v1.4.8; http://mj12bot.com/)" "-"
158.69.243.138 - - [04/Oct/2019:09:13:24 -0400] "GET /ica.html?material=130 HTTP/1.1" 200 36292 samakwasi.com "-" "Mozilla/5.0 (compatible; MJ12bot/v1.4.8; http://mj12bot.com/)" "-"
158.69.243.138 - - [04/Oct/2019:09:13:27 -0400] "GET /ica.html?mode=list HTTP/1.1" 200 52870 samakwasi.com "-" "Mozilla/5.0 (compatible; MJ12bot/v1.4.8; http://mj12bot.com/)" "-"
192.99.14.130 - - [04/Oct/2019:09:13:33 -0400] "GET /catalogsearch/result/?q=watch HTTP/1.1" 200 36722 samakwasi.com "-" "Mozilla/5.0 (compatible; MJ12bot/v1.4.8; http://mj12bot.com/)" "-"
158.69.243.138 - - [04/Oct/2019:09:13:34 -0400] "GET /ica.html?occasion=29 HTTP/1.1" 200 37249 samakwasi.com "-" "Mozilla/5.0 (compatible; MJ12bot/v1.4.8; http://mj12bot.com/)" "-"
158.69.243.138 - - [04/Oct/2019:09:13:39 -0400] "GET /ica.html?occasion=31 HTTP/1.1" 200 38311 samakwasi.com "-" "Mozilla/5.0 (compatible; MJ12bot/v1.4.8; http://mj12bot.com/)" "-"
82.77.85.221 - - [04/Oct/2019:09:13:40 -0400] "POST /index.php/admin/ HTTP/1.1" 200 3860 samakwasi.com "-" "Mozilla/5.0 (X11; Ubuntu; Linux x86_64; rv:62.0) Gecko/20100101 Firefox/62.0" "-"
158.69.243.138 - - [04/Oct/2019:09:13:43 -0400] "GET /ica.html?price=100-200 HTTP/1.1" 200 41161 samakwasi.com "-" "Mozilla/5.0 (compatible; MJ12bot/v1.4.8; http://mj12bot.com/)" "-"
192.99.14.130 - - [04/Oct/2019:09:13:45 -0400] "GET /catalogsearch/result/?q=women HTTP/1.1" 200 36278 samakwasi.com "-" "Mozilla/5.0 (compatible; MJ12bot/v1.4.8; http://mj12bot.com/)" "-"
158.69.243.138 - - [04/Oct/2019:09:13:47 -0400] "GET /ica.html?price=200- HTTP/1.1" 200 41807 samakwasi.com "-" "Mozilla/5.0 (compatible; MJ12bot/v1.4.8; http://mj12bot.com/)" "-"
158.69.243.138 - - [04/Oct/2019:09:13:51 -0400] "GET /ica.html?size=77 HTTP/1.1" 200 41513 samakwasi.com "-" "Mozilla/5.0 (compatible; MJ12bot/v1.4.8; http://mj12bot.com/)" "-"
158.69.243.138 - - [04/Oct/2019:09:13:55 -0400] "GET /ica.html?size=78 HTTP/1.1" 200 37309 samakwasi.com "-" "Mozilla/5.0 (compatible; MJ12bot/v1.4.8; http://mj12bot.com/)" "-"
158.69.243.138 - - [04/Oct/2019:09:13:58 -0400] "GET /ica.html?size=79 HTTP/1.1" 200 37309 samakwasi.com "-" "Mozilla/5.0 (compatible; MJ12bot/v1.4.8; http://mj12bot.com/)" "-"
158.69.243.138 - - [04/Oct/2019:09:14:03 -0400] "GET /ica.html?size=80 HTTP/1.1" 200 37309 samakwasi.com "-" "Mozilla/5.0 (compatible; MJ12bot/v1.4.8; http://mj12bot.com/)" "-"
223.206.238.163 - - [04/Oct/2019:09:14:05 -0400] "POST /admin/ HTTP/1.1" 200 3860 samakwasi.com "-" "Mozilla/5.0 (X11; Ubuntu; Linux x86_64; rv:62.0) Gecko/20100101 Firefox/62.0" "-"
158.69.243.138 - - [04/Oct/2019:09:14:06 -0400] "GET /ica.html?size=81 HTTP/1.1" 200 41513 samakwasi.com "-" "Mozilla/5.0 (compatible; MJ12bot/v1.4.8; http://mj12bot.com/)" "-"
158.69.243.138 - - [04/Oct/2019:09:14:08 -0400] "GET /ica.html?sleeve_length=45 HTTP/1.1" 200 38459 samakwasi.com "-" "Mozilla/5.0 (compatible; MJ12bot/v1.4.8; http://mj12bot.com/)" "-"
158.69.243.138 - - [04/Oct/2019:09:14:12 -0400] "GET /ica.html?sleeve_length=47 HTTP/1.1" 200 37382 samakwasi.com "-" "Mozilla/5.0 (compatible; MJ12bot/v1.4.8; http://mj12bot.com/)" "-"
192.99.14.130 - - [04/Oct/2019:09:14:12 -0400] "GET /chachapoyas/bags-luggage.html?bag_luggage_type=153 HTTP/1.1" 200 38565 samakwasi.com "-" "Mozilla/5.0 (compatible; MJ12bot/v1.4.8; http://mj12bot.com/)" "-"
158.69.243.138 - - [04/Oct/2019:09:14:15 -0400] "GET /jackie-o-round-sunglasses.html HTTP/1.1" 200 39740 samakwasi.com "-" "Mozilla/5.0 (compatible; MJ12bot/v1.4.8; http://mj12bot.com/)" "-"
158.69.243.138 - - [04/Oct/2019:09:14:17 -0400] "GET /madison-island-vip-membership-1-year.html/ HTTP/1.1" 200 52102 samakwasi.com "-" "Mozilla/5.0 (compatible; MJ12bot/v1.4.8; http://mj12bot.com/)" "-"
158.69.243.138 - - [04/Oct/2019:09:14:21 -0400] "GET /ofertas.html?apparel_type=36 HTTP/1.1" 200 40291 samakwasi.com "-" "Mozilla/5.0 (compatible; MJ12bot/v1.4.8; http://mj12bot.com/)" "-"
158.69.243.138 - - [04/Oct/2019:09:14:25 -0400] "GET /ofertas.html?apparel_type=39 HTTP/1.1" 200 40213 samakwasi.com "-" "Mozilla/5.0 (compatible; MJ12bot/v1.4.8; http://mj12bot.com/)" "-"
78.189.31.100 - - [04/Oct/2019:09:14:26 -0400] "POST /admin/ HTTP/1.1" 200 3860 samakwasi.com "-" "Mozilla/5.0 (X11; Ubuntu; Linux x86_64; rv:62.0) Gecko/20100101 Firefox/62.0" "-"
192.99.14.130 - - [04/Oct/2019:09:14:27 -0400] "GET /chachapoyas/bags-luggage.html?bag_luggage_type=154 HTTP/1.1" 200 38872 samakwasi.com "-" "Mozilla/5.0 (compatible; MJ12bot/v1.4.8; http://mj12bot.com/)" "-"
158.69.243.138 - - [04/Oct/2019:09:14:29 -0400] "GET /ofertas.html?color=20 HTTP/1.1" 200 45141 samakwasi.com "-" "Mozilla/5.0 (compatible; MJ12bot/v1.4.8; http://mj12bot.com/)" "-"
158.69.243.138 - - [04/Oct/2019:09:14:32 -0400] "GET /ofertas.html?color=22 HTTP/1.1" 200 38686 samakwasi.com "-" "Mozilla/5.0 (compatible; MJ12bot/v1.4.8; http://mj12bot.com/)" "-"
158.69.243.138 - - [04/Oct/2019:09:14:36 -0400] "GET /ofertas.html?color=26 HTTP/1.1" 200 40005 samakwasi.com "-" "Mozilla/5.0 (compatible; MJ12bot/v1.4.8; http://mj12bot.com/)" "-"
158.69.243.138 - - [04/Oct/2019:09:14:40 -0400] "GET /ofertas.html?color=27 HTTP/1.1" 200 40076 samakwasi.com "-" "Mozilla/5.0 (compatible; MJ12bot/v1.4.8; http://mj12bot.com/)" "-"
158.69.243.138 - - [04/Oct/2019:09:14:43 -0400] "GET /ofertas.html?decor_type=186 HTTP/1.1" 200 39063 samakwasi.com "-" "Mozilla/5.0 (compatible; MJ12bot/v1.4.8; http://mj12bot.com/)" "-"
192.99.14.130 - - [04/Oct/2019:09:14:45 -0400] "GET /chachapoyas/bags-luggage.html?bag_luggage_type=155 HTTP/1.1" 200 39299 samakwasi.com "-" "Mozilla/5.0 (compatible; MJ12bot/v1.4.8; http://mj12bot.com/)" "-"
158.69.243.138 - - [04/Oct/2019:09:14:47 -0400] "GET /ofertas.html?dir=desc&order=position HTTP/1.1" 200 59044 samakwasi.com "-" "Mozilla/5.0 (compatible; MJ12bot/v1.4.8; http://mj12bot.com/)" "-"
158.69.243.138 - - [04/Oct/2019:09:14:53 -0400] "GET /ofertas.html?electronic_type=218 HTTP/1.1" 200 38140 samakwasi.com "-" "Mozilla/5.0 (compatible; MJ12bot/v1.4.8; http://mj12bot.com/)" "-"
158.69.243.138 - - [04/Oct/2019:09:14:57 -0400] "GET /ofertas.html?fit=50 HTTP/1.1" 200 39949 samakwasi.com "-" "Mozilla/5.0 (compatible; MJ12bot/v1.4.8; http://mj12bot.com/)" "-"
192.99.14.130 - - [04/Oct/2019:09:14:58 -0400] "GET /chachapoyas/bags-luggage.html?bag_luggage_type=156 HTTP/1.1" 200 43853 samakwasi.com "-" "Mozilla/5.0 (compatible; MJ12bot/v1.4.8; http://mj12bot.com/)" "-"
176.218.234.126 - - [04/Oct/2019:09:14:59 -0400] "POST /index.php/admin/ HTTP/1.1" 200 3860 samakwasi.com "-" "Mozilla/5.0 (X11; Ubuntu; Linux x86_64; rv:62.0) Gecko/20100101 Firefox/62.0" "-"
158.69.243.138 - - [04/Oct/2019:09:15:01 -0400] "GET /ofertas.html?fit=51 HTTP/1.1" 200 40018 samakwasi.com "-" "Mozilla/5.0 (compatible; MJ12bot/v1.4.8; http://mj12bot.com/)" "-"
158.69.243.138 - - [04/Oct/2019:09:15:05 -0400] "GET /ofertas.html?format=195 HTTP/1.1" 200 37139 samakwasi.com "-" "Mozilla/5.0 (compatible; MJ12bot/v1.4.8; http://mj12bot.com/)" "-"
192.99.14.130 - - [04/Oct/2019:09:15:20 -0400] "GET /chachapoyas/bags-luggage.html?bag_luggage_type=157 HTTP/1.1" 200 39177 samakwasi.com "-" "Mozilla/5.0 (compatible; MJ12bot/v1.4.8; http://mj12bot.com/)" "-"
82.77.85.221 - - [04/Oct/2019:09:15:31 -0400] "POST /index.php/admin/ HTTP/1.1" 200 3860 samakwasi.com "-" "Mozilla/5.0 (X11; Ubuntu; Linux x86_64; rv:62.0) Gecko/20100101 Firefox/62.0" "-"
192.99.14.130 - - [04/Oct/2019:09:15:32 -0400] "GET /chachapoyas/bags-luggage.html?color=20 HTTP/1.1" 200 50987 samakwasi.com "-" "Mozilla/5.0 (compatible; MJ12bot/v1.4.8; http://mj12bot.com/)" "-"
2001:ee0:4001:8ca3:609e:8c86:948c:3fb0 - - [04/Oct/2019:09:15:42 -0400] "POST /index.php/admin/ HTTP/1.1" 200 3860 samakwasi.com "-" "Mozilla/5.0 (X11; Ubuntu; Linux x86_64; rv:62.0) Gecko/20100101 Firefox/62.0" "-"
175.145.59.124 - - [04/Oct/2019:09:15:45 -0400] "POST /admin/ HTTP/1.1" 200 3860 samakwasi.com "-" "Mozilla/5.0 (X11; Ubuntu; Linux x86_64; rv:62.0) Gecko/20100101 Firefox/62.0" "-"
192.99.14.130 - - [04/Oct/2019:09:15:52 -0400] "GET /chachapoyas/bags-luggage.html?color=27 HTTP/1.1" 200 38542 samakwasi.com "-" "Mozilla/5.0 (compatible; MJ12bot/v1.4.8; http://mj12bot.com/)" "-"
192.99.14.130 - - [04/Oct/2019:09:16:18 -0400] "GET /chachapoyas/bags-luggage.html?dir=desc&order=position HTTP/1.1" 200 57067 samakwasi.com "-" "Mozilla/5.0 (compatible; MJ12bot/v1.4.8; http://mj12bot.com/)" "-"
41.237.46.103 - - [04/Oct/2019:09:16:34 -0400] "POST /admin/ HTTP/1.1" 200 3860 samakwasi.com "-" "Mozilla/5.0 (X11; Ubuntu; Linux x86_64; rv:62.0) Gecko/20100101 Firefox/62.0" "-"
192.99.14.130 - - [04/Oct/2019:09:16:38 -0400] "GET /chachapoyas/bags-luggage.html?gender=220 HTTP/1.1" 200 46462 samakwasi.com "-" "Mozilla/5.0 (compatible; MJ12bot/v1.4.8; http://mj12bot.com/)" "-"
192.99.14.130 - - [04/Oct/2019:09:16:50 -0400] "GET /chachapoyas/bags-luggage.html?gender=93 HTTP/1.1" 200 39036 samakwasi.com "-" "Mozilla/5.0 (compatible; MJ12bot/v1.4.8; http://mj12bot.com/)" "-"
123.21.125.201 - - [04/Oct/2019:09:16:55 -0400] "POST /index.php/admin/ HTTP/1.1" 200 3860 samakwasi.com "-" "Mozilla/5.0 (X11; Ubuntu; Linux x86_64; rv:62.0) Gecko/20100101 Firefox/62.0" "-"
161.0.246.12 - - [04/Oct/2019:09:17:03 -0400] "POST /admin/ HTTP/1.1" 200 3860 samakwasi.com "-" "Mozilla/5.0 (X11; Ubuntu; Linux x86_64; rv:62.0) Gecko/20100101 Firefox/62.0" "-"
192.99.14.130 - - [04/Oct/2019:09:17:08 -0400] "GET /chachapoyas/bags-luggage.html?gender=94 HTTP/1.1" 200 38930 samakwasi.com "-" "Mozilla/5.0 (compatible; MJ12bot/v1.4.8; http://mj12bot.com/)" "-"
2800:810:42d:8f:d4d7:cafe:8963:2bbd - - [04/Oct/2019:09:17:20 -0400] "POST /index.php/admin/ HTTP/1.1" 200 3860 samakwasi.com "-" "Mozilla/5.0 (X11; Ubuntu; Linux x86_64; rv:62.0) Gecko/20100101 Firefox/62.0" "-"
175.145.59.124 - - [04/Oct/2019:09:17:28 -0400] "POST /admin/ HTTP/1.1" 200 3860 samakwasi.com "-" "Mozilla/5.0 (X11; Ubuntu; Linux x86_64; rv:62.0) Gecko/20100101 Firefox/62.0" "-"
192.99.14.130 - - [04/Oct/2019:09:17:33 -0400] "GET /chachapoyas/bags-luggage.html?material=138 HTTP/1.1" 200 48922 samakwasi.com "-" "Mozilla/5.0 (compatible; MJ12bot/v1.4.8; http://mj12bot.com/)" "-"
