2800:810:42d:8731:9516:baf5:84fe:16ff - - [04/Oct/2019:00:01:40 -0400] "POST /admin/ HTTP/1.1" 200 3860 samakwasi.com "-" "Mozilla/5.0 (X11; Ubuntu; Linux x86_64; rv:62.0) Gecko/20100101 Firefox/62.0" "-"
95.9.89.187 - - [04/Oct/2019:00:02:08 -0400] "POST /index.php/admin/ HTTP/1.1" 200 3860 samakwasi.com "-" "Mozilla/5.0 (X11; Ubuntu; Linux x86_64; rv:62.0) Gecko/20100101 Firefox/62.0" "-"
66.249.75.216 - - [04/Oct/2019:00:03:11 -0400] "GET /directory/currency/switch/currency/USD/uenc/aHR0cDovL3NhbWFrd2FzaS5jb20vdGFyYXBvdG8vdG91cnMuaHRtbA,,/ HTTP/1.1" 302 - samakwasi.com "-" "Mozilla/5.0 (compatible; Googlebot/2.1; +http://www.google.com/bot.html)" "-"
66.249.75.216 - - [04/Oct/2019:00:03:11 -0400] "GET /tarapoto/tours.html HTTP/1.1" 200 53171 samakwasi.com "-" "Mozilla/5.0 (compatible; Googlebot/2.1; +http://www.google.com/bot.html)" "-"
95.9.89.187 - - [04/Oct/2019:00:03:39 -0400] "POST /index.php/admin/ HTTP/1.1" 200 3860 samakwasi.com "-" "Mozilla/5.0 (X11; Ubuntu; Linux x86_64; rv:62.0) Gecko/20100101 Firefox/62.0" "-"
36.69.13.16 - - [04/Oct/2019:00:03:43 -0400] "POST /admin/ HTTP/1.1" 200 3860 samakwasi.com "-" "Mozilla/5.0 (X11; Ubuntu; Linux x86_64; rv:62.0) Gecko/20100101 Firefox/62.0" "-"
161.0.246.12 - - [04/Oct/2019:00:04:49 -0400] "POST /index.php/admin/ HTTP/1.1" 200 3860 samakwasi.com "-" "Mozilla/5.0 (X11; Ubuntu; Linux x86_64; rv:62.0) Gecko/20100101 Firefox/62.0" "-"
161.0.246.12 - - [04/Oct/2019:00:06:28 -0400] "POST /index.php/admin/ HTTP/1.1" 200 3860 samakwasi.com "-" "Mozilla/5.0 (X11; Ubuntu; Linux x86_64; rv:62.0) Gecko/20100101 Firefox/62.0" "-"
95.217.43.151 - - [04/Oct/2019:00:07:27 -0400] "POST /downloader/index.php HTTP/1.1" 302 - samakwasi.com "-" "Mozilla/5.0 (Windows NT 6.1; Win64; x64) AppleWebKit/537.36 (KHTML, like Gecko) Chrome/73.0.3683.103 Safari/537.36" "-"
95.217.43.151 - - [04/Oct/2019:00:07:27 -0400] "GET /downloader/index.php?A= HTTP/1.1" 200 2728 samakwasi.com "-" "Mozilla/5.0 (Windows NT 6.1; Win64; x64) AppleWebKit/537.36 (KHTML, like Gecko) Chrome/73.0.3683.103 Safari/537.36" "-"
95.217.43.151 - - [04/Oct/2019:00:07:28 -0400] "POST /downloader/index.php HTTP/1.1" 302 - samakwasi.com "-" "Mozilla/5.0 (Windows NT 6.1; Win64; x64) AppleWebKit/537.36 (KHTML, like Gecko) Chrome/73.0.3683.103 Safari/537.36" "-"
95.217.43.151 - - [04/Oct/2019:00:07:28 -0400] "GET /downloader/index.php?A=loggedin HTTP/1.1" 200 2883 samakwasi.com "-" "Mozilla/5.0 (Windows NT 6.1; Win64; x64) AppleWebKit/537.36 (KHTML, like Gecko) Chrome/73.0.3683.103 Safari/537.36" "-"
220.152.115.226 - - [04/Oct/2019:00:08:01 -0400] "POST /admin/ HTTP/1.1" 200 3860 samakwasi.com "-" "Mozilla/5.0 (X11; Ubuntu; Linux x86_64; rv:62.0) Gecko/20100101 Firefox/62.0" "-"
161.0.246.12 - - [04/Oct/2019:00:08:09 -0400] "POST /index.php/admin/ HTTP/1.1" 200 3860 samakwasi.com "-" "Mozilla/5.0 (X11; Ubuntu; Linux x86_64; rv:62.0) Gecko/20100101 Firefox/62.0" "-"
2403:6200:8813:b665:85c9:ab26:2334:d59 - - [04/Oct/2019:00:08:26 -0400] "POST /admin/ HTTP/1.1" 200 3860 samakwasi.com "-" "Mozilla/5.0 (X11; Ubuntu; Linux x86_64; rv:62.0) Gecko/20100101 Firefox/62.0" "-"
106.204.68.39 - - [04/Oct/2019:00:09:53 -0400] "POST /admin/ HTTP/1.1" 200 3860 samakwasi.com "-" "Mozilla/5.0 (X11; Ubuntu; Linux x86_64; rv:62.0) Gecko/20100101 Firefox/62.0" "-"
198.154.249.92 - - [04/Oct/2019:00:10:18 -0400] "GET /2019.tar.gz HTTP/1.1" 404 35502 samakwasi.com "-" "Mozilla/5.0 (X11; Ubuntu; Linux x86_64; rv:62.0) Gecko/20100101 Firefox/62.0" "-"
1.47.193.92 - - [04/Oct/2019:00:10:27 -0400] "POST /admin/ HTTP/1.1" 200 3860 samakwasi.com "-" "Mozilla/5.0 (X11; Ubuntu; Linux x86_64; rv:62.0) Gecko/20100101 Firefox/62.0" "-"
124.120.179.56 - - [04/Oct/2019:00:10:41 -0400] "POST /index.php/admin/ HTTP/1.1" 200 3860 samakwasi.com "-" "Mozilla/5.0 (X11; Ubuntu; Linux x86_64; rv:62.0) Gecko/20100101 Firefox/62.0" "-"
2800:810:42d:8731:9516:baf5:84fe:16ff - - [04/Oct/2019:00:11:55 -0400] "POST /admin/ HTTP/1.1" 200 3860 samakwasi.com "-" "Mozilla/5.0 (X11; Ubuntu; Linux x86_64; rv:62.0) Gecko/20100101 Firefox/62.0" "-"
171.226.6.86 - - [04/Oct/2019:00:12:14 -0400] "POST /index.php/admin/ HTTP/1.1" 200 3860 samakwasi.com "-" "Mozilla/5.0 (X11; Ubuntu; Linux x86_64; rv:62.0) Gecko/20100101 Firefox/62.0" "-"
2403:6200:8813:b665:85c9:ab26:2334:d59 - - [04/Oct/2019:00:13:01 -0400] "POST /index.php/admin/ HTTP/1.1" 200 3860 samakwasi.com "-" "Mozilla/5.0 (X11; Ubuntu; Linux x86_64; rv:62.0) Gecko/20100101 Firefox/62.0" "-"
2800:810:42d:8731:9516:baf5:84fe:16ff - - [04/Oct/2019:00:13:34 -0400] "POST /admin/ HTTP/1.1" 200 3860 samakwasi.com "-" "Mozilla/5.0 (X11; Ubuntu; Linux x86_64; rv:62.0) Gecko/20100101 Firefox/62.0" "-"
36.69.13.16 - - [04/Oct/2019:00:14:48 -0400] "POST /index.php/admin/ HTTP/1.1" 200 3860 samakwasi.com "-" "Mozilla/5.0 (X11; Ubuntu; Linux x86_64; rv:62.0) Gecko/20100101 Firefox/62.0" "-"
36.69.13.16 - - [04/Oct/2019:00:15:45 -0400] "POST /admin/ HTTP/1.1" 200 3860 samakwasi.com "-" "Mozilla/5.0 (X11; Ubuntu; Linux x86_64; rv:62.0) Gecko/20100101 Firefox/62.0" "-"
136.243.145.68 - - [04/Oct/2019:00:15:59 -0400] "POST /downloader/index.php HTTP/1.1" 302 - samakwasi.com "-" "Mozilla/5.0 (Windows NT 6.1; Win64; x64) AppleWebKit/537.36 (KHTML, like Gecko) Chrome/73.0.3683.103 Safari/537.36" "-"
136.243.145.68 - - [04/Oct/2019:00:15:59 -0400] "GET /downloader/index.php?A= HTTP/1.1" 200 2728 samakwasi.com "-" "Mozilla/5.0 (Windows NT 6.1; Win64; x64) AppleWebKit/537.36 (KHTML, like Gecko) Chrome/73.0.3683.103 Safari/537.36" "-"
136.243.145.68 - - [04/Oct/2019:00:16:00 -0400] "POST /downloader/index.php HTTP/1.1" 302 - samakwasi.com "-" "Mozilla/5.0 (Windows NT 6.1; Win64; x64) AppleWebKit/537.36 (KHTML, like Gecko) Chrome/73.0.3683.103 Safari/537.36" "-"
136.243.145.68 - - [04/Oct/2019:00:16:00 -0400] "GET /downloader/index.php?A=loggedin HTTP/1.1" 200 2965 samakwasi.com "-" "Mozilla/5.0 (Windows NT 6.1; Win64; x64) AppleWebKit/537.36 (KHTML, like Gecko) Chrome/73.0.3683.103 Safari/537.36" "-"
161.0.246.12 - - [04/Oct/2019:00:16:25 -0400] "POST /index.php/admin/ HTTP/1.1" 200 3860 samakwasi.com "-" "Mozilla/5.0 (X11; Ubuntu; Linux x86_64; rv:62.0) Gecko/20100101 Firefox/62.0" "-"
186.34.38.123 - - [04/Oct/2019:00:17:09 -0400] "POST /admin/ HTTP/1.1" 200 3860 samakwasi.com "-" "Mozilla/5.0 (X11; Ubuntu; Linux x86_64; rv:62.0) Gecko/20100101 Firefox/62.0" "-"
186.34.38.123 - - [04/Oct/2019:00:18:12 -0400] "POST /index.php/admin/ HTTP/1.1" 200 3860 samakwasi.com "-" "Mozilla/5.0 (X11; Ubuntu; Linux x86_64; rv:62.0) Gecko/20100101 Firefox/62.0" "-"
36.69.13.16 - - [04/Oct/2019:00:18:30 -0400] "POST /admin/ HTTP/1.1" 200 3860 samakwasi.com "-" "Mozilla/5.0 (X11; Ubuntu; Linux x86_64; rv:62.0) Gecko/20100101 Firefox/62.0" "-"
186.34.38.123 - - [04/Oct/2019:00:19:32 -0400] "POST /index.php/admin/ HTTP/1.1" 200 3860 samakwasi.com "-" "Mozilla/5.0 (X11; Ubuntu; Linux x86_64; rv:62.0) Gecko/20100101 Firefox/62.0" "-"
2800:810:42d:8731:9516:baf5:84fe:16ff - - [04/Oct/2019:00:19:55 -0400] "POST /admin/ HTTP/1.1" 200 3860 samakwasi.com "-" "Mozilla/5.0 (X11; Ubuntu; Linux x86_64; rv:62.0) Gecko/20100101 Firefox/62.0" "-"
2001:ee0:4001:8ca3:a81e:32d2:5d22:f000 - - [04/Oct/2019:00:21:14 -0400] "POST /admin/ HTTP/1.1" 200 3860 samakwasi.com "-" "Mozilla/5.0 (X11; Ubuntu; Linux x86_64; rv:62.0) Gecko/20100101 Firefox/62.0" "-"
2800:810:42d:8731:9516:baf5:84fe:16ff - - [04/Oct/2019:00:22:16 -0400] "POST /index.php/admin/ HTTP/1.1" 200 3860 samakwasi.com "-" "Mozilla/5.0 (X11; Ubuntu; Linux x86_64; rv:62.0) Gecko/20100101 Firefox/62.0" "-"
186.34.38.123 - - [04/Oct/2019:00:23:41 -0400] "POST /index.php/admin/ HTTP/1.1" 200 3860 samakwasi.com "-" "Mozilla/5.0 (X11; Ubuntu; Linux x86_64; rv:62.0) Gecko/20100101 Firefox/62.0" "-"
49.205.141.226 - - [04/Oct/2019:00:23:55 -0400] "POST /admin/ HTTP/1.1" 200 3860 samakwasi.com "-" "Mozilla/5.0 (X11; Ubuntu; Linux x86_64; rv:62.0) Gecko/20100101 Firefox/62.0" "-"
119.158.107.219 - - [04/Oct/2019:00:24:15 -0400] "POST /admin/ HTTP/1.1" 200 3860 samakwasi.com "-" "Mozilla/5.0 (X11; Ubuntu; Linux x86_64; rv:62.0) Gecko/20100101 Firefox/62.0" "-"
193.227.16.92 - - [04/Oct/2019:00:24:37 -0400] "POST /downloader/index.php HTTP/1.1" 200 2906 samakwasi.com "-" "Mozilla/5.0 (Windows NT 6.1; Win64; x64) AppleWebKit/537.36 (KHTML, like Gecko) Chrome/73.0.3683.103 Safari/537.36" "-"
103.139.178.8 - - [04/Oct/2019:00:25:32 -0400] "POST /admin/ HTTP/1.1" 200 3860 samakwasi.com "-" "Mozilla/5.0 (X11; Ubuntu; Linux x86_64; rv:62.0) Gecko/20100101 Firefox/62.0" "-"
220.152.115.226 - - [04/Oct/2019:00:26:16 -0400] "POST /index.php/admin/ HTTP/1.1" 200 3860 samakwasi.com "-" "Mozilla/5.0 (X11; Ubuntu; Linux x86_64; rv:62.0) Gecko/20100101 Firefox/62.0" "-"
1.47.193.92 - - [04/Oct/2019:00:27:14 -0400] "POST /index.php/admin/ HTTP/1.1" 200 3860 samakwasi.com "-" "Mozilla/5.0 (X11; Ubuntu; Linux x86_64; rv:62.0) Gecko/20100101 Firefox/62.0" "-"
2001:ee0:4001:8ca3:a81e:32d2:5d22:f000 - - [04/Oct/2019:00:27:16 -0400] "POST /admin/ HTTP/1.1" 200 3860 samakwasi.com "-" "Mozilla/5.0 (X11; Ubuntu; Linux x86_64; rv:62.0) Gecko/20100101 Firefox/62.0" "-"
49.205.141.226 - - [04/Oct/2019:00:28:06 -0400] "POST /index.php/admin/ HTTP/1.1" 200 3860 samakwasi.com "-" "Mozilla/5.0 (X11; Ubuntu; Linux x86_64; rv:62.0) Gecko/20100101 Firefox/62.0" "-"
171.226.6.86 - - [04/Oct/2019:00:29:16 -0400] "POST /admin/ HTTP/1.1" 200 3860 samakwasi.com "-" "Mozilla/5.0 (X11; Ubuntu; Linux x86_64; rv:62.0) Gecko/20100101 Firefox/62.0" "-"
1.47.193.92 - - [04/Oct/2019:00:30:55 -0400] "POST /index.php/admin/ HTTP/1.1" 200 3860 samakwasi.com "-" "Mozilla/5.0 (X11; Ubuntu; Linux x86_64; rv:62.0) Gecko/20100101 Firefox/62.0" "-"
220.152.115.226 - - [04/Oct/2019:00:31:07 -0400] "POST /admin/ HTTP/1.1" 200 3860 samakwasi.com "-" "Mozilla/5.0 (X11; Ubuntu; Linux x86_64; rv:62.0) Gecko/20100101 Firefox/62.0" "-"
106.204.195.162 - - [04/Oct/2019:00:31:44 -0400] "POST /index.php/admin/ HTTP/1.1" 200 3860 samakwasi.com "-" "Mozilla/5.0 (X11; Ubuntu; Linux x86_64; rv:62.0) Gecko/20100101 Firefox/62.0" "-"
5.188.62.5 - - [04/Oct/2019:00:31:54 -0400] "GET /index.php/admin/ HTTP/1.1" 200 3714 samakwasi.com "http://samakwasi.com/index.php/admin/" "Mozilla/5.0 (Windows; U; Windows NT 6.1; en-US; rv:1.9.1.6) Gecko/20091201 Firefox/3.5.6 (.NET CLR 3.5.30729)" "-"
5.188.62.5 - - [04/Oct/2019:00:31:55 -0400] "POST /index.php/admin/ HTTP/1.1" 200 3868 samakwasi.com "http://samakwasi.com/index.php/admin/" "Mozilla/5.0 (Windows; U; Windows NT 6.1; en-US; rv:1.9.1.6) Gecko/20091201 Firefox/3.5.6 (.NET CLR 3.5.30729)" "-"
49.205.141.226 - - [04/Oct/2019:00:32:27 -0400] "POST /index.php/admin/ HTTP/1.1" 200 3860 samakwasi.com "-" "Mozilla/5.0 (X11; Ubuntu; Linux x86_64; rv:62.0) Gecko/20100101 Firefox/62.0" "-"
212.16.164.132 - - [04/Oct/2019:00:32:45 -0400] "POST /downloader/index.php HTTP/1.1" 200 2906 samakwasi.com "-" "Mozilla/5.0 (Windows NT 6.1; Win64; x64) AppleWebKit/537.36 (KHTML, like Gecko) Chrome/73.0.3683.103 Safari/537.36" "-"
2403:6200:8813:b665:85c9:ab26:2334:d59 - - [04/Oct/2019:00:34:03 -0400] "POST /index.php/admin/ HTTP/1.1" 200 3860 samakwasi.com "-" "Mozilla/5.0 (X11; Ubuntu; Linux x86_64; rv:62.0) Gecko/20100101 Firefox/62.0" "-"
92.253.95.123 - - [04/Oct/2019:00:34:07 -0400] "POST /admin/ HTTP/1.1" 200 3860 samakwasi.com "-" "Mozilla/5.0 (X11; Ubuntu; Linux x86_64; rv:62.0) Gecko/20100101 Firefox/62.0" "-"
171.226.6.86 - - [04/Oct/2019:00:35:03 -0400] "POST /admin/ HTTP/1.1" 200 3860 samakwasi.com "-" "Mozilla/5.0 (X11; Ubuntu; Linux x86_64; rv:62.0) Gecko/20100101 Firefox/62.0" "-"
186.34.38.123 - - [04/Oct/2019:00:35:46 -0400] "POST /index.php/admin/ HTTP/1.1" 200 3860 samakwasi.com "-" "Mozilla/5.0 (X11; Ubuntu; Linux x86_64; rv:62.0) Gecko/20100101 Firefox/62.0" "-"
39.43.45.190 - - [04/Oct/2019:00:36:06 -0400] "POST /admin/ HTTP/1.1" 200 3860 samakwasi.com "-" "Mozilla/5.0 (X11; Ubuntu; Linux x86_64; rv:62.0) Gecko/20100101 Firefox/62.0" "-"
161.0.246.12 - - [04/Oct/2019:00:37:10 -0400] "POST /index.php/admin/ HTTP/1.1" 200 3860 samakwasi.com "-" "Mozilla/5.0 (X11; Ubuntu; Linux x86_64; rv:62.0) Gecko/20100101 Firefox/62.0" "-"
49.205.141.226 - - [04/Oct/2019:00:37:34 -0400] "POST /admin/ HTTP/1.1" 200 3860 samakwasi.com "-" "Mozilla/5.0 (X11; Ubuntu; Linux x86_64; rv:62.0) Gecko/20100101 Firefox/62.0" "-"
2001:ee0:4001:8ca3:5c4d:40c5:a009:74f5 - - [04/Oct/2019:00:38:49 -0400] "POST /index.php/admin/ HTTP/1.1" 200 3860 samakwasi.com "-" "Mozilla/5.0 (X11; Ubuntu; Linux x86_64; rv:62.0) Gecko/20100101 Firefox/62.0" "-"
2403:6200:8813:b665:85c9:ab26:2334:d59 - - [04/Oct/2019:00:39:03 -0400] "POST /admin/ HTTP/1.1" 200 3860 samakwasi.com "-" "Mozilla/5.0 (X11; Ubuntu; Linux x86_64; rv:62.0) Gecko/20100101 Firefox/62.0" "-"
186.34.38.123 - - [04/Oct/2019:00:40:07 -0400] "POST /index.php/admin/ HTTP/1.1" 200 3860 samakwasi.com "-" "Mozilla/5.0 (X11; Ubuntu; Linux x86_64; rv:62.0) Gecko/20100101 Firefox/62.0" "-"
49.205.141.226 - - [04/Oct/2019:00:40:15 -0400] "POST /admin/ HTTP/1.1" 200 3860 samakwasi.com "-" "Mozilla/5.0 (X11; Ubuntu; Linux x86_64; rv:62.0) Gecko/20100101 Firefox/62.0" "-"
2a01:4f8:171:13c3::2 - - [04/Oct/2019:00:41:01 -0400] "POST /downloader/index.php HTTP/1.1" 200 2906 samakwasi.com "-" "Mozilla/5.0 (Windows NT 6.1; Win64; x64) AppleWebKit/537.36 (KHTML, like Gecko) Chrome/73.0.3683.103 Safari/537.36" "-"
39.43.45.190 - - [04/Oct/2019:00:41:19 -0400] "POST /index.php/admin/ HTTP/1.1" 200 3860 samakwasi.com "-" "Mozilla/5.0 (X11; Ubuntu; Linux x86_64; rv:62.0) Gecko/20100101 Firefox/62.0" "-"
106.204.195.162 - - [04/Oct/2019:00:41:32 -0400] "POST /admin/ HTTP/1.1" 200 3860 samakwasi.com "-" "Mozilla/5.0 (X11; Ubuntu; Linux x86_64; rv:62.0) Gecko/20100101 Firefox/62.0" "-"
49.205.141.226 - - [04/Oct/2019:00:42:27 -0400] "POST /index.php/admin/ HTTP/1.1" 200 3860 samakwasi.com "-" "Mozilla/5.0 (X11; Ubuntu; Linux x86_64; rv:62.0) Gecko/20100101 Firefox/62.0" "-"
2800:810:42d:8731:9516:baf5:84fe:16ff - - [04/Oct/2019:00:42:56 -0400] "POST /admin/ HTTP/1.1" 200 3860 samakwasi.com "-" "Mozilla/5.0 (X11; Ubuntu; Linux x86_64; rv:62.0) Gecko/20100101 Firefox/62.0" "-"
103.139.178.8 - - [04/Oct/2019:00:44:00 -0400] "POST /index.php/admin/ HTTP/1.1" 200 3860 samakwasi.com "-" "Mozilla/5.0 (X11; Ubuntu; Linux x86_64; rv:62.0) Gecko/20100101 Firefox/62.0" "-"
198.154.249.92 - - [04/Oct/2019:00:44:07 -0400] "GET /2019.txt.gz HTTP/1.1" 404 35510 samakwasi.com "-" "Mozilla/5.0 (X11; Ubuntu; Linux x86_64; rv:62.0) Gecko/20100101 Firefox/62.0" "-"
2800:810:42d:8731:9516:baf5:84fe:16ff - - [04/Oct/2019:00:44:21 -0400] "POST /admin/ HTTP/1.1" 200 3860 samakwasi.com "-" "Mozilla/5.0 (X11; Ubuntu; Linux x86_64; rv:62.0) Gecko/20100101 Firefox/62.0" "-"
186.34.38.123 - - [04/Oct/2019:00:45:24 -0400] "POST /index.php/admin/ HTTP/1.1" 200 3860 samakwasi.com "-" "Mozilla/5.0 (X11; Ubuntu; Linux x86_64; rv:62.0) Gecko/20100101 Firefox/62.0" "-"
95.9.89.187 - - [04/Oct/2019:00:46:20 -0400] "POST /admin/ HTTP/1.1" 200 3860 samakwasi.com "-" "Mozilla/5.0 (X11; Ubuntu; Linux x86_64; rv:62.0) Gecko/20100101 Firefox/62.0" "-"
103.139.178.8 - - [04/Oct/2019:00:46:36 -0400] "POST /index.php/admin/ HTTP/1.1" 200 3860 samakwasi.com "-" "Mozilla/5.0 (X11; Ubuntu; Linux x86_64; rv:62.0) Gecko/20100101 Firefox/62.0" "-"
2403:6200:8813:b665:85c9:ab26:2334:d59 - - [04/Oct/2019:00:47:16 -0400] "POST /admin/ HTTP/1.1" 200 3860 samakwasi.com "-" "Mozilla/5.0 (X11; Ubuntu; Linux x86_64; rv:62.0) Gecko/20100101 Firefox/62.0" "-"
186.34.38.123 - - [04/Oct/2019:00:47:59 -0400] "POST /index.php/admin/ HTTP/1.1" 200 3860 samakwasi.com "-" "Mozilla/5.0 (X11; Ubuntu; Linux x86_64; rv:62.0) Gecko/20100101 Firefox/62.0" "-"
2001:ee0:4001:8ca3:5c4d:40c5:a009:74f5 - - [04/Oct/2019:00:48:36 -0400] "POST /admin/ HTTP/1.1" 200 3860 samakwasi.com "-" "Mozilla/5.0 (X11; Ubuntu; Linux x86_64; rv:62.0) Gecko/20100101 Firefox/62.0" "-"
220.152.115.226 - - [04/Oct/2019:00:51:03 -0400] "POST /index.php/admin/ HTTP/1.1" 200 3860 samakwasi.com "-" "Mozilla/5.0 (X11; Ubuntu; Linux x86_64; rv:62.0) Gecko/20100101 Firefox/62.0" "-"
2a01:4f8:171:13c3::2 - - [04/Oct/2019:00:51:20 -0400] "POST /downloader/index.php HTTP/1.1" 200 2906 samakwasi.com "-" "Mozilla/5.0 (Windows NT 6.1; Win64; x64) AppleWebKit/537.36 (KHTML, like Gecko) Chrome/73.0.3683.103 Safari/537.36" "-"
39.43.45.190 - - [04/Oct/2019:00:51:54 -0400] "POST /index.php/admin/ HTTP/1.1" 200 3860 samakwasi.com "-" "Mozilla/5.0 (X11; Ubuntu; Linux x86_64; rv:62.0) Gecko/20100101 Firefox/62.0" "-"
171.226.6.86 - - [04/Oct/2019:00:51:54 -0400] "POST /admin/ HTTP/1.1" 200 3860 samakwasi.com "-" "Mozilla/5.0 (X11; Ubuntu; Linux x86_64; rv:62.0) Gecko/20100101 Firefox/62.0" "-"
2001:ee0:46db:6d20:f51a:8ba6:fa1f:e488 - - [04/Oct/2019:00:52:07 -0400] "POST /admin/ HTTP/1.1" 200 3860 samakwasi.com "-" "Mozilla/5.0 (X11; Ubuntu; Linux x86_64; rv:62.0) Gecko/20100101 Firefox/62.0" "-"
196.195.69.77 - - [04/Oct/2019:00:52:21 -0400] "POST /index.php/admin/ HTTP/1.1" 200 3860 samakwasi.com "-" "Mozilla/5.0 (X11; Ubuntu; Linux x86_64; rv:62.0) Gecko/20100101 Firefox/62.0" "-"
2001:ee0:46db:6d20:f51a:8ba6:fa1f:e488 - - [04/Oct/2019:00:52:59 -0400] "POST /index.php/admin/ HTTP/1.1" 200 3860 samakwasi.com "-" "Mozilla/5.0 (X11; Ubuntu; Linux x86_64; rv:62.0) Gecko/20100101 Firefox/62.0" "-"
95.9.89.187 - - [04/Oct/2019:00:54:54 -0400] "POST /index.php/admin/ HTTP/1.1" 200 3860 samakwasi.com "-" "Mozilla/5.0 (X11; Ubuntu; Linux x86_64; rv:62.0) Gecko/20100101 Firefox/62.0" "-"
171.226.6.86 - - [04/Oct/2019:00:55:06 -0400] "POST /admin/ HTTP/1.1" 200 3860 samakwasi.com "-" "Mozilla/5.0 (X11; Ubuntu; Linux x86_64; rv:62.0) Gecko/20100101 Firefox/62.0" "-"
186.34.38.123 - - [04/Oct/2019:00:55:43 -0400] "POST /admin/ HTTP/1.1" 200 3860 samakwasi.com "-" "Mozilla/5.0 (X11; Ubuntu; Linux x86_64; rv:62.0) Gecko/20100101 Firefox/62.0" "-"
117.4.43.223 - - [04/Oct/2019:00:56:04 -0400] "POST /index.php/admin/ HTTP/1.1" 200 3860 samakwasi.com "-" "Mozilla/5.0 (X11; Ubuntu; Linux x86_64; rv:62.0) Gecko/20100101 Firefox/62.0" "-"
39.43.45.190 - - [04/Oct/2019:00:56:41 -0400] "POST /index.php/admin/ HTTP/1.1" 200 3860 samakwasi.com "-" "Mozilla/5.0 (X11; Ubuntu; Linux x86_64; rv:62.0) Gecko/20100101 Firefox/62.0" "-"
161.0.246.12 - - [04/Oct/2019:00:58:12 -0400] "POST /index.php/admin/ HTTP/1.1" 200 3860 samakwasi.com "-" "Mozilla/5.0 (X11; Ubuntu; Linux x86_64; rv:62.0) Gecko/20100101 Firefox/62.0" "-"
171.226.6.86 - - [04/Oct/2019:00:58:36 -0400] "POST /admin/ HTTP/1.1" 200 3860 samakwasi.com "-" "Mozilla/5.0 (X11; Ubuntu; Linux x86_64; rv:62.0) Gecko/20100101 Firefox/62.0" "-"
2a01:4f8:171:13c3::2 - - [04/Oct/2019:00:58:43 -0400] "POST /downloader/index.php HTTP/1.1" 200 2906 samakwasi.com "-" "Mozilla/5.0 (Windows NT 6.1; Win64; x64) AppleWebKit/537.36 (KHTML, like Gecko) Chrome/73.0.3683.103 Safari/537.36" "-"
92.253.95.123 - - [04/Oct/2019:00:58:54 -0400] "POST /index.php/admin/ HTTP/1.1" 200 3860 samakwasi.com "-" "Mozilla/5.0 (X11; Ubuntu; Linux x86_64; rv:62.0) Gecko/20100101 Firefox/62.0" "-"
2403:6200:8813:b665:85c9:ab26:2334:d59 - - [04/Oct/2019:00:59:17 -0400] "POST /admin/ HTTP/1.1" 200 3860 samakwasi.com "-" "Mozilla/5.0 (X11; Ubuntu; Linux x86_64; rv:62.0) Gecko/20100101 Firefox/62.0" "-"
92.253.95.123 - - [04/Oct/2019:00:59:58 -0400] "POST /index.php/admin/ HTTP/1.1" 200 3860 samakwasi.com "-" "Mozilla/5.0 (X11; Ubuntu; Linux x86_64; rv:62.0) Gecko/20100101 Firefox/62.0" "-"
49.205.141.226 - - [04/Oct/2019:01:00:48 -0400] "POST /index.php/admin/ HTTP/1.1" 200 3860 samakwasi.com "-" "Mozilla/5.0 (X11; Ubuntu; Linux x86_64; rv:62.0) Gecko/20100101 Firefox/62.0" "-"
2800:810:42d:8731:9516:baf5:84fe:16ff - - [04/Oct/2019:01:01:02 -0400] "POST /admin/ HTTP/1.1" 200 3860 samakwasi.com "-" "Mozilla/5.0 (X11; Ubuntu; Linux x86_64; rv:62.0) Gecko/20100101 Firefox/62.0" "-"
2403:6200:8813:b665:85c9:ab26:2334:d59 - - [04/Oct/2019:01:01:56 -0400] "POST /index.php/admin/ HTTP/1.1" 200 3860 samakwasi.com "-" "Mozilla/5.0 (X11; Ubuntu; Linux x86_64; rv:62.0) Gecko/20100101 Firefox/62.0" "-"
186.34.38.123 - - [04/Oct/2019:01:02:28 -0400] "POST /admin/ HTTP/1.1" 200 3860 samakwasi.com "-" "Mozilla/5.0 (X11; Ubuntu; Linux x86_64; rv:62.0) Gecko/20100101 Firefox/62.0" "-"
2001:ee0:46db:6d20:f51a:8ba6:fa1f:e488 - - [04/Oct/2019:01:03:07 -0400] "POST /index.php/admin/ HTTP/1.1" 200 3860 samakwasi.com "-" "Mozilla/5.0 (X11; Ubuntu; Linux x86_64; rv:62.0) Gecko/20100101 Firefox/62.0" "-"
2001:ee0:46db:6d20:f51a:8ba6:fa1f:e488 - - [04/Oct/2019:01:04:11 -0400] "POST /index.php/admin/ HTTP/1.1" 200 3860 samakwasi.com "-" "Mozilla/5.0 (X11; Ubuntu; Linux x86_64; rv:62.0) Gecko/20100101 Firefox/62.0" "-"
92.253.95.123 - - [04/Oct/2019:01:04:33 -0400] "POST /admin/ HTTP/1.1" 200 3860 samakwasi.com "-" "Mozilla/5.0 (X11; Ubuntu; Linux x86_64; rv:62.0) Gecko/20100101 Firefox/62.0" "-"
2001:ee0:46db:6d20:f51a:8ba6:fa1f:e488 - - [04/Oct/2019:01:05:38 -0400] "POST /index.php/admin/ HTTP/1.1" 200 3860 samakwasi.com "-" "Mozilla/5.0 (X11; Ubuntu; Linux x86_64; rv:62.0) Gecko/20100101 Firefox/62.0" "-"
186.34.38.123 - - [04/Oct/2019:01:06:01 -0400] "POST /admin/ HTTP/1.1" 200 3860 samakwasi.com "-" "Mozilla/5.0 (X11; Ubuntu; Linux x86_64; rv:62.0) Gecko/20100101 Firefox/62.0" "-"
2403:6200:8813:b665:85c9:ab26:2334:d59 - - [04/Oct/2019:01:07:03 -0400] "POST /admin/ HTTP/1.1" 200 3860 samakwasi.com "-" "Mozilla/5.0 (X11; Ubuntu; Linux x86_64; rv:62.0) Gecko/20100101 Firefox/62.0" "-"
175.138.30.9 - - [04/Oct/2019:01:07:07 -0400] "POST /downloader/index.php HTTP/1.1" 200 2906 samakwasi.com "-" "Mozilla/5.0 (Windows NT 6.1; Win64; x64) AppleWebKit/537.36 (KHTML, like Gecko) Chrome/73.0.3683.103 Safari/537.36" "-"
196.195.69.77 - - [04/Oct/2019:01:08:43 -0400] "POST /admin/ HTTP/1.1" 200 3860 samakwasi.com "-" "Mozilla/5.0 (X11; Ubuntu; Linux x86_64; rv:62.0) Gecko/20100101 Firefox/62.0" "-"
92.253.95.123 - - [04/Oct/2019:01:08:47 -0400] "POST /index.php/admin/ HTTP/1.1" 200 3860 samakwasi.com "-" "Mozilla/5.0 (X11; Ubuntu; Linux x86_64; rv:62.0) Gecko/20100101 Firefox/62.0" "-"
124.122.94.195 - - [04/Oct/2019:01:08:54 -0400] "POST /index.php/admin/ HTTP/1.1" 200 3860 samakwasi.com "-" "Mozilla/5.0 (X11; Ubuntu; Linux x86_64; rv:62.0) Gecko/20100101 Firefox/62.0" "-"
117.4.43.223 - - [04/Oct/2019:01:09:50 -0400] "POST /admin/ HTTP/1.1" 200 3860 samakwasi.com "-" "Mozilla/5.0 (X11; Ubuntu; Linux x86_64; rv:62.0) Gecko/20100101 Firefox/62.0" "-"
2001:ee0:45c8:2f30:100a:1543:c001:2f40 - - [04/Oct/2019:01:09:59 -0400] "POST /index.php/admin/ HTTP/1.1" 200 3860 samakwasi.com "-" "Mozilla/5.0 (X11; Ubuntu; Linux x86_64; rv:62.0) Gecko/20100101 Firefox/62.0" "-"
2800:810:42d:8731:9516:baf5:84fe:16ff - - [04/Oct/2019:01:10:13 -0400] "POST /admin/ HTTP/1.1" 200 3860 samakwasi.com "-" "Mozilla/5.0 (X11; Ubuntu; Linux x86_64; rv:62.0) Gecko/20100101 Firefox/62.0" "-"
2800:810:42d:8731:9516:baf5:84fe:16ff - - [04/Oct/2019:01:10:53 -0400] "POST /index.php/admin/ HTTP/1.1" 200 3860 samakwasi.com "-" "Mozilla/5.0 (X11; Ubuntu; Linux x86_64; rv:62.0) Gecko/20100101 Firefox/62.0" "-"
186.34.38.123 - - [04/Oct/2019:01:11:15 -0400] "POST /admin/ HTTP/1.1" 200 3860 samakwasi.com "-" "Mozilla/5.0 (X11; Ubuntu; Linux x86_64; rv:62.0) Gecko/20100101 Firefox/62.0" "-"
186.34.38.123 - - [04/Oct/2019:01:11:56 -0400] "POST /index.php/admin/ HTTP/1.1" 200 3860 samakwasi.com "-" "Mozilla/5.0 (X11; Ubuntu; Linux x86_64; rv:62.0) Gecko/20100101 Firefox/62.0" "-"
161.0.246.12 - - [04/Oct/2019:01:12:37 -0400] "POST /admin/ HTTP/1.1" 200 3860 samakwasi.com "-" "Mozilla/5.0 (X11; Ubuntu; Linux x86_64; rv:62.0) Gecko/20100101 Firefox/62.0" "-"
39.43.45.190 - - [04/Oct/2019:01:12:58 -0400] "POST /index.php/admin/ HTTP/1.1" 200 3860 samakwasi.com "-" "Mozilla/5.0 (X11; Ubuntu; Linux x86_64; rv:62.0) Gecko/20100101 Firefox/62.0" "-"
2403:6200:8813:b665:85c9:ab26:2334:d59 - - [04/Oct/2019:01:13:31 -0400] "POST /admin/ HTTP/1.1" 200 3860 samakwasi.com "-" "Mozilla/5.0 (X11; Ubuntu; Linux x86_64; rv:62.0) Gecko/20100101 Firefox/62.0" "-"
2800:810:42d:8731:9516:baf5:84fe:16ff - - [04/Oct/2019:01:14:34 -0400] "POST /admin/ HTTP/1.1" 200 3860 samakwasi.com "-" "Mozilla/5.0 (X11; Ubuntu; Linux x86_64; rv:62.0) Gecko/20100101 Firefox/62.0" "-"
2409:4053:2e88:9ee9:ad61:df40:5077:3438 - - [04/Oct/2019:01:14:37 -0400] "POST /index.php/admin/ HTTP/1.1" 200 3860 samakwasi.com "-" "Mozilla/5.0 (X11; Ubuntu; Linux x86_64; rv:62.0) Gecko/20100101 Firefox/62.0" "-"
2800:810:42d:8731:9516:baf5:84fe:16ff - - [04/Oct/2019:01:15:23 -0400] "POST /index.php/admin/ HTTP/1.1" 200 3860 samakwasi.com "-" "Mozilla/5.0 (X11; Ubuntu; Linux x86_64; rv:62.0) Gecko/20100101 Firefox/62.0" "-"
185.69.29.116 - - [04/Oct/2019:01:15:50 -0400] "POST /index.php/admin/ HTTP/1.1" 200 3860 samakwasi.com "-" "Mozilla/5.0 (X11; Ubuntu; Linux x86_64; rv:62.0) Gecko/20100101 Firefox/62.0" "-"
103.126.62.230 - - [04/Oct/2019:01:15:59 -0400] "POST /admin/ HTTP/1.1" 200 3860 samakwasi.com "-" "Mozilla/5.0 (X11; Ubuntu; Linux x86_64; rv:62.0) Gecko/20100101 Firefox/62.0" "-"
54.83.54.37 - - [04/Oct/2019:01:15:59 -0400] "POST /downloader/index.php HTTP/1.1" 200 2906 samakwasi.com "-" "Mozilla/5.0 (Windows NT 6.1; Win64; x64) AppleWebKit/537.36 (KHTML, like Gecko) Chrome/73.0.3683.103 Safari/537.36" "-"
185.69.29.116 - - [04/Oct/2019:01:16:38 -0400] "POST /admin/ HTTP/1.1" 200 3860 samakwasi.com "-" "Mozilla/5.0 (X11; Ubuntu; Linux x86_64; rv:62.0) Gecko/20100101 Firefox/62.0" "-"
49.205.141.226 - - [04/Oct/2019:01:17:41 -0400] "POST /admin/ HTTP/1.1" 200 3860 samakwasi.com "-" "Mozilla/5.0 (X11; Ubuntu; Linux x86_64; rv:62.0) Gecko/20100101 Firefox/62.0" "-"
198.154.249.92 - - [04/Oct/2019:01:18:03 -0400] "GET /2019.zip HTTP/1.1" 404 35496 samakwasi.com "-" "Mozilla/5.0 (X11; Ubuntu; Linux x86_64; rv:62.0) Gecko/20100101 Firefox/62.0" "-"
103.126.62.230 - - [04/Oct/2019:01:18:13 -0400] "POST /index.php/admin/ HTTP/1.1" 200 3860 samakwasi.com "-" "Mozilla/5.0 (X11; Ubuntu; Linux x86_64; rv:62.0) Gecko/20100101 Firefox/62.0" "-"
103.139.178.8 - - [04/Oct/2019:01:18:36 -0400] "POST /index.php/admin/ HTTP/1.1" 200 3860 samakwasi.com "-" "Mozilla/5.0 (X11; Ubuntu; Linux x86_64; rv:62.0) Gecko/20100101 Firefox/62.0" "-"
2001:ee0:45c8:2f30:71a2:9c06:830:e983 - - [04/Oct/2019:01:18:56 -0400] "POST /admin/ HTTP/1.1" 200 3860 samakwasi.com "-" "Mozilla/5.0 (X11; Ubuntu; Linux x86_64; rv:62.0) Gecko/20100101 Firefox/62.0" "-"
39.43.45.190 - - [04/Oct/2019:01:19:52 -0400] "POST /index.php/admin/ HTTP/1.1" 200 3860 samakwasi.com "-" "Mozilla/5.0 (X11; Ubuntu; Linux x86_64; rv:62.0) Gecko/20100101 Firefox/62.0" "-"
2403:6200:8813:b665:85c9:ab26:2334:d59 - - [04/Oct/2019:01:20:19 -0400] "POST /admin/ HTTP/1.1" 200 3860 samakwasi.com "-" "Mozilla/5.0 (X11; Ubuntu; Linux x86_64; rv:62.0) Gecko/20100101 Firefox/62.0" "-"
161.0.246.12 - - [04/Oct/2019:01:21:41 -0400] "POST /admin/ HTTP/1.1" 200 3860 samakwasi.com "-" "Mozilla/5.0 (X11; Ubuntu; Linux x86_64; rv:62.0) Gecko/20100101 Firefox/62.0" "-"
186.34.38.123 - - [04/Oct/2019:01:22:29 -0400] "POST /index.php/admin/ HTTP/1.1" 200 3860 samakwasi.com "-" "Mozilla/5.0 (X11; Ubuntu; Linux x86_64; rv:62.0) Gecko/20100101 Firefox/62.0" "-"
124.122.94.195 - - [04/Oct/2019:01:23:38 -0400] "POST /admin/ HTTP/1.1" 200 3860 samakwasi.com "-" "Mozilla/5.0 (X11; Ubuntu; Linux x86_64; rv:62.0) Gecko/20100101 Firefox/62.0" "-"
186.34.38.123 - - [04/Oct/2019:01:23:44 -0400] "POST /index.php/admin/ HTTP/1.1" 200 3860 samakwasi.com "-" "Mozilla/5.0 (X11; Ubuntu; Linux x86_64; rv:62.0) Gecko/20100101 Firefox/62.0" "-"
193.227.16.92 - - [04/Oct/2019:01:24:14 -0400] "POST /downloader/index.php HTTP/1.1" 200 2906 samakwasi.com "-" "Mozilla/5.0 (Windows NT 6.1; Win64; x64) AppleWebKit/537.36 (KHTML, like Gecko) Chrome/73.0.3683.103 Safari/537.36" "-"
95.9.89.187 - - [04/Oct/2019:01:24:55 -0400] "POST /admin/ HTTP/1.1" 200 3860 samakwasi.com "-" "Mozilla/5.0 (X11; Ubuntu; Linux x86_64; rv:62.0) Gecko/20100101 Firefox/62.0" "-"
2001:ee0:46db:6d20:f51a:8ba6:fa1f:e488 - - [04/Oct/2019:01:25:02 -0400] "POST /index.php/admin/ HTTP/1.1" 200 3860 samakwasi.com "-" "Mozilla/5.0 (X11; Ubuntu; Linux x86_64; rv:62.0) Gecko/20100101 Firefox/62.0" "-"
117.4.43.223 - - [04/Oct/2019:01:25:43 -0400] "POST /admin/ HTTP/1.1" 200 3860 samakwasi.com "-" "Mozilla/5.0 (X11; Ubuntu; Linux x86_64; rv:62.0) Gecko/20100101 Firefox/62.0" "-"
2800:810:42d:8731:9516:baf5:84fe:16ff - - [04/Oct/2019:01:25:44 -0400] "POST /index.php/admin/ HTTP/1.1" 200 3860 samakwasi.com "-" "Mozilla/5.0 (X11; Ubuntu; Linux x86_64; rv:62.0) Gecko/20100101 Firefox/62.0" "-"
2001:ee0:46db:6d20:f51a:8ba6:fa1f:e488 - - [04/Oct/2019:01:26:10 -0400] "POST /admin/ HTTP/1.1" 200 3860 samakwasi.com "-" "Mozilla/5.0 (X11; Ubuntu; Linux x86_64; rv:62.0) Gecko/20100101 Firefox/62.0" "-"
2001:ee0:4001:8ca3:5c4d:40c5:a009:74f5 - - [04/Oct/2019:01:28:32 -0400] "POST /admin/ HTTP/1.1" 200 3860 samakwasi.com "-" "Mozilla/5.0 (X11; Ubuntu; Linux x86_64; rv:62.0) Gecko/20100101 Firefox/62.0" "-"
2001:ee0:46db:6d20:f51a:8ba6:fa1f:e488 - - [04/Oct/2019:01:28:33 -0400] "POST /admin/ HTTP/1.1" 200 3860 samakwasi.com "-" "Mozilla/5.0 (X11; Ubuntu; Linux x86_64; rv:62.0) Gecko/20100101 Firefox/62.0" "-"
49.205.141.226 - - [04/Oct/2019:01:29:18 -0400] "POST /index.php/admin/ HTTP/1.1" 200 3860 samakwasi.com "-" "Mozilla/5.0 (X11; Ubuntu; Linux x86_64; rv:62.0) Gecko/20100101 Firefox/62.0" "-"
2409:4063:428f:aabc:c509:3bf:d109:1110 - - [04/Oct/2019:01:29:24 -0400] "POST /index.php/admin/ HTTP/1.1" 200 3860 samakwasi.com "-" "Mozilla/5.0 (X11; Ubuntu; Linux x86_64; rv:62.0) Gecko/20100101 Firefox/62.0" "-"
39.43.45.190 - - [04/Oct/2019:01:29:59 -0400] "POST /admin/ HTTP/1.1" 200 3860 samakwasi.com "-" "Mozilla/5.0 (X11; Ubuntu; Linux x86_64; rv:62.0) Gecko/20100101 Firefox/62.0" "-"
2409:4053:2e88:9ee9:ad61:df40:5077:3438 - - [04/Oct/2019:01:30:15 -0400] "POST /index.php/admin/ HTTP/1.1" 200 3860 samakwasi.com "-" "Mozilla/5.0 (X11; Ubuntu; Linux x86_64; rv:62.0) Gecko/20100101 Firefox/62.0" "-"
186.34.38.123 - - [04/Oct/2019:01:31:24 -0400] "POST /admin/ HTTP/1.1" 200 3860 samakwasi.com "-" "Mozilla/5.0 (X11; Ubuntu; Linux x86_64; rv:62.0) Gecko/20100101 Firefox/62.0" "-"
38.67.5.9 - - [04/Oct/2019:01:32:05 -0400] "POST /downloader/index.php HTTP/1.1" 200 2906 samakwasi.com "-" "Mozilla/5.0 (Windows NT 6.1; Win64; x64) AppleWebKit/537.36 (KHTML, like Gecko) Chrome/73.0.3683.103 Safari/537.36" "-"
1.0.199.130 - - [04/Oct/2019:01:32:33 -0400] "POST /admin/ HTTP/1.1" 200 3860 samakwasi.com "-" "Mozilla/5.0 (X11; Ubuntu; Linux x86_64; rv:62.0) Gecko/20100101 Firefox/62.0" "-"
171.224.178.4 - - [04/Oct/2019:01:33:10 -0400] "POST /index.php/admin/ HTTP/1.1" 200 3860 samakwasi.com "-" "Mozilla/5.0 (X11; Ubuntu; Linux x86_64; rv:62.0) Gecko/20100101 Firefox/62.0" "-"
1.0.199.130 - - [04/Oct/2019:01:33:20 -0400] "POST /index.php/admin/ HTTP/1.1" 200 3860 samakwasi.com "-" "Mozilla/5.0 (X11; Ubuntu; Linux x86_64; rv:62.0) Gecko/20100101 Firefox/62.0" "-"
2409:4053:2e88:9ee9:ad61:df40:5077:3438 - - [04/Oct/2019:01:34:25 -0400] "POST /index.php/admin/ HTTP/1.1" 200 3860 samakwasi.com "-" "Mozilla/5.0 (X11; Ubuntu; Linux x86_64; rv:62.0) Gecko/20100101 Firefox/62.0" "-"
2001:ee0:45d7:9cc0:4567:cc25:628d:baa6 - - [04/Oct/2019:01:34:45 -0400] "POST /admin/ HTTP/1.1" 200 3860 samakwasi.com "-" "Mozilla/5.0 (X11; Ubuntu; Linux x86_64; rv:62.0) Gecko/20100101 Firefox/62.0" "-"
117.4.43.223 - - [04/Oct/2019:01:36:24 -0400] "POST /index.php/admin/ HTTP/1.1" 200 3860 samakwasi.com "-" "Mozilla/5.0 (X11; Ubuntu; Linux x86_64; rv:62.0) Gecko/20100101 Firefox/62.0" "-"
2001:ee0:46db:6d20:f51a:8ba6:fa1f:e488 - - [04/Oct/2019:01:36:44 -0400] "POST /index.php/admin/ HTTP/1.1" 200 3860 samakwasi.com "-" "Mozilla/5.0 (X11; Ubuntu; Linux x86_64; rv:62.0) Gecko/20100101 Firefox/62.0" "-"
95.9.89.187 - - [04/Oct/2019:01:37:28 -0400] "POST /admin/ HTTP/1.1" 200 3860 samakwasi.com "-" "Mozilla/5.0 (X11; Ubuntu; Linux x86_64; rv:62.0) Gecko/20100101 Firefox/62.0" "-"
49.205.141.226 - - [04/Oct/2019:01:37:33 -0400] "POST /index.php/admin/ HTTP/1.1" 200 3860 samakwasi.com "-" "Mozilla/5.0 (X11; Ubuntu; Linux x86_64; rv:62.0) Gecko/20100101 Firefox/62.0" "-"
2001:ee0:45d7:9cc0:4567:cc25:628d:baa6 - - [04/Oct/2019:01:39:05 -0400] "POST /index.php/admin/ HTTP/1.1" 200 3860 samakwasi.com "-" "Mozilla/5.0 (X11; Ubuntu; Linux x86_64; rv:62.0) Gecko/20100101 Firefox/62.0" "-"
161.0.246.12 - - [04/Oct/2019:01:39:31 -0400] "POST /admin/ HTTP/1.1" 200 3860 samakwasi.com "-" "Mozilla/5.0 (X11; Ubuntu; Linux x86_64; rv:62.0) Gecko/20100101 Firefox/62.0" "-"
161.0.246.12 - - [04/Oct/2019:01:40:35 -0400] "POST /admin/ HTTP/1.1" 200 3860 samakwasi.com "-" "Mozilla/5.0 (X11; Ubuntu; Linux x86_64; rv:62.0) Gecko/20100101 Firefox/62.0" "-"
42.118.190.90 - - [04/Oct/2019:01:41:11 -0400] "POST /index.php/admin/ HTTP/1.1" 200 3860 samakwasi.com "-" "Mozilla/5.0 (X11; Ubuntu; Linux x86_64; rv:62.0) Gecko/20100101 Firefox/62.0" "-"
117.4.43.223 - - [04/Oct/2019:01:41:19 -0400] "POST /index.php/admin/ HTTP/1.1" 200 3860 samakwasi.com "-" "Mozilla/5.0 (X11; Ubuntu; Linux x86_64; rv:62.0) Gecko/20100101 Firefox/62.0" "-"
103.83.129.119 - - [04/Oct/2019:01:41:33 -0400] "POST /admin/ HTTP/1.1" 200 3860 samakwasi.com "-" "Mozilla/5.0 (X11; Ubuntu; Linux x86_64; rv:62.0) Gecko/20100101 Firefox/62.0" "-"
109.103.10.217 - - [04/Oct/2019:01:41:37 -0400] "POST /downloader/index.php HTTP/1.1" 200 2906 samakwasi.com "-" "Mozilla/5.0 (Windows NT 6.1; Win64; x64) AppleWebKit/537.36 (KHTML, like Gecko) Chrome/73.0.3683.103 Safari/537.36" "-"
42.118.190.90 - - [04/Oct/2019:01:42:30 -0400] "POST /index.php/admin/ HTTP/1.1" 200 3860 samakwasi.com "-" "Mozilla/5.0 (X11; Ubuntu; Linux x86_64; rv:62.0) Gecko/20100101 Firefox/62.0" "-"
1.0.199.130 - - [04/Oct/2019:01:43:11 -0400] "POST /admin/ HTTP/1.1" 200 3860 samakwasi.com "-" "Mozilla/5.0 (X11; Ubuntu; Linux x86_64; rv:62.0) Gecko/20100101 Firefox/62.0" "-"
103.83.129.119 - - [04/Oct/2019:01:43:26 -0400] "POST /index.php/admin/ HTTP/1.1" 200 3860 samakwasi.com "-" "Mozilla/5.0 (X11; Ubuntu; Linux x86_64; rv:62.0) Gecko/20100101 Firefox/62.0" "-"
103.83.129.119 - - [04/Oct/2019:01:43:40 -0400] "POST /admin/ HTTP/1.1" 200 3860 samakwasi.com "-" "Mozilla/5.0 (X11; Ubuntu; Linux x86_64; rv:62.0) Gecko/20100101 Firefox/62.0" "-"
103.109.92.10 - - [04/Oct/2019:01:44:40 -0400] "POST /admin/ HTTP/1.1" 200 3860 samakwasi.com "-" "Mozilla/5.0 (X11; Ubuntu; Linux x86_64; rv:62.0) Gecko/20100101 Firefox/62.0" "-"
117.4.43.223 - - [04/Oct/2019:01:45:09 -0400] "POST /index.php/admin/ HTTP/1.1" 200 3860 samakwasi.com "-" "Mozilla/5.0 (X11; Ubuntu; Linux x86_64; rv:62.0) Gecko/20100101 Firefox/62.0" "-"
161.0.246.12 - - [04/Oct/2019:01:45:30 -0400] "POST /index.php/admin/ HTTP/1.1" 200 3860 samakwasi.com "-" "Mozilla/5.0 (X11; Ubuntu; Linux x86_64; rv:62.0) Gecko/20100101 Firefox/62.0" "-"
2800:810:42d:8731:9516:baf5:84fe:16ff - - [04/Oct/2019:01:46:22 -0400] "POST /index.php/admin/ HTTP/1.1" 200 3860 samakwasi.com "-" "Mozilla/5.0 (X11; Ubuntu; Linux x86_64; rv:62.0) Gecko/20100101 Firefox/62.0" "-"
42.118.190.90 - - [04/Oct/2019:01:46:56 -0400] "POST /admin/ HTTP/1.1" 200 3860 samakwasi.com "-" "Mozilla/5.0 (X11; Ubuntu; Linux x86_64; rv:62.0) Gecko/20100101 Firefox/62.0" "-"
2a02:2f0e:d910:a00:e57f:5306:d3b5:4ac7 - - [04/Oct/2019:01:47:25 -0400] "POST /index.php/admin/ HTTP/1.1" 200 3860 samakwasi.com "-" "Mozilla/5.0 (X11; Ubuntu; Linux x86_64; rv:62.0) Gecko/20100101 Firefox/62.0" "-"
161.0.246.12 - - [04/Oct/2019:01:47:55 -0400] "POST /admin/ HTTP/1.1" 200 3860 samakwasi.com "-" "Mozilla/5.0 (X11; Ubuntu; Linux x86_64; rv:62.0) Gecko/20100101 Firefox/62.0" "-"
171.224.178.4 - - [04/Oct/2019:01:47:57 -0400] "POST /admin/ HTTP/1.1" 200 3860 samakwasi.com "-" "Mozilla/5.0 (X11; Ubuntu; Linux x86_64; rv:62.0) Gecko/20100101 Firefox/62.0" "-"
2800:810:42d:8731:9516:baf5:84fe:16ff - - [04/Oct/2019:01:48:39 -0400] "POST /admin/ HTTP/1.1" 200 3860 samakwasi.com "-" "Mozilla/5.0 (X11; Ubuntu; Linux x86_64; rv:62.0) Gecko/20100101 Firefox/62.0" "-"
193.227.16.92 - - [04/Oct/2019:01:48:55 -0400] "POST /downloader/index.php HTTP/1.1" 200 2906 samakwasi.com "-" "Mozilla/5.0 (Windows NT 6.1; Win64; x64) AppleWebKit/537.36 (KHTML, like Gecko) Chrome/73.0.3683.103 Safari/537.36" "-"
122.178.50.86 - - [04/Oct/2019:01:49:24 -0400] "POST /index.php/admin/ HTTP/1.1" 200 3860 samakwasi.com "-" "Mozilla/5.0 (X11; Ubuntu; Linux x86_64; rv:62.0) Gecko/20100101 Firefox/62.0" "-"
2001:ee0:45d7:9cc0:4567:cc25:628d:baa6 - - [04/Oct/2019:01:49:30 -0400] "POST /admin/ HTTP/1.1" 200 3860 samakwasi.com "-" "Mozilla/5.0 (X11; Ubuntu; Linux x86_64; rv:62.0) Gecko/20100101 Firefox/62.0" "-"
5.188.62.5 - - [04/Oct/2019:01:49:56 -0400] "GET /index.php/admin/ HTTP/1.1" 200 3714 samakwasi.com "http://samakwasi.com/index.php/admin/" "Mozilla/5.0 (Windows; U; Windows NT 6.1; en-US; rv:1.9.1.6) Gecko/20091201 Firefox/3.5.6 (.NET CLR 3.5.30729)" "-"
5.188.62.5 - - [04/Oct/2019:01:49:56 -0400] "POST /index.php/admin/ HTTP/1.1" 200 3868 samakwasi.com "http://samakwasi.com/index.php/admin/" "Mozilla/5.0 (Windows; U; Windows NT 6.1; en-US; rv:1.9.1.6) Gecko/20091201 Firefox/3.5.6 (.NET CLR 3.5.30729)" "-"
1.0.199.130 - - [04/Oct/2019:01:50:12 -0400] "POST /index.php/admin/ HTTP/1.1" 200 3860 samakwasi.com "-" "Mozilla/5.0 (X11; Ubuntu; Linux x86_64; rv:62.0) Gecko/20100101 Firefox/62.0" "-"
2001:ee0:46db:6d20:f51a:8ba6:fa1f:e488 - - [04/Oct/2019:01:50:28 -0400] "POST /index.php/admin/ HTTP/1.1" 200 3860 samakwasi.com "-" "Mozilla/5.0 (X11; Ubuntu; Linux x86_64; rv:62.0) Gecko/20100101 Firefox/62.0" "-"
186.34.38.123 - - [04/Oct/2019:01:50:50 -0400] "POST /admin/ HTTP/1.1" 200 3860 samakwasi.com "-" "Mozilla/5.0 (X11; Ubuntu; Linux x86_64; rv:62.0) Gecko/20100101 Firefox/62.0" "-"
2001:ee0:45d7:9cc0:4567:cc25:628d:baa6 - - [04/Oct/2019:01:51:30 -0400] "POST /admin/ HTTP/1.1" 200 3860 samakwasi.com "-" "Mozilla/5.0 (X11; Ubuntu; Linux x86_64; rv:62.0) Gecko/20100101 Firefox/62.0" "-"
198.154.249.92 - - [04/Oct/2019:01:52:05 -0400] "GET /2020.7z HTTP/1.1" 404 35494 samakwasi.com "-" "Mozilla/5.0 (X11; Ubuntu; Linux x86_64; rv:62.0) Gecko/20100101 Firefox/62.0" "-"
103.109.92.10 - - [04/Oct/2019:01:52:22 -0400] "POST /index.php/admin/ HTTP/1.1" 200 3860 samakwasi.com "-" "Mozilla/5.0 (X11; Ubuntu; Linux x86_64; rv:62.0) Gecko/20100101 Firefox/62.0" "-"
49.205.141.226 - - [04/Oct/2019:01:52:32 -0400] "POST /admin/ HTTP/1.1" 200 3860 samakwasi.com "-" "Mozilla/5.0 (X11; Ubuntu; Linux x86_64; rv:62.0) Gecko/20100101 Firefox/62.0" "-"
49.205.141.226 - - [04/Oct/2019:01:53:13 -0400] "POST /index.php/admin/ HTTP/1.1" 200 3860 samakwasi.com "-" "Mozilla/5.0 (X11; Ubuntu; Linux x86_64; rv:62.0) Gecko/20100101 Firefox/62.0" "-"
2001:ee0:46db:6d20:f51a:8ba6:fa1f:e488 - - [04/Oct/2019:01:53:55 -0400] "POST /admin/ HTTP/1.1" 200 3860 samakwasi.com "-" "Mozilla/5.0 (X11; Ubuntu; Linux x86_64; rv:62.0) Gecko/20100101 Firefox/62.0" "-"
161.0.246.12 - - [04/Oct/2019:01:54:39 -0400] "POST /index.php/admin/ HTTP/1.1" 200 3860 samakwasi.com "-" "Mozilla/5.0 (X11; Ubuntu; Linux x86_64; rv:62.0) Gecko/20100101 Firefox/62.0" "-"
2a02:2f0e:d910:a00:e57f:5306:d3b5:4ac7 - - [04/Oct/2019:01:54:47 -0400] "POST /admin/ HTTP/1.1" 200 3860 samakwasi.com "-" "Mozilla/5.0 (X11; Ubuntu; Linux x86_64; rv:62.0) Gecko/20100101 Firefox/62.0" "-"
2001:ee0:48dc:a440:dcff:8da:2a8f:cb05 - - [04/Oct/2019:01:55:24 -0400] "POST /index.php/admin/ HTTP/1.1" 200 3860 samakwasi.com "-" "Mozilla/5.0 (X11; Ubuntu; Linux x86_64; rv:62.0) Gecko/20100101 Firefox/62.0" "-"
2001:ee0:45d7:9cc0:4567:cc25:628d:baa6 - - [04/Oct/2019:01:55:45 -0400] "POST /admin/ HTTP/1.1" 200 3860 samakwasi.com "-" "Mozilla/5.0 (X11; Ubuntu; Linux x86_64; rv:62.0) Gecko/20100101 Firefox/62.0" "-"
2402:800:63bb:ff31:ed72:78f1:d023:6423 - - [04/Oct/2019:01:56:47 -0400] "POST /index.php/admin/ HTTP/1.1" 200 3860 samakwasi.com "-" "Mozilla/5.0 (X11; Ubuntu; Linux x86_64; rv:62.0) Gecko/20100101 Firefox/62.0" "-"
2001:ee0:46db:6d20:f51a:8ba6:fa1f:e488 - - [04/Oct/2019:01:56:55 -0400] "POST /admin/ HTTP/1.1" 200 3860 samakwasi.com "-" "Mozilla/5.0 (X11; Ubuntu; Linux x86_64; rv:62.0) Gecko/20100101 Firefox/62.0" "-"
95.217.43.151 - - [04/Oct/2019:01:57:16 -0400] "POST /downloader/index.php HTTP/1.1" 200 2906 samakwasi.com "-" "Mozilla/5.0 (Windows NT 6.1; Win64; x64) AppleWebKit/537.36 (KHTML, like Gecko) Chrome/73.0.3683.103 Safari/537.36" "-"
2001:ee0:45d7:9cc0:4567:cc25:628d:baa6 - - [04/Oct/2019:01:57:37 -0400] "POST /admin/ HTTP/1.1" 200 3860 samakwasi.com "-" "Mozilla/5.0 (X11; Ubuntu; Linux x86_64; rv:62.0) Gecko/20100101 Firefox/62.0" "-"
2001:ee0:48dc:a440:dcff:8da:2a8f:cb05 - - [04/Oct/2019:01:58:35 -0400] "POST /index.php/admin/ HTTP/1.1" 200 3860 samakwasi.com "-" "Mozilla/5.0 (X11; Ubuntu; Linux x86_64; rv:62.0) Gecko/20100101 Firefox/62.0" "-"
124.122.94.195 - - [04/Oct/2019:01:58:47 -0400] "POST /admin/ HTTP/1.1" 200 3860 samakwasi.com "-" "Mozilla/5.0 (X11; Ubuntu; Linux x86_64; rv:62.0) Gecko/20100101 Firefox/62.0" "-"
2a02:2f0e:d910:a00:e57f:5306:d3b5:4ac7 - - [04/Oct/2019:01:59:15 -0400] "POST /index.php/admin/ HTTP/1.1" 200 3860 samakwasi.com "-" "Mozilla/5.0 (X11; Ubuntu; Linux x86_64; rv:62.0) Gecko/20100101 Firefox/62.0" "-"
220.152.115.226 - - [04/Oct/2019:02:00:27 -0400] "POST /admin/ HTTP/1.1" 200 3860 samakwasi.com "-" "Mozilla/5.0 (X11; Ubuntu; Linux x86_64; rv:62.0) Gecko/20100101 Firefox/62.0" "-"
2001:ee0:48dc:a440:dcff:8da:2a8f:cb05 - - [04/Oct/2019:02:00:29 -0400] "POST /index.php/admin/ HTTP/1.1" 200 3860 samakwasi.com "-" "Mozilla/5.0 (X11; Ubuntu; Linux x86_64; rv:62.0) Gecko/20100101 Firefox/62.0" "-"
2001:ee0:45d7:9cc0:4567:cc25:628d:baa6 - - [04/Oct/2019:02:00:37 -0400] "POST /admin/ HTTP/1.1" 200 3860 samakwasi.com "-" "Mozilla/5.0 (X11; Ubuntu; Linux x86_64; rv:62.0) Gecko/20100101 Firefox/62.0" "-"
2001:ee0:4161:fd32:11b5:2fdf:28b5:d684 - - [04/Oct/2019:02:00:44 -0400] "POST /index.php/admin/ HTTP/1.1" 200 3860 samakwasi.com "-" "Mozilla/5.0 (X11; Ubuntu; Linux x86_64; rv:62.0) Gecko/20100101 Firefox/62.0" "-"
2a02:2f0e:d910:a00:e57f:5306:d3b5:4ac7 - - [04/Oct/2019:02:02:17 -0400] "POST /admin/ HTTP/1.1" 200 3860 samakwasi.com "-" "Mozilla/5.0 (X11; Ubuntu; Linux x86_64; rv:62.0) Gecko/20100101 Firefox/62.0" "-"
124.120.179.56 - - [04/Oct/2019:02:02:51 -0400] "POST /admin/ HTTP/1.1" 200 3860 samakwasi.com "-" "Mozilla/5.0 (X11; Ubuntu; Linux x86_64; rv:62.0) Gecko/20100101 Firefox/62.0" "-"
2001:ee0:45d7:9cc0:4567:cc25:628d:baa6 - - [04/Oct/2019:02:02:56 -0400] "POST /index.php/admin/ HTTP/1.1" 200 3860 samakwasi.com "-" "Mozilla/5.0 (X11; Ubuntu; Linux x86_64; rv:62.0) Gecko/20100101 Firefox/62.0" "-"
103.126.62.230 - - [04/Oct/2019:02:04:06 -0400] "POST /index.php/admin/ HTTP/1.1" 200 3860 samakwasi.com "-" "Mozilla/5.0 (X11; Ubuntu; Linux x86_64; rv:62.0) Gecko/20100101 Firefox/62.0" "-"
1.0.199.130 - - [04/Oct/2019:02:04:09 -0400] "POST /admin/ HTTP/1.1" 200 3860 samakwasi.com "-" "Mozilla/5.0 (X11; Ubuntu; Linux x86_64; rv:62.0) Gecko/20100101 Firefox/62.0" "-"
2a02:2f0e:d910:a00:e57f:5306:d3b5:4ac7 - - [04/Oct/2019:02:04:49 -0400] "POST /index.php/admin/ HTTP/1.1" 200 3860 samakwasi.com "-" "Mozilla/5.0 (X11; Ubuntu; Linux x86_64; rv:62.0) Gecko/20100101 Firefox/62.0" "-"
82.196.11.104 - - [04/Oct/2019:02:05:01 -0400] "POST /downloader/index.php HTTP/1.1" 200 2906 samakwasi.com "-" "Mozilla/5.0 (Windows NT 6.1; Win64; x64) AppleWebKit/537.36 (KHTML, like Gecko) Chrome/73.0.3683.103 Safari/537.36" "-"
103.197.177.89 - - [04/Oct/2019:02:06:15 -0400] "POST /admin/ HTTP/1.1" 200 3860 samakwasi.com "-" "Mozilla/5.0 (X11; Ubuntu; Linux x86_64; rv:62.0) Gecko/20100101 Firefox/62.0" "-"
2001:ee0:45d7:9cc0:4567:cc25:628d:baa6 - - [04/Oct/2019:02:06:35 -0400] "POST /index.php/admin/ HTTP/1.1" 200 3860 samakwasi.com "-" "Mozilla/5.0 (X11; Ubuntu; Linux x86_64; rv:62.0) Gecko/20100101 Firefox/62.0" "-"
103.197.177.89 - - [04/Oct/2019:02:07:11 -0400] "POST /admin/ HTTP/1.1" 200 3860 samakwasi.com "-" "Mozilla/5.0 (X11; Ubuntu; Linux x86_64; rv:62.0) Gecko/20100101 Firefox/62.0" "-"
2403:6200:8813:b665:85c9:ab26:2334:d59 - - [04/Oct/2019:02:07:59 -0400] "POST /admin/ HTTP/1.1" 200 3860 samakwasi.com "-" "Mozilla/5.0 (X11; Ubuntu; Linux x86_64; rv:62.0) Gecko/20100101 Firefox/62.0" "-"
117.4.43.223 - - [04/Oct/2019:02:08:21 -0400] "POST /index.php/admin/ HTTP/1.1" 200 3860 samakwasi.com "-" "Mozilla/5.0 (X11; Ubuntu; Linux x86_64; rv:62.0) Gecko/20100101 Firefox/62.0" "-"
186.34.38.123 - - [04/Oct/2019:02:08:40 -0400] "POST /index.php/admin/ HTTP/1.1" 200 3860 samakwasi.com "-" "Mozilla/5.0 (X11; Ubuntu; Linux x86_64; rv:62.0) Gecko/20100101 Firefox/62.0" "-"
2403:6200:8813:b665:85c9:ab26:2334:d59 - - [04/Oct/2019:02:08:45 -0400] "POST /admin/ HTTP/1.1" 200 3860 samakwasi.com "-" "Mozilla/5.0 (X11; Ubuntu; Linux x86_64; rv:62.0) Gecko/20100101 Firefox/62.0" "-"
2001:ee0:45d7:9cc0:4567:cc25:628d:baa6 - - [04/Oct/2019:02:09:47 -0400] "POST /admin/ HTTP/1.1" 200 3860 samakwasi.com "-" "Mozilla/5.0 (X11; Ubuntu; Linux x86_64; rv:62.0) Gecko/20100101 Firefox/62.0" "-"
41.236.233.169 - - [04/Oct/2019:02:09:48 -0400] "POST /index.php/admin/ HTTP/1.1" 200 3860 samakwasi.com "-" "Mozilla/5.0 (X11; Ubuntu; Linux x86_64; rv:62.0) Gecko/20100101 Firefox/62.0" "-"
49.205.141.226 - - [04/Oct/2019:02:10:10 -0400] "POST /index.php/admin/ HTTP/1.1" 200 3860 samakwasi.com "-" "Mozilla/5.0 (X11; Ubuntu; Linux x86_64; rv:62.0) Gecko/20100101 Firefox/62.0" "-"
1.22.45.27 - - [04/Oct/2019:02:10:36 -0400] "POST /admin/ HTTP/1.1" 200 3860 samakwasi.com "-" "Mozilla/5.0 (X11; Ubuntu; Linux x86_64; rv:62.0) Gecko/20100101 Firefox/62.0" "-"
2001:ee0:46db:6d20:f51a:8ba6:fa1f:e488 - - [04/Oct/2019:02:10:56 -0400] "POST /index.php/admin/ HTTP/1.1" 200 3860 samakwasi.com "-" "Mozilla/5.0 (X11; Ubuntu; Linux x86_64; rv:62.0) Gecko/20100101 Firefox/62.0" "-"
2001:ee0:46db:6d20:f51a:8ba6:fa1f:e488 - - [04/Oct/2019:02:11:13 -0400] "POST /admin/ HTTP/1.1" 200 3860 samakwasi.com "-" "Mozilla/5.0 (X11; Ubuntu; Linux x86_64; rv:62.0) Gecko/20100101 Firefox/62.0" "-"
2001:ee0:45d7:9cc0:4567:cc25:628d:baa6 - - [04/Oct/2019:02:11:35 -0400] "POST /index.php/admin/ HTTP/1.1" 200 3860 samakwasi.com "-" "Mozilla/5.0 (X11; Ubuntu; Linux x86_64; rv:62.0) Gecko/20100101 Firefox/62.0" "-"
161.0.246.12 - - [04/Oct/2019:02:11:55 -0400] "POST /admin/ HTTP/1.1" 200 3860 samakwasi.com "-" "Mozilla/5.0 (X11; Ubuntu; Linux x86_64; rv:62.0) Gecko/20100101 Firefox/62.0" "-"
14.161.30.182 - - [04/Oct/2019:02:12:29 -0400] "POST /index.php/admin/ HTTP/1.1" 200 3860 samakwasi.com "-" "Mozilla/5.0 (X11; Ubuntu; Linux x86_64; rv:62.0) Gecko/20100101 Firefox/62.0" "-"
161.0.246.12 - - [04/Oct/2019:02:12:35 -0400] "POST /admin/ HTTP/1.1" 200 3860 samakwasi.com "-" "Mozilla/5.0 (X11; Ubuntu; Linux x86_64; rv:62.0) Gecko/20100101 Firefox/62.0" "-"
2800:810:42d:8731:9516:baf5:84fe:16ff - - [04/Oct/2019:02:13:04 -0400] "POST /index.php/admin/ HTTP/1.1" 200 3860 samakwasi.com "-" "Mozilla/5.0 (X11; Ubuntu; Linux x86_64; rv:62.0) Gecko/20100101 Firefox/62.0" "-"
38.67.5.9 - - [04/Oct/2019:02:13:53 -0400] "POST /downloader/index.php HTTP/1.1" 200 2906 samakwasi.com "-" "Mozilla/5.0 (Windows NT 6.1; Win64; x64) AppleWebKit/537.36 (KHTML, like Gecko) Chrome/73.0.3683.103 Safari/537.36" "-"
14.161.30.182 - - [04/Oct/2019:02:14:02 -0400] "POST /index.php/admin/ HTTP/1.1" 200 3860 samakwasi.com "-" "Mozilla/5.0 (X11; Ubuntu; Linux x86_64; rv:62.0) Gecko/20100101 Firefox/62.0" "-"
103.109.92.10 - - [04/Oct/2019:02:14:10 -0400] "POST /admin/ HTTP/1.1" 200 3860 samakwasi.com "-" "Mozilla/5.0 (X11; Ubuntu; Linux x86_64; rv:62.0) Gecko/20100101 Firefox/62.0" "-"
2409:4063:2012:73d9:3cf2:8ee:2fbe:9f5f - - [04/Oct/2019:02:14:37 -0400] "POST /admin/ HTTP/1.1" 200 3860 samakwasi.com "-" "Mozilla/5.0 (X11; Ubuntu; Linux x86_64; rv:62.0) Gecko/20100101 Firefox/62.0" "-"
103.83.129.119 - - [04/Oct/2019:02:15:18 -0400] "POST /admin/ HTTP/1.1" 200 3860 samakwasi.com "-" "Mozilla/5.0 (X11; Ubuntu; Linux x86_64; rv:62.0) Gecko/20100101 Firefox/62.0" "-"
2001:ee0:46db:6d20:f51a:8ba6:fa1f:e488 - - [04/Oct/2019:02:15:54 -0400] "POST /admin/ HTTP/1.1" 200 3860 samakwasi.com "-" "Mozilla/5.0 (X11; Ubuntu; Linux x86_64; rv:62.0) Gecko/20100101 Firefox/62.0" "-"
78.189.31.100 - - [04/Oct/2019:02:16:02 -0400] "POST /index.php/admin/ HTTP/1.1" 200 3860 samakwasi.com "-" "Mozilla/5.0 (X11; Ubuntu; Linux x86_64; rv:62.0) Gecko/20100101 Firefox/62.0" "-"
2403:6200:8813:b665:85c9:ab26:2334:d59 - - [04/Oct/2019:02:16:21 -0400] "POST /admin/ HTTP/1.1" 200 3860 samakwasi.com "-" "Mozilla/5.0 (X11; Ubuntu; Linux x86_64; rv:62.0) Gecko/20100101 Firefox/62.0" "-"
95.9.89.187 - - [04/Oct/2019:02:16:27 -0400] "POST /index.php/admin/ HTTP/1.1" 200 3860 samakwasi.com "-" "Mozilla/5.0 (X11; Ubuntu; Linux x86_64; rv:62.0) Gecko/20100101 Firefox/62.0" "-"
124.120.179.56 - - [04/Oct/2019:02:17:37 -0400] "POST /index.php/admin/ HTTP/1.1" 200 3860 samakwasi.com "-" "Mozilla/5.0 (X11; Ubuntu; Linux x86_64; rv:62.0) Gecko/20100101 Firefox/62.0" "-"
161.0.246.12 - - [04/Oct/2019:02:17:43 -0400] "POST /index.php/admin/ HTTP/1.1" 200 3860 samakwasi.com "-" "Mozilla/5.0 (X11; Ubuntu; Linux x86_64; rv:62.0) Gecko/20100101 Firefox/62.0" "-"
78.189.31.100 - - [04/Oct/2019:02:17:45 -0400] "POST /admin/ HTTP/1.1" 200 3860 samakwasi.com "-" "Mozilla/5.0 (X11; Ubuntu; Linux x86_64; rv:62.0) Gecko/20100101 Firefox/62.0" "-"
2402:800:63bb:ff31:ed72:78f1:d023:6423 - - [04/Oct/2019:02:18:39 -0400] "POST /index.php/admin/ HTTP/1.1" 200 3860 samakwasi.com "-" "Mozilla/5.0 (X11; Ubuntu; Linux x86_64; rv:62.0) Gecko/20100101 Firefox/62.0" "-"
36.82.234.135 - - [04/Oct/2019:02:18:42 -0400] "POST /admin/ HTTP/1.1" 200 3860 samakwasi.com "-" "Mozilla/5.0 (X11; Ubuntu; Linux x86_64; rv:62.0) Gecko/20100101 Firefox/62.0" "-"
14.161.30.182 - - [04/Oct/2019:02:19:33 -0400] "POST /index.php/admin/ HTTP/1.1" 200 3860 samakwasi.com "-" "Mozilla/5.0 (X11; Ubuntu; Linux x86_64; rv:62.0) Gecko/20100101 Firefox/62.0" "-"
